Archive member included to satisfy reference by file (symbol)

/opt/devkitpro/libgba/lib/libmm.a(mm_mas.o)
                              bn_hw_audio.bn_noflto.o (mmStart)
/opt/devkitpro/libgba/lib/libmm.a(mm_main.o)
                              /opt/devkitpro/libgba/lib/libmm.a(mm_mas.o) (mmCallback)
/opt/devkitpro/libgba/lib/libmm.a(mm_effect.o)
                              bn_hw_audio.bn_noflto.o (mmEffect)
/opt/devkitpro/libgba/lib/libmm.a(mm_mas_arm.o)
                              /opt/devkitpro/libgba/lib/libmm.a(mm_mas.o) (mmAllocChannel)
/opt/devkitpro/libgba/lib/libmm.a(mm_mixer_gba.o)
                              bn_hw_audio.bn_noflto.o (mmVBlank)
/opt/devkitpro/libgba/lib/libmm.a(mm_main_gba.o)
                              /opt/devkitpro/libgba/lib/libmm.a(mm_mixer_gba.o) (mm_vblank_function)
/opt/devkitpro/devkitARM/lib/gcc/arm-none-eabi/16.1.0/thumb/libgcc.a(_call_via_rX.o)
                              /opt/devkitpro/libgba/lib/libmm.a(mm_main_gba.o) (_call_via_r1)
/opt/devkitpro/devkitARM/lib/gcc/arm-none-eabi/16.1.0/thumb/libgcc.a(_aeabi_ldivmod.o)
                              bn_hw_text.o (__aeabi_ldivmod)
/opt/devkitpro/devkitARM/lib/gcc/arm-none-eabi/16.1.0/thumb/libgcc.a(_aeabi_uldivmod.o)
                              bn_hw_text.o (__aeabi_uldivmod)
/opt/devkitpro/devkitARM/lib/gcc/arm-none-eabi/16.1.0/thumb/libgcc.a(_sync_none.o)
                              (__sync_synchronize_none)
/opt/devkitpro/devkitARM/lib/gcc/arm-none-eabi/16.1.0/thumb/libgcc.a(_udivmoddi4.o)
                              /opt/devkitpro/devkitARM/lib/gcc/arm-none-eabi/16.1.0/thumb/libgcc.a(_aeabi_ldivmod.o) (__udivmoddi4)
/opt/devkitpro/devkitARM/lib/gcc/arm-none-eabi/16.1.0/../../../../arm-none-eabi/lib/thumb/libg.a(libc_a-init.o)
                              /opt/devkitpro/devkitARM/lib/gcc/arm-none-eabi/16.1.0/../../../../arm-none-eabi/lib/thumb/gba_crt0.o (__libc_init_array)
/opt/devkitpro/devkitARM/lib/gcc/arm-none-eabi/16.1.0/../../../../arm-none-eabi/lib/thumb/libsysbase.a(libsysbase_libsysbase_a-malloc_vars.o)
                              /opt/devkitpro/devkitARM/lib/gcc/arm-none-eabi/16.1.0/../../../../arm-none-eabi/lib/thumb/gba_crt0.o (fake_heap_end)

Merging object attributes


Discarded input sections

 .text          0x00000000        0x0 /opt/devkitpro/devkitARM/lib/gcc/arm-none-eabi/16.1.0/../../../../arm-none-eabi/lib/thumb/gba_crt0.o
 .data          0x00000000        0x0 /opt/devkitpro/devkitARM/lib/gcc/arm-none-eabi/16.1.0/../../../../arm-none-eabi/lib/thumb/gba_crt0.o
 .bss           0x00000000        0x0 /opt/devkitpro/devkitARM/lib/gcc/arm-none-eabi/16.1.0/../../../../arm-none-eabi/lib/thumb/gba_crt0.o
 .text          0x00000000        0x0 /opt/devkitpro/devkitARM/lib/gcc/arm-none-eabi/16.1.0/thumb/crti.o
 .data          0x00000000        0x0 /opt/devkitpro/devkitARM/lib/gcc/arm-none-eabi/16.1.0/thumb/crti.o
 .bss           0x00000000        0x0 /opt/devkitpro/devkitARM/lib/gcc/arm-none-eabi/16.1.0/thumb/crti.o
 .text          0x00000000        0x0 /opt/devkitpro/devkitARM/lib/gcc/arm-none-eabi/16.1.0/thumb/crtbegin.o
 .data          0x00000000        0x0 /opt/devkitpro/devkitARM/lib/gcc/arm-none-eabi/16.1.0/thumb/crtbegin.o
 .bss           0x00000000        0x0 /opt/devkitpro/devkitARM/lib/gcc/arm-none-eabi/16.1.0/thumb/crtbegin.o
 .rodata.all_implied_fbits
                0x00000000       0x24 /opt/devkitpro/devkitARM/lib/gcc/arm-none-eabi/16.1.0/thumb/crtbegin.o
 .data.__dso_handle
                0x00000000        0x4 /opt/devkitpro/devkitARM/lib/gcc/arm-none-eabi/16.1.0/thumb/crtbegin.o
 .text          0x00000000        0x0 _bn_audio_soundbank.bin.o
 .data          0x00000000        0x0 _bn_audio_soundbank.bin.o
 .bss           0x00000000        0x0 _bn_audio_soundbank.bin.o
 .text          0x00000000        0x0 drop_line_bn_gfx.o
 .data          0x00000000        0x0 drop_line_bn_gfx.o
 .bss           0x00000000        0x0 drop_line_bn_gfx.o
 .text          0x00000000        0x0 fruit_0_bn_gfx.o
 .data          0x00000000        0x0 fruit_0_bn_gfx.o
 .bss           0x00000000        0x0 fruit_0_bn_gfx.o
 .text          0x00000000        0x0 fruit_10_bn_gfx.o
 .data          0x00000000        0x0 fruit_10_bn_gfx.o
 .bss           0x00000000        0x0 fruit_10_bn_gfx.o
 .text          0x00000000        0x0 fruit_1_bn_gfx.o
 .data          0x00000000        0x0 fruit_1_bn_gfx.o
 .bss           0x00000000        0x0 fruit_1_bn_gfx.o
 .text          0x00000000        0x0 fruit_2_bn_gfx.o
 .data          0x00000000        0x0 fruit_2_bn_gfx.o
 .bss           0x00000000        0x0 fruit_2_bn_gfx.o
 .text          0x00000000        0x0 fruit_3_bn_gfx.o
 .data          0x00000000        0x0 fruit_3_bn_gfx.o
 .bss           0x00000000        0x0 fruit_3_bn_gfx.o
 .text          0x00000000        0x0 fruit_4_bn_gfx.o
 .data          0x00000000        0x0 fruit_4_bn_gfx.o
 .bss           0x00000000        0x0 fruit_4_bn_gfx.o
 .text          0x00000000        0x0 fruit_5_bn_gfx.o
[...]
Memory Configuration

Name             Origin             Length             Attributes
rom              0x08000000         0x02000000
iwram            0x03000000         0x00008000
ewram            0x02000000         0x00040000
*default*        0x00000000         0xffffffff

Linker script and memory map

                0x00000000                        __sync_synchronize = __sync_synchronize_none
                0x08000000                        __text_start = ORIGIN (rom)
                0x02040000                        __eheap_end = (ORIGIN (ewram) + LENGTH (ewram))
                0x03000000                        __iwram_start = ORIGIN (iwram)
                0x03008000                        __iwram_top = (ORIGIN (iwram) + LENGTH (iwram))
                0x03007fa0                        __sp_irq = (__iwram_top - 0x60)
                0x03007f00                        __sp_usr = (__sp_irq - 0xa0)
                0x03007ff8                        __irq_flags = 0x3007ff8
                0x08000000                        . = __text_start

.crt0           0x08000000      0x210
 *(.crt0)
 .crt0          0x08000000      0x210 /opt/devkitpro/devkitARM/lib/gcc/arm-none-eabi/16.1.0/../../../../arm-none-eabi/lib/thumb/gba_crt0.o
                0x08000000                _start
                0x080000c4                __boot_method
                0x080000c5                __slave_number
                0x080000e0                start_vector
                0x08000210                        . = ALIGN (0x4)

.init           0x08000210        0xc
 *(SORT_NONE(.init))
 .init          0x08000210        0x4 /opt/devkitpro/devkitARM/lib/gcc/arm-none-eabi/16.1.0/thumb/crti.o
                0x08000210                _init
 .init          0x08000214        0x8 /opt/devkitpro/devkitARM/lib/gcc/arm-none-eabi/16.1.0/thumb/crtn.o

.plt            0x0800021c        0x0
 *(.plt)
                0x0800021c                        . = ALIGN (0x4)

.text           0x08000220    0x18b70
 *(EXCLUDE_FILE(*.iwram*) .text*)
 .text.__do_global_dtors_aux
                0x08000220       0x2c /opt/devkitpro/devkitARM/lib/gcc/arm-none-eabi/16.1.0/thumb/crtbegin.o
 .text.frame_dummy
                0x0800024c       0x24 /opt/devkitpro/devkitARM/lib/gcc/arm-none-eabi/16.1.0/thumb/crtbegin.o
 .text._ZN5suika12creepy_scene6updateEv
                0x08000270       0x3c creepy_scene.o
                0x08000270                suika::creepy_scene::update()
 .text._ZN5suika12creepy_sceneD2Ev
                0x080002ac       0x18 creepy_scene.o
                0x080002ac                suika::creepy_scene::~creepy_scene()
                0x080002ac                suika::creepy_scene::~creepy_scene()
 .text._ZN5suika12creepy_sceneD0Ev
                0x080002c4       0x20 creepy_scene.o
                0x080002c4                suika::creepy_scene::~creepy_scene()
 .text._ZN5suika12creepy_sceneC2ERN2bn21sprite_text_generatorENS_10scene_typeE
                0x080002e4       0x2c creepy_scene.o
                0x080002e4                suika::creepy_scene::creepy_scene(bn::sprite_text_generator&, suika::scene_type)
                0x080002e4                suika::creepy_scene::creepy_scene(bn::sprite_text_generator&, suika::scene_type)
 .text._ZN5suika12_GLOBAL__N_1L14clamp_to_wallsERNS_7fruit_tE
                0x08000310       0xa8 fruit.o
 .text._ZN5suika12fruit_radiusEi
                0x080003b8        0xc fruit.o
                0x080003b8                suika::fruit_radius(int)
 .text._ZN5suika19create_fruit_spriteEiN2bn7fixed_tILi12EEES2_
                0x080003c4       0xb4 fruit.o
                0x080003c4                suika::create_fruit_sprite(int, bn::fixed_t<12>, bn::fixed_t<12>)
 .text._ZN5suika14is_overflowingERKN2bn6vectorINS_7fruit_tELi48EEE
                0x08000478       0x2c fruit.o
                0x08000478                suika::is_overflowing(bn::vector<suika::fruit_t, 48> const&)
 .text._ZN3_bn6assert9show_argsIJA16_ciA4_ciEEEvPKcS5_S5_iDpRKT_
                0x080004a4       0x64 fruit.o
                0x080004a4                void _bn::assert::show_args<char [16], int, char [4], int>(char const*, char const*, char const*, int, char const (&) [16], int const&, char const (&) [4], int const&)
 .text._ZN5suika12step_physicsERN2bn6vectorINS_7fruit_tELi48EEE
                0x08000508      0x2c8 fruit.o
                0x08000508                suika::step_physics(bn::vector<suika::fruit_t, 48>&)
 .text._ZN3_bn6assert9show_argsIA16_cEEvPKcS4_S4_iRKT_
                0x080007d0       0x48 fruit.o
                0x080007d0                void _bn::assert::show_args<char [16]>(char const*, char const*, char const*, int, char const (&) [16])
 .text._ZN5suika12_GLOBAL__N_1L12remove_fruitERN2bn6vectorINS_7fruit_tELi48EEEi
                0x08000818       0xbc fruit.o
 .text._ZN3_bn6assert9show_argsIA15_cEEvPKcS4_S4_iRKT_
                0x080008d4       0x48 fruit.o
                0x080008d4                void _bn::assert::show_args<char [15]>(char const*, char const*, char const*, int, char const (&) [15])
 .text._ZN5suika9try_mergeERN2bn6vectorINS_7fruit_tELi48EEERi
                0x0800091c      0x1a4 fruit.o
                0x0800091c                suika::try_merge(bn::vector<suika::fruit_t, 48>&, int&)
 .text._ZN5suika10game_scene14_refresh_scoreEv.part.0
                0x08000ac0       0x98 game_scene.o
 .text._ZN5suika10game_sceneD2Ev
                0x08000b58      0x17c game_scene.o
                0x08000b58                suika::game_scene::~game_scene()
                0x08000b58                suika::game_scene::~game_scene()
 .text._ZN5suika10game_sceneD0Ev
                0x08000cd4       0x1c game_scene.o
                0x08000cd4                suika::game_scene::~game_scene()
 .text._ZN3_bn6assert9show_argsIJA19_ciA4_ciEEEvPKcS5_S5_iDpRKT_
                0x08000cf0       0x64 game_scene.o
                0x08000cf0                void _bn::assert::show_args<char [19], int, char [4], int>(char const*, char const*, char const*, int, char const (&) [19], int const&, char const (&) [4], int const&)
 .text._ZN2bn7ivectorINS_16sprite_tiles_ptrEE9push_backEOS1_.part.0
                0x08000d54       0x28 game_scene.o
 .text._ZN5suika10game_scene6updateEv
                0x08000d7c      0x704 game_scene.o
                0x08000d7c                suika::game_scene::update()
 .text._ZN5suika10game_sceneC2ERN2bn21sprite_text_generatorE
                0x08001480      0x598 game_scene.o
                0x08001480                suika::game_scene::game_scene(bn::sprite_text_generator&)
                0x08001480                suika::game_scene::game_scene(bn::sprite_text_generator&)
 .text._ZN5suika12_GLOBAL__N_1L9read_saveEv
                0x08001a18       0x30 high_scores.o
 .text._ZN5suika16load_high_scoresEv
                0x08001a48       0x2c high_scores.o
                0x08001a48                suika::load_high_scores()
 .text._ZN5suika17submit_high_scoreEi
                0x08001a74       0x58 high_scores.o
                0x08001a74                suika::submit_high_score(int)
 .text.startup.main
                0x08001acc      0x164 main.o
                0x08001acc                main
 .text._ZN5suika10menu_sceneD2Ev
                0x08001c30       0x54 menu_scene.o
                0x08001c30                suika::menu_scene::~menu_scene()
                0x08001c30                suika::menu_scene::~menu_scene()
 .text._ZN5suika10menu_sceneD0Ev
                0x08001c84       0x5c menu_scene.o
                0x08001c84                suika::menu_scene::~menu_scene()
 .text._ZN5suika10menu_scene16_refresh_optionsEv
                0x08001ce0       0xb4 menu_scene.o
                0x08001ce0                suika::menu_scene::_refresh_options()
 .text._ZN5suika10menu_scene6updateEv
                0x08001d94       0x6c menu_scene.o
                0x08001d94                suika::menu_scene::update()
 .text._ZN5suika10menu_sceneC2ERN2bn21sprite_text_generatorE
                0x08001e00       0x98 menu_scene.o
                0x08001e00                suika::menu_scene::menu_scene(bn::sprite_text_generator&)
                0x08001e00                suika::menu_scene::menu_scene(bn::sprite_text_generator&)
 .text._ZN5suika14settings_sceneD2Ev
                0x08001e98       0x4c settings_scene.o
                0x08001e98                suika::settings_scene::~settings_scene()
                0x08001e98                suika::settings_scene::~settings_scene()
 .text._ZN5suika14settings_sceneD0Ev
                0x08001ee4       0x58 settings_scene.o
                0x08001ee4                suika::settings_scene::~settings_scene()
 .text._ZN5suika14settings_scene14_refresh_titleEv
                0x08001f3c       0x7c settings_scene.o
                0x08001f3c                suika::settings_scene::_refresh_title()
 .text._ZN5suika14settings_scene22_refresh_system_statusEv
                0x08001fb8       0x84 settings_scene.o
                0x08001fb8                suika::settings_scene::_refresh_system_status()
 .text._ZN5suika14settings_scene13_refresh_logsEv
                0x0800203c       0x74 settings_scene.o
                0x0800203c                suika::settings_scene::_refresh_logs()
 .text._ZN5suika14settings_scene18_feed_unlock_comboEv
                0x080020b0       0x8c settings_scene.o
                0x080020b0                suika::settings_scene::_feed_unlock_combo()
 .text._ZN5suika14settings_scene19_refresh_admin_menuEv
                0x0800213c      0x298 settings_scene.o
                0x0800213c                suika::settings_scene::_refresh_admin_menu()
 .text._ZN5suika14settings_scene13_refresh_listEv
                0x080023d4      0x138 settings_scene.o
                0x080023d4                suika::settings_scene::_refresh_list()
 .text._ZN5suika14settings_scene18_refresh_dev_toolsEv
                0x0800250c      0x304 settings_scene.o
                0x0800250c                suika::settings_scene::_refresh_dev_tools()
 .text._ZN5suika14settings_scene16_refresh_optionsEv
                0x08002810       0x70 settings_scene.o
                0x08002810                suika::settings_scene::_refresh_options()
 .text._ZN5suika14settings_sceneC2ERN2bn21sprite_text_generatorE
                0x08002880       0x8c settings_scene.o
                0x08002880                suika::settings_scene::settings_scene(bn::sprite_text_generator&)
                0x08002880                suika::settings_scene::settings_scene(bn::sprite_text_generator&)
 .text._ZN5suika14settings_scene12_update_listEv
                0x0800290c       0xf0 settings_scene.o
                0x0800290c                suika::settings_scene::_update_list()
 .text._ZN5suika14settings_scene13_update_panelEv
                0x080029fc       0xc4 settings_scene.o
                0x080029fc                suika::settings_scene::_update_panel()
 .text._ZN5suika14settings_scene17_update_dev_toolsEv
                0x08002ac0       0xd0 settings_scene.o
                0x08002ac0                suika::settings_scene::_update_dev_tools()
 .text._ZN5suika14settings_scene6updateEv
                0x08002b90       0x6c settings_scene.o
                0x08002b90                suika::settings_scene::update()
 .text._ZN3_bn6assert9show_argsIA16_ciEEvPKcS4_S4_iRKT_RKT0_
                0x08002bfc       0x54 common_info.o
                0x08002bfc                void _bn::assert::show_args<char [16], int>(char const*, char const*, char const*, int, char const (&) [16], int const&)
 .text._ZN3_bn6assert9show_argsIA15_ciEEvPKcS4_S4_iRKT_RKT0_
                0x08002c50       0x54 common_stats.o
                0x08002c50                void _bn::assert::show_args<char [15], int>(char const*, char const*, char const*, int, char const (&) [15], int const&)
 .text._ZN2bn13audio_manager4initEv
                0x08002ca4        0xc bn_audio_manager.o
                0x08002ca4                bn::audio_manager::init()
 .text._ZN2bn13audio_manager7disableEv
                0x08002cb0        0xc bn_audio_manager.o
                0x08002cb0                bn::audio_manager::disable()
 .text._ZN2bn13audio_manager22disable_vblank_handlerEv
                0x08002cbc        0xc bn_audio_manager.o
                0x08002cbc                bn::audio_manager::disable_vblank_handler()
 .text._ZN2bn13audio_manager6updateEv
                0x08002cc8       0x18 bn_audio_manager.o
                0x08002cc8                bn::audio_manager::update()
 .text._ZN2bn13audio_manager6commitEv
                0x08002ce0        0xc bn_audio_manager.o
                0x08002ce0                bn::audio_manager::commit()
 .text._ZN3_bn6assert9show_argsIA18_ciEEvPKcS4_S4_iRKT_RKT0_
                0x08002cec       0x54 bn_audio_manager.o
                0x08002cec                void _bn::assert::show_args<char [18], int>(char const*, char const*, char const*, int, char const (&) [18], int const&)
 .text._ZN3_bn6assert9show_argsIA14_ciEEvPKcS4_S4_iRKT_RKT0_
                0x08002d40       0x54 bn_audio_manager.o
                0x08002d40                void _bn::assert::show_args<char [14], int>(char const*, char const*, char const*, int, char const (&) [14], int const&)
 .text._ZN2bn13audio_manager16execute_commandsEv
                0x08002d94      0x17c bn_audio_manager.o
                0x08002d94                bn::audio_manager::execute_commands()
 .text._ZN3_bn6assert9show_argsIA19_ciEEvPKcS4_S4_iRKT_RKT0_
                0x08002f10       0x54 bn_audio_manager.o
                0x08002f10                void _bn::assert::show_args<char [19], int>(char const*, char const*, char const*, int, char const (&) [19], int const&)
 .text._ZN3_bn6assert9show_argsIA26_ciEEvPKcS4_S4_iRKT_RKT0_
                0x08002f64       0x54 bn_audio_manager.o
                0x08002f64                void _bn::assert::show_args<char [26], int>(char const*, char const*, char const*, int, char const (&) [26], int const&)
 .text._ZN3_bn6assert9show_argsIA33_cEEvPKcS4_S4_iRKT_
                0x08002fb8       0x48 bn_audio_manager.o
                0x08002fb8                void _bn::assert::show_args<char [33]>(char const*, char const*, char const*, int, char const (&) [33])
 .text._ZN2bn13audio_manager15stop_all_soundsEv.part.0
                0x08003000       0x28 bn_audio_manager.o
 .text._ZN3_bn6assert9show_argsIA25_cEEvPKcS4_S4_iRKT_
                0x08003028       0x48 bn_audio_manager.o
                0x08003028                void _bn::assert::show_args<char [25]>(char const*, char const*, char const*, int, char const (&) [25])
 .text._ZN2bn13audio_manager10stop_musicEv
                0x08003070       0x70 bn_audio_manager.o
                0x08003070                bn::audio_manager::stop_music()
 .text._ZN2bn13audio_manager4stopEv
                0x080030e0       0x38 bn_audio_manager.o
                0x080030e0                bn::audio_manager::stop()
 .text._ZN3_bn6assert9show_argsIA24_cEEvPKcS4_S4_iRKT_
                0x08003118       0x48 bn_audio_manager.o
                0x08003118                void _bn::assert::show_args<char [24]>(char const*, char const*, char const*, int, char const (&) [24])
 .text.startup._GLOBAL__sub_I__ZN2bn5audio16update_on_vblankEv
                0x08003160       0x30 bn_audio_manager.o
 .text._ZN2bn18best_fit_allocator4freeEPv
                0x08003190       0x80 bn_best_fit_allocator.o
                0x08003190                bn::best_fit_allocator::free(void*)
 .text._ZN3_bn6assert9show_argsIA23_cEEvPKcS4_S4_iRKT_
                0x08003210       0x48 bn_best_fit_allocator.o
                0x08003210                void _bn::assert::show_args<char [23]>(char const*, char const*, char const*, int, char const (&) [23])
 .text._ZN2bn18best_fit_allocatorD2Ev
                0x08003258       0x34 bn_best_fit_allocator.o
                0x08003258                bn::best_fit_allocator::~best_fit_allocator()
                0x08003258                bn::best_fit_allocator::~best_fit_allocator()
 .text._ZN2bn18best_fit_allocator5allocEi
                0x0800328c       0xe4 bn_best_fit_allocator.o
                0x0800328c                bn::best_fit_allocator::alloc(int)
 .text._ZN3_bn6assert9show_argsIA20_ciEEvPKcS4_S4_iRKT_RKT0_
                0x08003370       0x54 bn_best_fit_allocator.o
                0x08003370                void _bn::assert::show_args<char [20], int>(char const*, char const*, char const*, int, char const (&) [20], int const&)
 .text._ZN3_bn6assert9show_argsIA14_cEEvPKcS4_S4_iRKT_
                0x080033c4       0x48 bn_best_fit_allocator.o
                0x080033c4                void _bn::assert::show_args<char [14]>(char const*, char const*, char const*, int, char const (&) [14])
 .text._ZN3_bn6assert9show_argsIA21_cEEvPKcS4_S4_iRKT_
                0x0800340c       0x48 bn_best_fit_allocator.o
                0x0800340c                void _bn::assert::show_args<char [21]>(char const*, char const*, char const*, int, char const (&) [21])
 .text._ZN2bn18best_fit_allocator5resetEPvi
                0x08003454       0xc4 bn_best_fit_allocator.o
                0x08003454                bn::best_fit_allocator::reset(void*, int)
 .text._ZN2bn17bg_blocks_manager12_GLOBAL__N_1L25_regular_map_blocks_countEii
                0x08003518       0x38 bn_bg_blocks_manager.o
 .text._ZN2bn13ostringstream11append_argsIiJA4_ctEEEvRKT_DpRKT0_.isra.0
                0x08003550       0x24 bn_bg_blocks_manager.o
 .text._ZNK2bn18regular_bg_map_ptr2idEv
                0x08003574       0x18 bn_bg_blocks_manager.o
                0x08003574                bn::regular_bg_map_ptr::id() const
 .text._ZNK2bn18regular_bg_map_ptr10dimensionsEv
                0x0800358c       0x20 bn_bg_blocks_manager.o
                0x0800358c                bn::regular_bg_map_ptr::dimensions() const
 .text._ZNK2bn20regular_bg_tiles_ptr3cbbEv
                0x080035ac       0x18 bn_bg_blocks_manager.o
                0x080035ac                bn::regular_bg_tiles_ptr::cbb() const
 .text._ZNK2bn17affine_bg_map_ptr2idEv
                0x080035c4       0x18 bn_bg_blocks_manager.o
                0x080035c4                bn::affine_bg_map_ptr::id() const
 .text._ZNK2bn17affine_bg_map_ptr10dimensionsEv
                0x080035dc       0x20 bn_bg_blocks_manager.o
                0x080035dc                bn::affine_bg_map_ptr::dimensions() const
 .text._ZNK2bn19affine_bg_tiles_ptr3cbbEv
                0x080035fc       0x18 bn_bg_blocks_manager.o
                0x080035fc                bn::affine_bg_tiles_ptr::cbb() const
 .text._ZN2bn17bg_blocks_manager10log_statusEv
                0x08003614      0x414 bn_bg_blocks_manager.o
                0x08003614                bn::bg_blocks_manager::log_status()
 .text._ZN2bn17bg_blocks_manager15decrease_usagesEi
                0x08003a28       0x98 bn_bg_blocks_manager.o
                0x08003a28                bn::bg_blocks_manager::decrease_usages(int)
 .text._ZN2bn18regular_bg_map_ptrD2Ev
                0x08003ac0       0x18 bn_bg_blocks_manager.o
                0x08003ac0                bn::regular_bg_map_ptr::~regular_bg_map_ptr()
                0x08003ac0                bn::regular_bg_map_ptr::~regular_bg_map_ptr()
 .text._ZN2bn17affine_bg_map_ptrD2Ev
                0x08003ad8       0x18 bn_bg_blocks_manager.o
                0x08003ad8                bn::affine_bg_map_ptr::~affine_bg_map_ptr()
                0x08003ad8                bn::affine_bg_map_ptr::~affine_bg_map_ptr()
 .text._ZN2bn17bg_blocks_manager4initEv
                0x08003af0      0x1d0 bn_bg_blocks_manager.o
                0x08003af0                bn::bg_blocks_manager::init()
 .text._ZN2bn17bg_blocks_manager11must_commitEi
                0x08003cc0       0x18 bn_bg_blocks_manager.o
                0x08003cc0                bn::bg_blocks_manager::must_commit(int)
 .text._ZN3_bn6assert9show_argsIA27_ciEEvPKcS4_S4_iRKT_RKT0_
                0x08003cd8       0x54 bn_bg_blocks_manager.o
                0x08003cd8                void _bn::assert::show_args<char [27], int>(char const*, char const*, char const*, int, char const (&) [27], int const&)
 .text._ZN3_bn6assert9show_argsIJA22_ciA4_ciEEEvPKcS5_S5_iDpRKT_
                0x08003d2c       0x64 bn_bg_blocks_manager.o
                0x08003d2c                void _bn::assert::show_args<char [22], int, char [4], int>(char const*, char const*, char const*, int, char const (&) [22], int const&, char const (&) [4], int const&)
 .text._ZN3_bn6assert9show_argsIJA58_ciA4_ciEEEvPKcS5_S5_iDpRKT_
                0x08003d90       0x64 bn_bg_blocks_manager.o
                0x08003d90                void _bn::assert::show_args<char [58], int, char [4], int>(char const*, char const*, char const*, int, char const (&) [58], int const&, char const (&) [4], int const&)
 .text._ZN3_bn6assert9show_argsIA22_ciEEvPKcS4_S4_iRKT_RKT0_
                0x08003df4       0x54 bn_bg_blocks_manager.o
                0x08003df4                void _bn::assert::show_args<char [22], int>(char const*, char const*, char const*, int, char const (&) [22], int const&)
 .text._ZN3_bn6assert9show_argsIJA44_cPKtA4_cS4_EEEvPKcS7_S7_iDpRKT_
                0x08003e48       0x64 bn_bg_blocks_manager.o
                0x08003e48                void _bn::assert::show_args<char [44], unsigned short const*, char [4], unsigned short const*>(char const*, char const*, char const*, int, char const (&) [44], unsigned short const* const&, char const (&) [4], unsigned short const* const&)
 .text._ZN3_bn6assert9show_argsIJA46_ciA4_ciEEEvPKcS5_S5_iDpRKT_
                0x08003eac       0x64 bn_bg_blocks_manager.o
                0x08003eac                void _bn::assert::show_args<char [46], int, char [4], int>(char const*, char const*, char const*, int, char const (&) [46], int const&, char const (&) [4], int const&)
 .text._ZN3_bn6assert9show_argsIJA37_cbA4_cbEEEvPKcS5_S5_iDpRKT_
                0x08003f10       0x7c bn_bg_blocks_manager.o
                0x08003f10                void _bn::assert::show_args<char [37], bool, char [4], bool>(char const*, char const*, char const*, int, char const (&) [37], bool const&, char const (&) [4], bool const&)
 .text._ZN3_bn6assert9show_argsIA19_cEEvPKcS4_S4_iRKT_
                0x08003f8c       0x48 bn_bg_blocks_manager.o
                0x08003f8c                void _bn::assert::show_args<char [19]>(char const*, char const*, char const*, int, char const (&) [19])
 .text._ZN2bn17bg_blocks_manager12_GLOBAL__N_1L16_find_tiles_implEPKtNS_16compression_typeEib
                0x08003fd4      0x1e0 bn_bg_blocks_manager.o
 .text._ZN3_bn6assert9show_argsIJA34_ciA4_ctEEEvPKcS5_S5_iDpRKT_
                0x080041b4       0x58 bn_bg_blocks_manager.o
                0x080041b4                void _bn::assert::show_args<char [34], int, char [4], unsigned short>(char const*, char const*, char const*, int, char const (&) [34], int const&, char const (&) [4], unsigned short const&)
 .text._ZN3_bn6assert9show_argsIJA36_ciA4_ctEEEvPKcS5_S5_iDpRKT_
                0x0800420c       0x58 bn_bg_blocks_manager.o
                0x0800420c                void _bn::assert::show_args<char [36], int, char [4], unsigned short>(char const*, char const*, char const*, int, char const (&) [36], int const&, char const (&) [4], unsigned short const&)
 .text._ZN3_bn6assert9show_argsIJA54_ciA4_ciEEEvPKcS5_S5_iDpRKT_
                0x08004264       0x64 bn_bg_blocks_manager.o
                0x08004264                void _bn::assert::show_args<char [54], int, char [4], int>(char const*, char const*, char const*, int, char const (&) [54], int const&, char const (&) [4], int const&)
 .text._ZN3_bn6assert9show_argsIA22_cEEvPKcS4_S4_iRKT_
                0x080042c8       0x48 bn_bg_blocks_manager.o
                0x080042c8                void _bn::assert::show_args<char [22]>(char const*, char const*, char const*, int, char const (&) [22])
 .text._ZNK2bn8optionalINS_19affine_bg_tiles_ptrEEptEv.part.0
                0x08004310       0x28 bn_bg_blocks_manager.o
 .text._ZN2bn17bg_blocks_manager22update_regular_map_rowEiii
                0x08004338      0x130 bn_bg_blocks_manager.o
                0x08004338                bn::bg_blocks_manager::update_regular_map_row(int, int, int)
 .text._ZN2bn17bg_blocks_manager22update_regular_map_colEiii
                0x08004468      0x154 bn_bg_blocks_manager.o
                0x08004468                bn::bg_blocks_manager::update_regular_map_col(int, int, int)
 .text._ZN2bn17bg_blocks_manager24set_regular_map_positionEiii
                0x080045bc      0x1bc bn_bg_blocks_manager.o
                0x080045bc                bn::bg_blocks_manager::set_regular_map_position(int, int, int)
 .text._ZN2bn17bg_blocks_manager12_GLOBAL__N_1L12_commit_itemERKNS1_9item_typeE
                0x08004778      0x290 bn_bg_blocks_manager.o
 .text._ZN2bn17bg_blocks_manager6commitEv
                0x08004a08       0x40 bn_bg_blocks_manager.o
                0x08004a08                bn::bg_blocks_manager::commit()
 .text._ZN2bn17bg_blocks_manager21update_affine_map_rowEiii
                0x08004a48       0xe0 bn_bg_blocks_manager.o
                0x08004a48                bn::bg_blocks_manager::update_affine_map_row(int, int, int)
 .text._ZN2bn17bg_blocks_manager23set_affine_map_positionEiii
                0x08004b28      0x184 bn_bg_blocks_manager.o
                0x08004b28                bn::bg_blocks_manager::set_affine_map_position(int, int, int)
 .text._ZN2bn17bg_blocks_manager21update_affine_map_colEiii
                0x08004cac      0x214 bn_bg_blocks_manager.o
                0x08004cac                bn::bg_blocks_manager::update_affine_map_col(int, int, int)
 .text._ZNK2bn8optionalINS_20regular_bg_tiles_ptrEEdeEv.part.0
                0x08004ec0       0x28 bn_bg_blocks_manager.o
 .text._ZNK2bn17affine_bg_map_ptr5tilesEv
                0x08004ee8       0x28 bn_bg_blocks_manager.o
                0x08004ee8                bn::affine_bg_map_ptr::tiles() const
 .text._ZNK2bn18regular_bg_map_ptr7paletteEv
                0x08004f10       0x28 bn_bg_blocks_manager.o
                0x08004f10                bn::regular_bg_map_ptr::palette() const
 .text._ZNK2bn18regular_bg_map_ptr3bppEv
                0x08004f38       0x2c bn_bg_blocks_manager.o
                0x08004f38                bn::regular_bg_map_ptr::bpp() const
 .text._ZNK2bn18regular_bg_map_ptr5tilesEv
                0x08004f64       0x28 bn_bg_blocks_manager.o
                0x08004f64                bn::regular_bg_map_ptr::tiles() const
 .text._ZN3_bn6assert9show_argsIJA34_ciA4_ciEEEvPKcS5_S5_iDpRKT_
                0x08004f8c       0x64 bn_bg_blocks_manager.o
                0x08004f8c                void _bn::assert::show_args<char [34], int, char [4], int>(char const*, char const*, char const*, int, char const (&) [34], int const&, char const (&) [4], int const&)
 .text._ZN3_bn6assert9show_argsIJA38_ciA4_ciEEEvPKcS5_S5_iDpRKT_
                0x08004ff0       0x64 bn_bg_blocks_manager.o
                0x08004ff0                void _bn::assert::show_args<char [38], int, char [4], int>(char const*, char const*, char const*, int, char const (&) [38], int const&, char const (&) [4], int const&)
 .text._ZN2bn17bg_blocks_manager12_GLOBAL__N_1L22_find_regular_map_implERKNS_19regular_bg_map_itemERKNS_20regular_bg_tiles_ptrERKNS_14bg_palette_ptrE
                0x08005054      0x388 bn_bg_blocks_manager.o
 .text._ZNK2bn19regular_bg_map_item8find_mapERKNS_20regular_bg_tiles_ptrERKNS_14bg_palette_ptrE
                0x080053dc       0x28 bn_bg_blocks_manager.o
                0x080053dc                bn::regular_bg_map_item::find_map(bn::regular_bg_tiles_ptr const&, bn::bg_palette_ptr const&) const
 .text._ZN3_bn6assert9show_argsIJA32_cA15_cPKtA16_ciA17_ciA34_cN2bn11string_viewEEEEvPKcSC_SC_iDpRKT_
                0x08005404       0x90 bn_bg_blocks_manager.o
                0x08005404                void _bn::assert::show_args<char [32], char [15], unsigned short const*, char [16], int, char [17], int, char [34], bn::string_view>(char const*, char const*, char const*, int, char const (&) [32], char const (&) [15], unsigned short const* const&, char const (&) [16], int const&, char const (&) [17], int const&, char const (&) [34], bn::string_view const&)
 .text._ZN3_bn6assert9show_argsIA26_cEEvPKcS4_S4_iRKT_
                0x08005494       0x48 bn_bg_blocks_manager.o
                0x08005494                void _bn::assert::show_args<char [26]>(char const*, char const*, char const*, int, char const (&) [26])
 .text._ZN3_bn6assert9show_argsIA46_cEEvPKcS4_S4_iRKT_
                0x080054dc       0x48 bn_bg_blocks_manager.o
                0x080054dc                void _bn::assert::show_args<char [46]>(char const*, char const*, char const*, int, char const (&) [46])
 .text._ZN3_bn6assert9show_argsIJA30_cA13_cPKtA14_ciA15_ciA17_ciA34_cN2bn11string_viewEEEEvPKcSD_SD_iDpRKT_
                0x08005524       0xa0 bn_bg_blocks_manager.o
                0x08005524                void _bn::assert::show_args<char [30], char [13], unsigned short const*, char [14], int, char [15], int, char [17], int, char [34], bn::string_view>(char const*, char const*, char const*, int, char const (&) [30], char const (&) [13], unsigned short const* const&, char const (&) [14], int const&, char const (&) [15], int const&, char const (&) [17], int const&, char const (&) [34], bn::string_view const&)
 .text._ZN3_bn6assert9show_argsIA47_cEEvPKcS4_S4_iRKT_
                0x080055c4       0x48 bn_bg_blocks_manager.o
                0x080055c4                void _bn::assert::show_args<char [47]>(char const*, char const*, char const*, int, char const (&) [47])
 .text._ZN3_bn6assert9show_argsIJA36_cA15_cPKtA16_ciA17_ciA34_cN2bn11string_viewEEEEvPKcSC_SC_iDpRKT_
                0x0800560c       0x90 bn_bg_blocks_manager.o
                0x0800560c                void _bn::assert::show_args<char [36], char [15], unsigned short const*, char [16], int, char [17], int, char [34], bn::string_view>(char const*, char const*, char const*, int, char const (&) [36], char const (&) [15], unsigned short const* const&, char const (&) [16], int const&, char const (&) [17], int const&, char const (&) [34], bn::string_view const&)
 .text._ZN3_bn6assert9show_argsIA17_cEEvPKcS4_S4_iRKT_
                0x0800569c       0x48 bn_bg_blocks_manager.o
                0x0800569c                void _bn::assert::show_args<char [17]>(char const*, char const*, char const*, int, char const (&) [17])
 .text._ZN3_bn6assert9show_argsIJA37_ciA4_ciEEEvPKcS5_S5_iDpRKT_
                0x080056e4       0x64 bn_bg_blocks_manager.o
                0x080056e4                void _bn::assert::show_args<char [37], int, char [4], int>(char const*, char const*, char const*, int, char const (&) [37], int const&, char const (&) [4], int const&)
 .text._ZN2bn17bg_blocks_manager33set_regular_map_tiles_and_paletteEiONS_20regular_bg_tiles_ptrEONS_14bg_palette_ptrE
                0x08005748      0x2a4 bn_bg_blocks_manager.o
                0x08005748                bn::bg_blocks_manager::set_regular_map_tiles_and_palette(int, bn::regular_bg_tiles_ptr&&, bn::bg_palette_ptr&&)
 .text._ZN3_bn6assert9show_argsIJA39_cPKN2bn4tileEA4_ciEEEvPKcS9_S9_iDpRKT_
                0x080059ec       0x64 bn_bg_blocks_manager.o
                0x080059ec                void _bn::assert::show_args<char [39], bn::tile const*, char [4], int>(char const*, char const*, char const*, int, char const (&) [39], bn::tile const* const&, char const (&) [4], int const&)
 .text._ZN3_bn6assert9show_argsIA25_ciEEvPKcS4_S4_iRKT_RKT0_
                0x08005a50       0x54 bn_bg_blocks_manager.o
                0x08005a50                void _bn::assert::show_args<char [25], int>(char const*, char const*, char const*, int, char const (&) [25], int const&)
 .text._ZN2bn14iunordered_mapIPKviNS_17bg_blocks_manager12_GLOBAL__N_115identity_hasherENS_8equal_toIS2_EEE5eraseERKNS8_14const_iteratorE.constprop.0.isra.0
                0x08005aa4      0x1a0 bn_bg_blocks_manager.o
 .text._ZN2bn17bg_blocks_manager6updateEv
                0x08005c44      0x348 bn_bg_blocks_manager.o
                0x08005c44                bn::bg_blocks_manager::update()
 .text._ZN2bn17bg_blocks_manager12_GLOBAL__N_1L12_create_itemEiibONS1_11create_dataE
                0x08005f8c      0x904 bn_bg_blocks_manager.o
 .text._ZN2bn17bg_blocks_manager12_GLOBAL__N_1L12_create_implEONS1_11create_dataE
                0x08006890      0x1f8 bn_bg_blocks_manager.o
 .text._ZN2bn17bg_blocks_manager20create_regular_tilesERKNS_21regular_bg_tiles_itemEb
                0x08006a88      0x13c bn_bg_blocks_manager.o
                0x08006a88                bn::bg_blocks_manager::create_regular_tiles(bn::regular_bg_tiles_item const&, bool)
 .text._ZN2bn17bg_blocks_manager18create_regular_mapERKNS_19regular_bg_map_itemEONS_20regular_bg_tiles_ptrEONS_14bg_palette_ptrEb
                0x08006bc4      0x288 bn_bg_blocks_manager.o
                0x08006bc4                bn::bg_blocks_manager::create_regular_map(bn::regular_bg_map_item const&, bn::regular_bg_tiles_ptr&&, bn::bg_palette_ptr&&, bool)
 .text._ZN2bn18regular_bg_map_ptr6createERKNS_15regular_bg_itemE
                0x08006e4c       0x50 bn_bg_blocks_manager.o
                0x08006e4c                bn::regular_bg_map_ptr::create(bn::regular_bg_item const&)
 .text._ZN2bn17bg_blocks_manager24create_new_regular_tilesERKNS_21regular_bg_tiles_itemEb
                0x08006e9c      0x19c bn_bg_blocks_manager.o
                0x08006e9c                bn::bg_blocks_manager::create_new_regular_tiles(bn::regular_bg_tiles_item const&, bool)
 .text._ZN2bn18regular_bg_map_ptr21set_tiles_and_paletteERKNS_21regular_bg_tiles_itemERKNS_15bg_palette_itemE
                0x08007038      0x150 bn_bg_blocks_manager.o
                0x08007038                bn::regular_bg_map_ptr::set_tiles_and_palette(bn::regular_bg_tiles_item const&, bn::bg_palette_item const&)
 .text._ZN2bn17bg_blocks_manager22create_new_regular_mapERKNS_19regular_bg_map_itemEONS_20regular_bg_tiles_ptrEONS_14bg_palette_ptrEb
                0x08007188      0x34c bn_bg_blocks_manager.o
                0x08007188                bn::bg_blocks_manager::create_new_regular_map(bn::regular_bg_map_item const&, bn::regular_bg_tiles_ptr&&, bn::bg_palette_ptr&&, bool)
 .text._ZN2bn18regular_bg_map_ptr10create_newERKNS_15regular_bg_itemE
                0x080074d4       0x50 bn_bg_blocks_manager.o
                0x080074d4                bn::regular_bg_map_ptr::create_new(bn::regular_bg_item const&)
 .text.startup._GLOBAL__sub_I__ZN2bn7bg_maps16used_cells_countEv
                0x08007524       0x98 bn_bg_blocks_manager.o
 .text.exit._GLOBAL__sub_D__ZN2bn7bg_maps16used_cells_countEv
                0x080075bc       0x50 bn_bg_blocks_manager.o
 .text._ZN2bn11bgs_manager12_GLOBAL__N_1L29_check_unique_regular_big_mapERNS1_9item_typeE.part.0
                0x0800760c       0x58 bn_bgs_manager.o
 .text._ZN2bn13ostringstream11append_argsIiJA4_ciEEEvRKT_DpRKT0_.isra.0
                0x08007664       0x24 bn_bgs_manager.o
 .text._ZN2bn11bgs_manager5hw_idEPv
                0x08007688        0x8 bn_bgs_manager.o
                0x08007688                bn::bgs_manager::hw_id(void*)
 .text._ZN2bn11bgs_manager11hw_positionEPv
                0x08007690        0x4 bn_bgs_manager.o
                0x08007690                bn::bgs_manager::hw_position(void*)
 .text._ZN2bn11bgs_manager14mat_attributesEPv
                0x08007694        0x4 bn_bgs_manager.o
                0x08007694                bn::bgs_manager::mat_attributes(void*)
 .text._ZN2bn11bgs_manager20update_windows_flagsEPj
                0x08007698       0x7c bn_bgs_manager.o
                0x08007698                bn::bgs_manager::update_windows_flags(unsigned int*)
 .text._ZN2bn11bgs_manager28update_regular_map_tiles_cbbEii
                0x08007714       0x90 bn_bgs_manager.o
                0x08007714                bn::bgs_manager::update_regular_map_tiles_cbb(int, int)
 .text._ZN2bn11bgs_manager30update_regular_map_palette_bppEiNS_8bpp_modeE
                0x080077a4       0x98 bn_bgs_manager.o
                0x080077a4                bn::bgs_manager::update_regular_map_palette_bpp(int, bn::bpp_mode)
 .text._ZN2bn11bgs_manager36fill_hblank_effect_regular_positionsEiPKNS_7fixed_tILi12EEEPt
                0x0800783c       0x30 bn_bgs_manager.o
                0x0800783c                bn::bgs_manager::fill_hblank_effect_regular_positions(int, bn::fixed_t<12> const*, unsigned short*)
 .text._ZN2bn11bgs_manager45fill_hblank_effect_pivot_horizontal_positionsEPvPKNS_7fixed_tILi12EEEPj
                0x0800786c       0x28 bn_bgs_manager.o
                0x0800786c                bn::bgs_manager::fill_hblank_effect_pivot_horizontal_positions(void*, bn::fixed_t<12> const*, unsigned int*)
 .text._ZN2bn11bgs_manager43fill_hblank_effect_pivot_vertical_positionsEPvPKNS_7fixed_tILi12EEEPj
                0x08007894       0x28 bn_bgs_manager.o
                0x08007894                bn::bgs_manager::fill_hblank_effect_pivot_vertical_positions(void*, bn::fixed_t<12> const*, unsigned int*)
 .text._ZN2bn11bgs_manager6commitEb
                0x080078bc       0x58 bn_bgs_manager.o
                0x080078bc                bn::bgs_manager::commit(bool)
 .text._ZN2bn11bgs_manager4stopEv
                0x08007914       0x28 bn_bgs_manager.o
                0x08007914                bn::bgs_manager::stop()
 .text._ZN3_bn6assert9show_argsIA17_ciEEvPKcS4_S4_iRKT_RKT0_
                0x0800793c       0x54 bn_bgs_manager.o
                0x0800793c                void _bn::assert::show_args<char [17], int>(char const*, char const*, char const*, int, char const (&) [17], int const&)
 .text._ZN3_bn6assert9show_argsIA30_cEEvPKcS4_S4_iRKT_
                0x08007990       0x48 bn_bgs_manager.o
                0x08007990                void _bn::assert::show_args<char [30]>(char const*, char const*, char const*, int, char const (&) [30])
 .text._ZNK2bn8optionalINS_17affine_bg_map_ptrEEdeEv.part.0
                0x080079d8       0x28 bn_bgs_manager.o
 .text._ZN2bn11bgs_manager11regular_mapEPv
                0x08007a00       0x14 bn_bgs_manager.o
                0x08007a00                bn::bgs_manager::regular_map(void*)
 .text._ZN2bn11bgs_manager10affine_mapEPv
                0x08007a14       0x14 bn_bgs_manager.o
                0x08007a14                bn::bgs_manager::affine_map(void*)
 .text._ZN2bn8optionalINS_17affine_bg_map_ptrEEdeEv.part.0
                0x08007a28       0x28 bn_bgs_manager.o
 .text._ZN2bn18regular_bg_builder11release_mapEv
                0x08007a50       0x58 bn_bgs_manager.o
                0x08007a50                bn::regular_bg_builder::release_map()
 .text._ZN2bn8optionalINS_17affine_bg_map_ptrEEptEv.part.0
                0x08007aa8       0x28 bn_bgs_manager.o
 .text._ZN2bn11bgs_manager15commit_big_mapsEv
                0x08007ad0      0x1f0 bn_bgs_manager.o
                0x08007ad0                bn::bgs_manager::commit_big_maps()
 .text._ZN3_bn6assert9show_argsIJA60_ciA4_ciEEEvPKcS5_S5_iDpRKT_
                0x08007cc0       0x58 bn_bgs_manager.o
                0x08007cc0                void _bn::assert::show_args<char [60], int, char [4], int>(char const*, char const*, char const*, int, char const (&) [60], int const&, char const (&) [4], int const&)
 .text._ZN2bn11bgs_manager12_GLOBAL__N_19item_type18update_regular_mapEv
                0x08007d18      0x1fc bn_bgs_manager.o
 .text._ZN3_bn6assert9show_argsIJA59_ciA4_ciEEEvPKcS5_S5_iDpRKT_
                0x08007f14       0x58 bn_bgs_manager.o
                0x08007f14                void _bn::assert::show_args<char [59], int, char [4], int>(char const*, char const*, char const*, int, char const (&) [59], int const&, char const (&) [4], int const&)
 .text._ZN3_bn6assert9show_argsIJA57_ciA4_ciEEEvPKcS5_S5_iDpRKT_
                0x08007f6c       0x58 bn_bgs_manager.o
                0x08007f6c                void _bn::assert::show_args<char [57], int, char [4], int>(char const*, char const*, char const*, int, char const (&) [57], int const&, char const (&) [4], int const&)
 .text._ZN2bn11bgs_manager14update_camerasEv
                0x08007fc4      0x2ec bn_bgs_manager.o
                0x08007fc4                bn::bgs_manager::update_cameras()
 .text._ZN3_bn6assert9show_argsIA27_cEEvPKcS4_S4_iRKT_
                0x080082b0       0x48 bn_bgs_manager.o
                0x080082b0                void _bn::assert::show_args<char [27]>(char const*, char const*, char const*, int, char const (&) [27])
 .text._ZN2bn11bgs_manager15set_regular_mapEPvONS_18regular_bg_map_ptrE
                0x080082f8       0xcc bn_bgs_manager.o
                0x080082f8                bn::bgs_manager::set_regular_map(void*, bn::regular_bg_map_ptr&&)
 .text._ZN2bn14regular_bg_ptr8set_itemERKNS_15regular_bg_itemE
                0x080083c4       0xac bn_bgs_manager.o
                0x080083c4                bn::regular_bg_ptr::set_item(bn::regular_bg_item const&)
 .text._ZN2bn11bgs_manager37fill_hblank_effect_regular_attributesEPvPKNS_21regular_bg_attributesEPt
                0x08008470       0xf0 bn_bgs_manager.o
                0x08008470                bn::bgs_manager::fill_hblank_effect_regular_attributes(void*, bn::regular_bg_attributes const*, unsigned short*)
 .text._ZN2bn11bgs_manager36fill_hblank_effect_affine_attributesEPvPKNS_20affine_bg_attributesEPt
                0x08008560       0xe8 bn_bgs_manager.o
                0x08008560                bn::bgs_manager::fill_hblank_effect_affine_attributes(void*, bn::affine_bg_attributes const*, unsigned short*)
 .text._ZN3_bn6assert9show_argsIA31_cEEvPKcS4_S4_iRKT_
                0x08008648       0x48 bn_bgs_manager.o
                0x08008648                void _bn::assert::show_args<char [31]>(char const*, char const*, char const*, int, char const (&) [31])
 .text._ZN2bn11bgs_manager15rebuild_handlesEv.part.0
                0x08008690      0x19c bn_bgs_manager.o
 .text._ZN2bn11bgs_manager6updateEv
                0x0800882c      0x1a0 bn_bgs_manager.o
                0x0800882c                bn::bgs_manager::update()
 .text._ZN2bn11bgs_manager12_GLOBAL__N_1L12_insert_itemERNS1_9item_typeE
                0x080089cc      0x124 bn_bgs_manager.o
 .text._ZN3_bn6assert9show_argsIA13_cEEvPKcS4_S4_iRKT_
                0x08008af0       0x48 bn_bgs_manager.o
                0x08008af0                void _bn::assert::show_args<char [13]>(char const*, char const*, char const*, int, char const (&) [13])
 .text._ZN2bn5ipoolINS_11bgs_manager12_GLOBAL__N_19item_typeEE6createIJNS_18regular_bg_builderENS_18regular_bg_map_ptrEEEERS3_DpOT_.part.0
                0x08008b38       0x24 bn_bgs_manager.o
 .text._ZN2bn11bgs_manager6createEONS_18regular_bg_builderE
                0x08008b5c      0x1cc bn_bgs_manager.o
                0x08008b5c                bn::bgs_manager::create(bn::regular_bg_builder&&)
 .text._ZNK2bn15regular_bg_item9create_bgENS_7fixed_tILi12EEES2_
                0x08008d28       0x74 bn_bgs_manager.o
                0x08008d28                bn::regular_bg_item::create_bg(bn::fixed_t<12>, bn::fixed_t<12>) const
 .text._ZN3_bn6assert9show_argsIJA23_ciA4_ciEEEvPKcS5_S5_iDpRKT_
                0x08008d9c       0x58 bn_bgs_manager.o
                0x08008d9c                void _bn::assert::show_args<char [23], int, char [4], int>(char const*, char const*, char const*, int, char const (&) [23], int const&, char const (&) [4], int const&)
 .text._ZN2bn5eraseERNS_7ivectorIPNS_11bgs_manager12_GLOBAL__N_19item_typeEEERKS4_.constprop.0.isra.0
                0x08008df4      0x150 bn_bgs_manager.o
 .text._ZN2bn11bgs_manager15decrease_usagesEPv
                0x08008f44       0xa8 bn_bgs_manager.o
                0x08008f44                bn::bgs_manager::decrease_usages(void*)
 .text._ZN2bn14regular_bg_ptrD2Ev
                0x08008fec       0x18 bn_bgs_manager.o
                0x08008fec                bn::regular_bg_ptr::~regular_bg_ptr()
                0x08008fec                bn::regular_bg_ptr::~regular_bg_ptr()
 .text._ZN2bn14regular_bg_ptr11set_z_orderEi
                0x08009004       0x6c bn_bgs_manager.o
                0x08009004                bn::regular_bg_ptr::set_z_order(int)
 .text._ZN2bn14regular_bg_ptr12set_priorityEi
                0x08009070       0x64 bn_bgs_manager.o
                0x08009070                bn::regular_bg_ptr::set_priority(int)
 .text.startup._GLOBAL__sub_I__ZN2bn3bgs16used_items_countEv
                0x080090d4       0x80 bn_bgs_manager.o
 .text.exit._GLOBAL__sub_D__ZN2bn3bgs16used_items_countEv
                0x08009154       0x14 bn_bgs_manager.o
 .text._ZN2bn10camera_ptrD2Ev
                0x08009168       0x38 bn_cameras_manager.o
                0x08009168                bn::camera_ptr::~camera_ptr()
                0x08009168                bn::camera_ptr::~camera_ptr()
 .text._ZNK2bn10camera_ptr8positionEv
                0x080091a0       0x14 bn_cameras_manager.o
                0x080091a0                bn::camera_ptr::position() const
 .text._ZN2bn15cameras_manager4initEv
                0x080091b4       0x10 bn_cameras_manager.o
                0x080091b4                bn::cameras_manager::init()
 .text._ZN2bn15cameras_manager6updateEv
                0x080091c4       0x28 bn_cameras_manager.o
                0x080091c4                bn::cameras_manager::update()
 .text._ZN2bn4core12_GLOBAL__N_1L11update_implEv
                0x080091ec       0xb0 bn_core.o
 .text._ZN2bn4core12_GLOBAL__N_1L4stopEb.constprop.0
                0x0800929c       0x40 bn_core.o
 .text._ZN2bn4core6updateEv
                0x080092dc       0x78 bn_core.o
                0x080092dc                bn::core::update()
 .text._ZN2bn4core4initERKNS_11string_viewE
                0x08009354       0x94 bn_core.o
                0x08009354                bn::core::init(bn::string_view const&)
 .text._ZN2bn4core4initEv
                0x080093e8       0x18 bn_core.o
                0x080093e8                bn::core::init()
 .text._ZN2bn4core9on_vblankEv
                0x08009400       0x28 bn_core.o
                0x08009400                bn::core::on_vblank()
 .text._ZN3_bn6assert4showEPKcS2_S2_iRKN2bn12istring_baseE
                0x08009428       0x98 bn_core.o
                0x08009428                _bn::assert::show(char const*, char const*, char const*, int, bn::istring_base const&)
 .text.startup._GLOBAL__sub_I__ZN2bn4core4initEv
                0x080094c0       0x40 bn_core.o
 .text._ZN2bn15display_manager12_GLOBAL__N_1L34_update_rect_windows_hw_boundariesEi
                0x08009500       0x84 bn_display_manager.o
 .text._ZN2bn15display_manager4initEv
                0x08009584       0x38 bn_display_manager.o
                0x08009584                bn::display_manager::init()
 .text._ZN2bn15display_manager8set_modeEi
                0x080095bc       0x1c bn_display_manager.o
                0x080095bc                bn::display_manager::set_mode(int)
 .text._ZN2bn15display_manager14set_bg_enabledEib
                0x080095d8       0x1c bn_display_manager.o
                0x080095d8                bn::display_manager::set_bg_enabled(int, bool)
 .text._ZN2bn15display_manager15disable_all_bgsEv
                0x080095f4       0x18 bn_display_manager.o
                0x080095f4                bn::display_manager::disable_all_bgs()
 .text._ZN2bn15display_manager36fill_mosaic_hblank_effect_attributesEPKNS_17mosaic_attributesEPt
                0x0800960c       0x98 bn_display_manager.o
                0x0800960c                bn::display_manager::fill_mosaic_hblank_effect_attributes(bn::mosaic_attributes const*, unsigned short*)
 .text._ZN2bn15display_manager23set_blending_bg_enabledEib
                0x080096a4       0x14 bn_display_manager.o
                0x080096a4                bn::display_manager::set_blending_bg_enabled(int, bool)
 .text._ZN2bn15display_manager32blending_transparency_top_weightEv
                0x080096b8       0x18 bn_display_manager.o
                0x080096b8                bn::display_manager::blending_transparency_top_weight()
 .text._ZN2bn15display_manager35blending_transparency_bottom_weightEv
                0x080096d0       0x28 bn_display_manager.o
                0x080096d0                bn::display_manager::blending_transparency_bottom_weight()
 .text._ZN2bn15display_manager51fill_blending_transparency_hblank_effect_attributesEPKNS_32blending_transparency_attributesEPt
                0x080096f8       0x30 bn_display_manager.o
                0x080096f8                bn::display_manager::fill_blending_transparency_hblank_effect_attributes(bn::blending_transparency_attributes const*, unsigned short*)
 .text._ZN2bn15display_manager21blending_fade_enabledEv
                0x08009728       0x10 bn_display_manager.o
                0x08009728                bn::display_manager::blending_fade_enabled()
 .text._ZN2bn15display_manager39fill_blending_fade_hblank_effect_alphasEPKNS_19blending_fade_alphaEPt
                0x08009738       0x24 bn_display_manager.o
                0x08009738                bn::display_manager::fill_blending_fade_hblank_effect_alphas(bn::blending_fade_alpha const*, unsigned short*)
 .text._ZN2bn15display_manager26update_windows_visible_bgsEv
                0x0800975c       0x10 bn_display_manager.o
                0x0800975c                bn::display_manager::update_windows_visible_bgs()
 .text._ZN2bn15display_manager36rect_window_hw_horizontal_boundariesEi
                0x0800976c       0x18 bn_display_manager.o
                0x0800976c                bn::display_manager::rect_window_hw_horizontal_boundaries(int)
 .text._ZN2bn15display_manager34rect_window_hw_vertical_boundariesEi
                0x08009784       0x18 bn_display_manager.o
                0x08009784                bn::display_manager::rect_window_hw_vertical_boundaries(int)
 .text._ZN2bn15display_manager52fill_rect_window_hblank_effect_horizontal_boundariesERKNS_4pairIiiEEPKNS1_INS_7fixed_tILi12EEES6_EEPt
                0x0800979c      0x13c bn_display_manager.o
                0x0800979c                bn::display_manager::fill_rect_window_hblank_effect_horizontal_boundaries(bn::pair<int, int> const&, bn::pair<bn::fixed_t<12>, bn::fixed_t<12> > const*, unsigned short*)
 .text._ZN2bn15display_manager50fill_rect_window_hblank_effect_vertical_boundariesERKNS_4pairIiiEEPKNS1_INS_7fixed_tILi12EEES6_EEPt
                0x080098d8      0x13c bn_display_manager.o
                0x080098d8                bn::display_manager::fill_rect_window_hblank_effect_vertical_boundaries(bn::pair<int, int> const&, bn::pair<bn::fixed_t<12>, bn::fixed_t<12> > const*, unsigned short*)
 .text._ZN2bn15display_manager36fill_green_swap_hblank_effect_statesEPKbPt
                0x08009a14       0x34 bn_display_manager.o
                0x08009a14                bn::display_manager::fill_green_swap_hblank_effect_states(bool const*, unsigned short*)
 .text._ZN2bn15display_manager14update_camerasEv
                0x08009a48       0x40 bn_display_manager.o
                0x08009a48                bn::display_manager::update_cameras()
 .text._ZN2bn15display_manager6updateEv
                0x08009a88      0x1fc bn_display_manager.o
                0x08009a88                bn::display_manager::update()
 .text._ZN2bn15display_manager6commitEv
                0x08009c84      0x150 bn_display_manager.o
                0x08009c84                bn::display_manager::commit()
 .text._ZN2bn15display_manager4stopEv
                0x08009dd4       0x28 bn_display_manager.o
                0x08009dd4                bn::display_manager::stop()
 .text._ZN3_bn6assert9show_argsIA66_cEEvPKcS4_S4_iRKT_
                0x08009dfc       0x48 bn_display_manager.o
                0x08009dfc                void _bn::assert::show_args<char [66]>(char const*, char const*, char const*, int, char const (&) [66])
 .text.startup._GLOBAL__sub_I__ZNK2bn6window7show_bgERKNS_14regular_bg_ptrE
                0x08009e44       0x7c bn_display_manager.o
 .text.exit._GLOBAL__sub_D__ZNK2bn6window7show_bgERKNS_14regular_bg_ptrE
                0x08009ec0       0x38 bn_display_manager.o
 .text._ZN2bn18igeneric_pool_baseC2EPci
                0x08009ef8       0x10 bn_generic_pool.o
                0x08009ef8                bn::igeneric_pool_base::igeneric_pool_base(char*, int)
                0x08009ef8                bn::igeneric_pool_base::igeneric_pool_base(char*, int)
 .text._ZN2bn18igeneric_pool_base5_freeEPc
                0x08009f08       0x10 bn_generic_pool.o
                0x08009f08                bn::igeneric_pool_base::_free(char*)
 .text._ZN3_bn6assert9show_argsIA18_cEEvPKcS4_S4_iRKT_
                0x08009f18       0x48 bn_generic_pool.o
                0x08009f18                void _bn::assert::show_args<char [18]>(char const*, char const*, char const*, int, char const (&) [18])
 .text._ZN2bn18igeneric_pool_baseD2Ev
                0x08009f60       0x30 bn_generic_pool.o
                0x08009f60                bn::igeneric_pool_base::~igeneric_pool_base()
                0x08009f60                bn::igeneric_pool_base::~igeneric_pool_base()
 .text._ZN2bn18igeneric_pool_base9_allocateEv
                0x08009f90       0x48 bn_generic_pool.o
                0x08009f90                bn::igeneric_pool_base::_allocate()
 .text._ZN2bn12gpio_manager6commitEv
                0x08009fd8       0x48 bn_gpio_manager.o
                0x08009fd8                bn::gpio_manager::commit()
 .text._ZN2bn12gpio_manager4stopEv
                0x0800a020       0x3c bn_gpio_manager.o
                0x0800a020                bn::gpio_manager::stop()
 .text._ZN2bn22hblank_effects_manager12_GLOBAL__N_19item_type18_output_values_ptrEv
                0x0800a05c       0x40 bn_hblank_effects_manager.o
 .text._ZN2bn7type_idINS_4pairIiiEEEENS_9type_id_tEv
                0x0800a09c        0x8 bn_hblank_effects_manager.o
                0x0800a09c                bn::type_id_t bn::type_id<bn::pair<int, int> >()
 .text._ZN2bn7type_idINS_33regular_bg_attributes_hbe_handler15last_value_typeEEENS_9type_id_tEv
                0x0800a0a4        0x8 bn_hblank_effects_manager.o
                0x0800a0a4                bn::type_id_t bn::type_id<bn::regular_bg_attributes_hbe_handler::last_value_type>()
 .text._ZN2bn7type_idINS_32affine_bg_attributes_hbe_handler15last_value_typeEEENS_9type_id_tEv
                0x0800a0ac        0x8 bn_hblank_effects_manager.o
                0x0800a0ac                bn::type_id_t bn::type_id<bn::affine_bg_attributes_hbe_handler::last_value_type>()
 .text._ZN2bn7type_idIiEENS_9type_id_tEv
                0x0800a0b4        0x8 bn_hblank_effects_manager.o
                0x0800a0b4                bn::type_id_t bn::type_id<int>()
 .text._ZN2bn7type_idINS_47affine_bg_pivot_horizontal_position_hbe_handler15last_value_typeEEENS_9type_id_tEv
                0x0800a0bc        0x8 bn_hblank_effects_manager.o
                0x0800a0bc                bn::type_id_t bn::type_id<bn::affine_bg_pivot_horizontal_position_hbe_handler::last_value_type>()
 .text._ZN2bn7type_idINS_45affine_bg_pivot_vertical_position_hbe_handler15last_value_typeEEENS_9type_id_tEv
                0x0800a0c4        0x8 bn_hblank_effects_manager.o
                0x0800a0c4                bn::type_id_t bn::type_id<bn::affine_bg_pivot_vertical_position_hbe_handler::last_value_type>()
 .text._ZN2bn7type_idINS_35sprite_first_attributes_hbe_handler15last_value_typeEEENS_9type_id_tEv
                0x0800a0cc        0x8 bn_hblank_effects_manager.o
                0x0800a0cc                bn::type_id_t bn::type_id<bn::sprite_first_attributes_hbe_handler::last_value_type>()
 .text._ZN2bn7type_idINS_35sprite_second_attributes_last_valueEEENS_9type_id_tEv
                0x0800a0d4        0x8 bn_hblank_effects_manager.o
                0x0800a0d4                bn::type_id_t bn::type_id<bn::sprite_second_attributes_last_value>()
 .text._ZN2bn7type_idINS_17sprite_shape_sizeEEENS_9type_id_tEv
                0x0800a0dc        0x8 bn_hblank_effects_manager.o
                0x0800a0dc                bn::type_id_t bn::type_id<bn::sprite_shape_size>()
 .text._ZN2bn22hblank_effects_manager7disableEv
                0x0800a0e4       0x24 bn_hblank_effects_manager.o
                0x0800a0e4                bn::hblank_effects_manager::disable()
 .text._ZN2bn22hblank_effects_manager6commitEv
                0x0800a108       0x74 bn_hblank_effects_manager.o
                0x0800a108                bn::hblank_effects_manager::commit()
 .text._ZN2bn22hblank_effects_manager12_GLOBAL__N_1L10_is_uint32ENS0_12handler_typeE
                0x0800a17c       0x60 bn_hblank_effects_manager.o
 .text._ZN2bn4iany5valueINS_4pairIiiEEEERT_v.part.0
                0x0800a1dc       0x24 bn_hblank_effects_manager.o
 .text._ZNK2bn4iany5valueINS_4pairIiiEEEERKT_v.part.0
                0x0800a200       0x24 bn_hblank_effects_manager.o
 .text._ZN2bn22hblank_effects_manager12_GLOBAL__N_19item_type12check_updateEv
                0x0800a224     0x1900 bn_hblank_effects_manager.o
 .text._ZN2bn22hblank_effects_manager6updateEv
                0x0800bb24      0x1f4 bn_hblank_effects_manager.o
                0x0800bb24                bn::hblank_effects_manager::update()
 .text._ZN2bn7ivectorIaE9push_backEOa.part.0
                0x0800bd18       0x28 bn_hblank_effects_manager.o
 .text._ZN2bn22hblank_effects_manager4initEv
                0x0800bd40       0xac bn_hblank_effects_manager.o
                0x0800bd40                bn::hblank_effects_manager::init()
 .text._ZN3_bn6assert9show_argsIJA39_cPKN2bn5colorEA4_ciEEEvPKcS9_S9_iDpRKT_
                0x0800bdec       0x64 bn_hblank_effects_manager.o
                0x0800bdec                void _bn::assert::show_args<char [39], bn::color const*, char [4], int>(char const*, char const*, char const*, int, char const (&) [39], bn::color const* const&, char const (&) [4], int const&)
 .text.startup._GLOBAL__sub_I__ZN2bn4hbes10used_countEv
                0x0800be50       0xfc bn_hblank_effects_manager.o
 .text.exit._GLOBAL__sub_D__ZN2bn4hbes10used_countEv
                0x0800bf4c       0x3c bn_hblank_effects_manager.o
 .text._ZN2bn12hdma_manager7disableEv
                0x0800bf88       0x30 bn_hdma_manager.o
                0x0800bf88                bn::hdma_manager::disable()
 .text._ZN2bn12hdma_manager10force_stopEv
                0x0800bfb8       0x3c bn_hdma_manager.o
                0x0800bfb8                bn::hdma_manager::force_stop()
 .text._ZN2bn12hdma_manager6updateEv
                0x0800bff4       0x6c bn_hdma_manager.o
                0x0800bff4                bn::hdma_manager::update()
 .text._ZN2bn12hdma_manager6commitEb
                0x0800c060      0x110 bn_hdma_manager.o
                0x0800c060                bn::hdma_manager::commit(bool)
 .text.startup._GLOBAL__sub_I__ZN2bn4hdma7runningEv
                0x0800c170       0x34 bn_hdma_manager.o
 .text._ZN2bn6keypad7pressedENS0_8key_typeE
                0x0800c1a4       0x10 bn_keypad_manager.o
                0x0800c1a4                bn::keypad::pressed(bn::keypad::key_type)
 .text._ZN2bn6keypad9a_pressedEv
                0x0800c1b4       0x10 bn_keypad_manager.o
                0x0800c1b4                bn::keypad::a_pressed()
 .text._ZN2bn6keypad9b_pressedEv
                0x0800c1c4       0x10 bn_keypad_manager.o
                0x0800c1c4                bn::keypad::b_pressed()
 .text._ZN2bn6keypad13start_pressedEv
                0x0800c1d4       0x10 bn_keypad_manager.o
                0x0800c1d4                bn::keypad::start_pressed()
 .text._ZN2bn6keypad10right_heldEv
                0x0800c1e4       0x10 bn_keypad_manager.o
                0x0800c1e4                bn::keypad::right_held()
 .text._ZN2bn6keypad9left_heldEv
                0x0800c1f4       0x10 bn_keypad_manager.o
                0x0800c1f4                bn::keypad::left_held()
 .text._ZN2bn6keypad10up_pressedEv
                0x0800c204       0x10 bn_keypad_manager.o
                0x0800c204                bn::keypad::up_pressed()
 .text._ZN2bn6keypad12down_pressedEv
                0x0800c214        0xc bn_keypad_manager.o
                0x0800c214                bn::keypad::down_pressed()
 .text._ZN2bn14keypad_manager4stopEv
                0x0800c220        0x4 bn_keypad_manager.o
                0x0800c220                bn::keypad_manager::stop()
 .text._ZN2bn14keypad_manager6updateEv
                0x0800c224       0xa8 bn_keypad_manager.o
                0x0800c224                bn::keypad_manager::update()
 .text._ZN3_bn6assert9show_argsIA24_ciEEvPKcS4_S4_iRKT_RKT0_
                0x0800c2cc       0x54 bn_keypad_manager.o
                0x0800c2cc                void _bn::assert::show_args<char [24], int>(char const*, char const*, char const*, int, char const (&) [24], int const&)
 .text._ZN2bn14keypad_manager4initERKNS_11string_viewE
                0x0800c320       0x58 bn_keypad_manager.o
                0x0800c320                bn::keypad_manager::init(bn::string_view const&)
 .text._ZN2bn12link_manager4initEv
                0x0800c378        0xc bn_link_manager.o
                0x0800c378                bn::link_manager::init()
 .text._ZN2bn12link_manager6activeEv
                0x0800c384        0xc bn_link_manager.o
                0x0800c384                bn::link_manager::active()
 .text._ZN2bn12link_manager7disableEv
                0x0800c390       0x18 bn_link_manager.o
                0x0800c390                bn::link_manager::disable()
 .text._ZN3_bn6assert9show_argsIA28_ciEEvPKcS4_S4_iRKT_RKT0_
                0x0800c3a8       0x54 bn_link_manager.o
                0x0800c3a8                void _bn::assert::show_args<char [28], int>(char const*, char const*, char const*, int, char const (&) [28], int const&)
 .text._ZN2bn3logERKNS_12istring_baseE
                0x0800c3fc        0xc bn_log.o
                0x0800c3fc                bn::log(bn::istring_base const&)
 .text._ZN3_bn9sqrt_implEi
                0x0800c408       0x18 bn_math.o
                0x0800c408                _bn::sqrt_impl(int)
 .text._ZdlPvj  0x0800c420       0x14 bn_memory_manager.o
                0x0800c420                operator delete(void*, unsigned int)
 .text._ZN2bn14memory_manager4initEv
                0x0800c434       0x20 bn_memory_manager.o
                0x0800c434                bn::memory_manager::init()
 .text._ZN3_bn6assert9show_argsIA35_cjEEvPKcS4_S4_iRKT_RKT0_
                0x0800c454       0x54 bn_memory_manager.o
                0x0800c454                void _bn::assert::show_args<char [35], unsigned int>(char const*, char const*, char const*, int, char const (&) [35], unsigned int const&)
 .text._Znwj    0x0800c4a8       0x40 bn_memory_manager.o
                0x0800c4a8                operator new(unsigned int)
 .text.exit._GLOBAL__sub_D__Znwj
                0x0800c4e8       0x14 bn_memory_manager.o
 .text._ZN2bn2hw8palettes9grayscaleEPKNS_5colorEiiPS2_.part.0
                0x0800c4fc       0x40 bn_palettes_manager.o
 .text._ZN2bn14bg_palette_ptrC2ERKS0_
                0x0800c53c       0x2c bn_palettes_manager.o
                0x0800c53c                bn::bg_palette_ptr::bg_palette_ptr(bn::bg_palette_ptr const&)
                0x0800c53c                bn::bg_palette_ptr::bg_palette_ptr(bn::bg_palette_ptr const&)
 .text._ZNK2bn14bg_palette_ptr3bppEv
                0x0800c568       0x20 bn_palettes_manager.o
                0x0800c568                bn::bg_palette_ptr::bpp() const
 .text._ZN2bn18sprite_palette_ptrC2ERKS0_
                0x0800c588       0x1c bn_palettes_manager.o
                0x0800c588                bn::sprite_palette_ptr::sprite_palette_ptr(bn::sprite_palette_ptr const&)
                0x0800c588                bn::sprite_palette_ptr::sprite_palette_ptr(bn::sprite_palette_ptr const&)
 .text._ZNK2bn18sprite_palette_ptr3bppEv
                0x0800c5a4       0x1c bn_palettes_manager.o
                0x0800c5a4                bn::sprite_palette_ptr::bpp() const
 .text._ZNK2bn13palettes_bank10log_statusEv
                0x0800c5c0      0x17c bn_palettes_manager.o
                0x0800c5c0                bn::palettes_bank::log_status() const
 .text._ZNK2bn13palettes_bank20retrieve_commit_dataEv
                0x0800c73c       0x4c bn_palettes_manager.o
                0x0800c73c                bn::palettes_bank::retrieve_commit_data() const
 .text._ZNK2bn13palettes_bank12_same_colorsERKNS_4spanIKNS_5colorEEEi
                0x0800c788       0x4c bn_palettes_manager.o
                0x0800c788                bn::palettes_bank::_same_colors(bn::span<bn::color const> const&, int) const
 .text._ZN2bn13palettes_bank10find_bpp_4ERKNS_4spanIKNS_5colorEEEt
                0x0800c7d4       0xe0 bn_palettes_manager.o
                0x0800c7d4                bn::palettes_bank::find_bpp_4(bn::span<bn::color const> const&, unsigned short)
 .text._ZNK2bn13palettes_bank21_apply_global_effectsEiPNS_5colorE
                0x0800c8b4      0x128 bn_palettes_manager.o
                0x0800c8b4                bn::palettes_bank::_apply_global_effects(int, bn::color*) const
 .text._ZNK2bn13palettes_bank25fill_hblank_effect_colorsEPKNS_5colorEPt
                0x0800c9dc       0x30 bn_palettes_manager.o
                0x0800c9dc                bn::palettes_bank::fill_hblank_effect_colors(bn::color const*, unsigned short*) const
 .text._ZNK2bn13palettes_bank7palette13apply_effectsEiPNS_5colorE
                0x0800ca0c       0xb0 bn_palettes_manager.o
                0x0800ca0c                bn::palettes_bank::palette::apply_effects(int, bn::color*) const
 .text._ZNK2bn13palettes_bank25fill_hblank_effect_colorsEiPKNS_5colorEPt
                0x0800cabc       0x44 bn_palettes_manager.o
                0x0800cabc                bn::palettes_bank::fill_hblank_effect_colors(int, bn::color const*, unsigned short*) const
 .text._ZN2bn13palettes_bank15_update_paletteEi
                0x0800cb00       0x6c bn_palettes_manager.o
                0x0800cb00                bn::palettes_bank::_update_palette(int)
 .text._ZN2bn13palettes_bank6updateEv
                0x0800cb6c      0x124 bn_palettes_manager.o
                0x0800cb6c                bn::palettes_bank::update()
 .text._ZN2bn16palettes_manager20sprite_palettes_bankEv
                0x0800cc90        0x8 bn_palettes_manager.o
                0x0800cc90                bn::palettes_manager::sprite_palettes_bank()
 .text._ZN2bn16palettes_manager16bg_palettes_bankEv
                0x0800cc98        0x8 bn_palettes_manager.o
                0x0800cc98                bn::palettes_manager::bg_palettes_bank()
 .text._ZN2bn16palettes_manager6updateEv
                0x0800cca0       0x20 bn_palettes_manager.o
                0x0800cca0                bn::palettes_manager::update()
 .text._ZN2bn16palettes_manager6commitEb
                0x0800ccc0       0xe4 bn_palettes_manager.o
                0x0800ccc0                bn::palettes_manager::commit(bool)
 .text._ZN2bn16palettes_manager4stopEv
                0x0800cda4       0x20 bn_palettes_manager.o
                0x0800cda4                bn::palettes_manager::stop()
 .text._ZN3_bn6assert9show_argsIA35_cEEvPKcS4_S4_iRKT_
                0x0800cdc4       0x48 bn_palettes_manager.o
                0x0800cdc4                void _bn::assert::show_args<char [35]>(char const*, char const*, char const*, int, char const (&) [35])
 .text._ZN2bn13palettes_bank11colors_hashERKNS_4spanIKNS_5colorEEE
                0x0800ce0c       0x50 bn_palettes_manager.o
                0x0800ce0c                bn::palettes_bank::colors_hash(bn::span<bn::color const> const&)
 .text._ZN3_bn6assert9show_argsIJA43_ciA36_cA42_cEEEvPKcS6_S6_iDpRKT_
                0x0800ce5c       0x64 bn_palettes_manager.o
                0x0800ce5c                void _bn::assert::show_args<char [43], int, char [36], char [42]>(char const*, char const*, char const*, int, char const (&) [43], int const&, char const (&) [36], char const (&) [42])
 .text._ZN2bn13palettes_bank12create_bpp_8ERKNS_4spanIKNS_5colorEEENS_16compression_typeEb
                0x0800cec0      0x24c bn_palettes_manager.o
                0x0800cec0                bn::palettes_bank::create_bpp_8(bn::span<bn::color const> const&, bn::compression_type, bool)
 .text._ZNK2bn15bg_palette_item10decompressENS_4spanINS_5colorEEE
                0x0800d10c      0x188 bn_palettes_manager.o
                0x0800d10c                bn::bg_palette_item::decompress(bn::span<bn::color>) const
 .text._ZNK2bn19sprite_palette_item10decompressENS_4spanINS_5colorEEE
                0x0800d294      0x188 bn_palettes_manager.o
                0x0800d294                bn::sprite_palette_item::decompress(bn::span<bn::color>) const
 .text._ZN2bn13palettes_bank12create_bpp_4ERKNS_4spanIKNS_5colorEEEtb
                0x0800d41c      0x26c bn_palettes_manager.o
                0x0800d41c                bn::palettes_bank::create_bpp_4(bn::span<bn::color const> const&, unsigned short, bool)
 .text._ZN2bn12_GLOBAL__N_1L12_create_implERKNS_15bg_palette_itemEb
                0x0800d688       0xa0 bn_palettes_manager.o
 .text._ZN2bn14bg_palette_ptr6createERKNS_15bg_palette_itemE
                0x0800d728       0x54 bn_palettes_manager.o
                0x0800d728                bn::bg_palette_ptr::create(bn::bg_palette_item const&)
 .text._ZNK2bn15bg_palette_item14create_paletteEv
                0x0800d77c       0x10 bn_palettes_manager.o
                0x0800d77c                bn::bg_palette_item::create_palette() const
 .text._ZN2bn12_GLOBAL__N_1L12_create_implERKNS_19sprite_palette_itemEb
                0x0800d78c       0x88 bn_palettes_manager.o
 .text._ZNK2bn19sprite_palette_item14create_paletteEv
                0x0800d814       0x48 bn_palettes_manager.o
                0x0800d814                bn::sprite_palette_item::create_palette() const
 .text._ZN2bn14bg_palette_ptr10create_newERKNS_15bg_palette_itemE
                0x0800d85c       0x94 bn_palettes_manager.o
                0x0800d85c                bn::bg_palette_ptr::create_new(bn::bg_palette_item const&)
 .text._ZNK2bn15bg_palette_item18create_new_paletteEv
                0x0800d8f0       0x10 bn_palettes_manager.o
                0x0800d8f0                bn::bg_palette_item::create_new_palette() const
 .text._ZN2bn14iunordered_mapItsNS_13palettes_bank15identity_hasherENS_8equal_toItEEE5eraseERKNS5_14const_iteratorE.isra.0
                0x0800d900      0x15c bn_palettes_manager.o
 .text._ZN2bn13palettes_bank15decrease_usagesEi.part.0
                0x0800da5c       0xc4 bn_palettes_manager.o
 .text._ZN2bn14bg_palette_ptrD2Ev
                0x0800db20       0x3c bn_palettes_manager.o
                0x0800db20                bn::bg_palette_ptr::~bg_palette_ptr()
                0x0800db20                bn::bg_palette_ptr::~bg_palette_ptr()
 .text._ZN2bn18sprite_palette_ptrD2Ev
                0x0800db5c       0x30 bn_palettes_manager.o
                0x0800db5c                bn::sprite_palette_ptr::~sprite_palette_ptr()
                0x0800db5c                bn::sprite_palette_ptr::~sprite_palette_ptr()
 .text._ZN2bn14bg_palette_ptraSERKS0_
                0x0800db8c       0x74 bn_palettes_manager.o
                0x0800db8c                bn::bg_palette_ptr::operator=(bn::bg_palette_ptr const&)
 .text._ZN2bn14bg_palette_ptr4findERKNS_15bg_palette_itemE
                0x0800dc00      0x134 bn_palettes_manager.o
                0x0800dc00                bn::bg_palette_ptr::find(bn::bg_palette_item const&)
 .text._ZNK2bn15bg_palette_item12find_paletteEv
                0x0800dd34       0x10 bn_palettes_manager.o
                0x0800dd34                bn::bg_palette_item::find_palette() const
 .text.startup._GLOBAL__sub_I__ZN2bn11bg_palettes17used_colors_countEv
                0x0800dd44      0x1d8 bn_palettes_manager.o
 .text._ZN2bn26sprite_affine_mats_manager12_GLOBAL__N_1L19_sprite_double_sizeILi32ELi16EEEbiiiii
                0x0800df1c       0x84 bn_sprite_affine_mats_manager.o
 .text._ZN2bn26sprite_affine_mats_manager12_GLOBAL__N_1L19_sprite_double_sizeILi16ELi32EEEbiiiii
                0x0800dfa0       0x84 bn_sprite_affine_mats_manager.o
 .text._ZNK2bn21sprite_affine_mat_ptr15horizontal_flipEv
                0x0800e024       0x18 bn_sprite_affine_mats_manager.o
                0x0800e024                bn::sprite_affine_mat_ptr::horizontal_flip() const
 .text._ZNK2bn21sprite_affine_mat_ptr13vertical_flipEv
                0x0800e03c       0x18 bn_sprite_affine_mats_manager.o
                0x0800e03c                bn::sprite_affine_mat_ptr::vertical_flip() const
 .text._ZNK2bn21sprite_affine_mat_ptr16flipped_identityEv
                0x0800e054       0x14 bn_sprite_affine_mats_manager.o
                0x0800e054                bn::sprite_affine_mat_ptr::flipped_identity() const
 .text._ZN2bn26sprite_affine_mats_manager13attach_spriteEiRNS_24intrusive_list_node_typeE
                0x0800e068       0x2c bn_sprite_affine_mats_manager.o
                0x0800e068                bn::sprite_affine_mats_manager::attach_sprite(int, bn::intrusive_list_node_type&)
 .text._ZN2bn26sprite_affine_mats_manager18sprite_double_sizeEiRKNS_17sprite_shape_sizeE
                0x0800e094      0x1d8 bn_sprite_affine_mats_manager.o
                0x0800e094                bn::sprite_affine_mats_manager::sprite_double_size(int, bn::sprite_shape_size const&)
 .text._ZN2bn26sprite_affine_mats_manager20retrieve_commit_dataEv
                0x0800e26c       0x38 bn_sprite_affine_mats_manager.o
                0x0800e26c                bn::sprite_affine_mats_manager::retrieve_commit_data()
 .text._ZN3_bn6assert9show_argsIA37_cEEvPKcS4_S4_iRKT_
                0x0800e2a4       0x48 bn_sprite_affine_mats_manager.o
                0x0800e2a4                void _bn::assert::show_args<char [37]>(char const*, char const*, char const*, int, char const (&) [37])
 .text._ZN2bn7ivectorIaE9push_backEOa.part.0
                0x0800e2ec       0x28 bn_sprite_affine_mats_manager.o
 .text._ZN2bn26sprite_affine_mats_manager15decrease_usagesEi
                0x0800e314       0x4c bn_sprite_affine_mats_manager.o
                0x0800e314                bn::sprite_affine_mats_manager::decrease_usages(int)
 .text._ZN2bn26sprite_affine_mats_manager6updateEv
                0x0800e360       0x90 bn_sprite_affine_mats_manager.o
                0x0800e360                bn::sprite_affine_mats_manager::update()
 .text._ZN2bn26sprite_affine_mats_manager4initEPv
                0x0800e3f0       0x44 bn_sprite_affine_mats_manager.o
                0x0800e3f0                bn::sprite_affine_mats_manager::init(void*)
 .text._ZN2bn21sprite_affine_mat_ptrD2Ev
                0x0800e434       0x60 bn_sprite_affine_mats_manager.o
                0x0800e434                bn::sprite_affine_mat_ptr::~sprite_affine_mat_ptr()
                0x0800e434                bn::sprite_affine_mat_ptr::~sprite_affine_mat_ptr()
 .text._ZN2bn26sprite_affine_mats_manager14dettach_spriteEiRNS_24intrusive_list_node_typeE
                0x0800e494       0x54 bn_sprite_affine_mats_manager.o
                0x0800e494                bn::sprite_affine_mats_manager::dettach_sprite(int, bn::intrusive_list_node_type&)
 .text.startup._GLOBAL__sub_I__ZN2bn18sprite_affine_mats10used_countEv
                0x0800e4e8       0x98 bn_sprite_affine_mats_manager.o
 .text.exit._GLOBAL__sub_D__ZN2bn18sprite_affine_mats10used_countEv
                0x0800e580       0x3c bn_sprite_affine_mats_manager.o
 .text._ZN2bn15sprites_manager12_GLOBAL__N_1L25_update_indexes_to_commitERKNS_20sprites_manager_itemE
                0x0800e5bc       0x4c bn_sprites_manager.o
 .text._ZN2bn13ostringstream11append_argsIiJA4_ciEEEvRKT_DpRKT0_.isra.0
                0x0800e608       0x24 bn_sprites_manager.o
 .text._ZN2bn15sprites_manager12_GLOBAL__N_1L23_update_item_dimensionsERNS_20sprites_manager_itemE
                0x0800e62c       0xc0 bn_sprites_manager.o
 .text._ZN2bn10sprite_ptrC2ERKS0_
                0x0800e6ec        0xc bn_sprites_manager.o
                0x0800e6ec                bn::sprite_ptr::sprite_ptr(bn::sprite_ptr const&)
                0x0800e6ec                bn::sprite_ptr::sprite_ptr(bn::sprite_ptr const&)
 .text._ZNK2bn10sprite_ptr1xEv
                0x0800e6f8        0x8 bn_sprites_manager.o
                0x0800e6f8                bn::sprite_ptr::x() const
 .text._ZN2bn10sprite_ptr5set_xENS_7fixed_tILi12EEE
                0x0800e700       0x48 bn_sprites_manager.o
                0x0800e700                bn::sprite_ptr::set_x(bn::fixed_t<12>)
 .text._ZNK2bn10sprite_ptr1yEv
                0x0800e748        0x8 bn_sprites_manager.o
                0x0800e748                bn::sprite_ptr::y() const
 .text._ZN2bn10sprite_ptr12set_positionENS_7fixed_tILi12EEES2_
                0x0800e750       0x70 bn_sprites_manager.o
                0x0800e750                bn::sprite_ptr::set_position(bn::fixed_t<12>, bn::fixed_t<12>)
 .text._ZN2bn10sprite_ptr11set_visibleEb
                0x0800e7c0       0x68 bn_sprites_manager.o
                0x0800e7c0                bn::sprite_ptr::set_visible(bool)
 .text._ZN2bn15sprites_manager4initEv
                0x0800e828       0x40 bn_sprites_manager.o
                0x0800e828                bn::sprites_manager::init()
 .text._ZN2bn15sprites_manager5hw_idEPv
                0x0800e868        0x8 bn_sprites_manager.o
                0x0800e868                bn::sprites_manager::hw_id(void*)
 .text._ZN2bn15sprites_manager5shapeEPv
                0x0800e870        0x8 bn_sprites_manager.o
                0x0800e870                bn::sprites_manager::shape(void*)
 .text._ZN2bn15sprites_manager4sizeEPv
                0x0800e878        0x8 bn_sprites_manager.o
                0x0800e878                bn::sprites_manager::size(void*)
 .text._ZN2bn15sprites_manager10shape_sizeEPv
                0x0800e880       0x14 bn_sprites_manager.o
                0x0800e880                bn::sprites_manager::shape_size(void*)
 .text._ZN2bn15sprites_manager11hw_positionEPv
                0x0800e894        0x4 bn_sprites_manager.o
                0x0800e894                bn::sprites_manager::hw_position(void*)
 .text._ZN2bn15sprites_manager9view_modeEPv
                0x0800e898        0xc bn_sprites_manager.o
                0x0800e898                bn::sprites_manager::view_mode(void*)
 .text._ZN2bn15sprites_manager10affine_matEPv
                0x0800e8a4        0x4 bn_sprites_manager.o
                0x0800e8a4                bn::sprites_manager::affine_mat(void*)
 .text._ZN2bn15sprites_manager39fill_hblank_effect_horizontal_positionsEPviPKNS_7fixed_tILi12EEEPt
                0x0800e8a8       0x4c bn_sprites_manager.o
                0x0800e8a8                bn::sprites_manager::fill_hblank_effect_horizontal_positions(void*, int, bn::fixed_t<12> const*, unsigned short*)
 .text._ZN2bn15sprites_manager37fill_hblank_effect_vertical_positionsEPviPKNS_7fixed_tILi12EEEPt
                0x0800e8f4       0x4c bn_sprites_manager.o
                0x0800e8f4                bn::sprites_manager::fill_hblank_effect_vertical_positions(void*, int, bn::fixed_t<12> const*, unsigned short*)
 .text._ZN2bn15sprites_manager35fill_hblank_effect_first_attributesEiNS_12sprite_shapeENS_8bpp_modeEiPKNS_23sprite_first_attributesEPt
                0x0800e940       0xc8 bn_sprites_manager.o
                0x0800e940                bn::sprites_manager::fill_hblank_effect_first_attributes(int, bn::sprite_shape, bn::bpp_mode, int, bn::sprite_first_attributes const*, unsigned short*)
 .text._ZN2bn15sprites_manager44fill_hblank_effect_regular_second_attributesEPviNS_11sprite_sizeEPKNS_32sprite_regular_second_attributesEPt
                0x0800ea08       0x60 bn_sprites_manager.o
                0x0800ea08                bn::sprites_manager::fill_hblank_effect_regular_second_attributes(void*, int, bn::sprite_size, bn::sprite_regular_second_attributes const*, unsigned short*)
 .text._ZN2bn15sprites_manager43fill_hblank_effect_affine_second_attributesEPviNS_11sprite_sizeEPKNS_31sprite_affine_second_attributesEPt
                0x0800ea68       0x58 bn_sprites_manager.o
                0x0800ea68                bn::sprites_manager::fill_hblank_effect_affine_second_attributes(void*, int, bn::sprite_size, bn::sprite_affine_second_attributes const*, unsigned short*)
 .text._ZN2bn15sprites_manager14update_camerasEv
                0x0800eac0       0x28 bn_sprites_manager.o
                0x0800eac0                bn::sprites_manager::update_cameras()
 .text._ZN2bn15sprites_manager6commitEb
                0x0800eae8       0xa4 bn_sprites_manager.o
                0x0800eae8                bn::sprites_manager::commit(bool)
 .text._ZN3_bn6assert9show_argsIA54_cEEvPKcS4_S4_iRKT_
                0x0800eb8c       0x48 bn_sprites_manager.o
                0x0800eb8c                void _bn::assert::show_args<char [54]>(char const*, char const*, char const*, int, char const (&) [54])
 .text._ZNK2bn17sprite_shape_size11tiles_countENS_8bpp_modeE.isra.0
                0x0800ebd4      0x140 bn_sprites_manager.o
 .text._ZN2bn8optionalINS_18sprite_palette_ptrEEdeEv.part.0
                0x0800ed14       0x28 bn_sprites_manager.o
 .text._ZN2bn15sprites_manager12_GLOBAL__N_1L18_remove_affine_matERNS_20sprites_manager_itemE
                0x0800ed3c       0xb0 bn_sprites_manager.o
 .text._ZN2bn15sprites_manager40remove_identity_affine_mat_if_not_neededEPv
                0x0800edec       0x18 bn_sprites_manager.o
                0x0800edec                bn::sprites_manager::remove_identity_affine_mat_if_not_needed(void*)
 .text._ZN2bn14sprite_builder13release_tilesEv
                0x0800ee04       0x58 bn_sprites_manager.o
                0x0800ee04                bn::sprite_builder::release_tiles()
 .text._ZN2bn14sprite_builder15release_paletteEv
                0x0800ee5c       0x58 bn_sprites_manager.o
                0x0800ee5c                bn::sprite_builder::release_palette()
 .text._ZN2bn8optionalINS_16sprite_tiles_ptrEEptEv.part.0
                0x0800eeb4       0x28 bn_sprites_manager.o
 .text._ZNK2bn8optionalINS_16sprite_tiles_ptrEEdeEv.part.0
                0x0800eedc       0x28 bn_sprites_manager.o
 .text._ZN2bn15sprites_manager7paletteEPv
                0x0800ef04       0x14 bn_sprites_manager.o
                0x0800ef04                bn::sprites_manager::palette(void*)
 .text._ZN2bn20sprites_manager_item13_builder_initERKNS_14sprite_builderE
                0x0800ef18      0x31c bn_sprites_manager.o
                0x0800ef18                bn::sprites_manager_item::_builder_init(bn::sprite_builder const&)
 .text._ZN2bn14sprite_builder11set_z_orderEi
                0x0800f234       0x44 bn_sprites_manager.o
                0x0800f234                bn::sprite_builder::set_z_order(int)
 .text._ZN2bn14sprite_builderC2ERKNS_17sprite_shape_sizeENS_16sprite_tiles_ptrENS_18sprite_palette_ptrE
                0x0800f278      0x100 bn_sprites_manager.o
                0x0800f278                bn::sprite_builder::sprite_builder(bn::sprite_shape_size const&, bn::sprite_tiles_ptr, bn::sprite_palette_ptr)
                0x0800f278                bn::sprite_builder::sprite_builder(bn::sprite_shape_size const&, bn::sprite_tiles_ptr, bn::sprite_palette_ptr)
 .text._ZN2bn15sprites_manager9set_tilesEPvRKNS_16sprite_tiles_ptrE
                0x0800f378       0xe8 bn_sprites_manager.o
                0x0800f378                bn::sprites_manager::set_tiles(void*, bn::sprite_tiles_ptr const&)
 .text._ZN2bn10sprite_ptr9set_tilesERKNS_16sprite_tiles_ptrE
                0x0800f460       0x10 bn_sprites_manager.o
                0x0800f460                bn::sprite_ptr::set_tiles(bn::sprite_tiles_ptr const&)
 .text._ZN2bn14sprite_builder15set_bg_priorityEi
                0x0800f470       0x38 bn_sprites_manager.o
                0x0800f470                bn::sprite_builder::set_bg_priority(int)
 .text._ZN2bn15sprites_manager6updateEv
                0x0800f4a8      0x170 bn_sprites_manager.o
                0x0800f4a8                bn::sprites_manager::update()
 .text._ZN3_bn6assert9show_argsIJA27_ciA4_ciEEEvPKcS5_S5_iDpRKT_
                0x0800f618       0x58 bn_sprites_manager.o
                0x0800f618                void _bn::assert::show_args<char [27], int, char [4], int>(char const*, char const*, char const*, int, char const (&) [27], int const&, char const (&) [4], int const&)
 .text._ZN2bn15sprites_manager35fill_hblank_effect_third_attributesENS_17sprite_shape_sizeEPKNS_23sprite_third_attributesEPt
                0x0800f670       0xc4 bn_sprites_manager.o
                0x0800f670                bn::sprites_manager::fill_hblank_effect_third_attributes(bn::sprite_shape_size, bn::sprite_third_attributes const*, unsigned short*)
 .text._ZN2bn14sorted_sprites6sorter6insertERNS_20sprites_manager_itemE
                0x0800f734      0x170 bn_sprites_manager.o
                0x0800f734                bn::sorted_sprites::sorter::insert(bn::sprites_manager_item&)
 .text._ZN2bn15sprites_manager6createERKNS_11fixed_pointERKNS_17sprite_shape_sizeEONS_16sprite_tiles_ptrEONS_18sprite_palette_ptrE
                0x0800f8a4      0x1cc bn_sprites_manager.o
                0x0800f8a4                bn::sprites_manager::create(bn::fixed_point const&, bn::sprite_shape_size const&, bn::sprite_tiles_ptr&&, bn::sprite_palette_ptr&&)
 .text._ZNK2bn11sprite_item13create_spriteENS_7fixed_tILi12EEES2_
                0x0800fa70       0x44 bn_sprites_manager.o
                0x0800fa70                bn::sprite_item::create_sprite(bn::fixed_t<12>, bn::fixed_t<12>) const
 .text._ZN2bn15sprites_manager6createEONS_14sprite_builderE
                0x0800fab4      0x16c bn_sprites_manager.o
                0x0800fab4                bn::sprites_manager::create(bn::sprite_builder&&)
 .text._ZN2bn10sprite_ptr6createEONS_14sprite_builderE
                0x0800fc20       0x14 bn_sprites_manager.o
                0x0800fc20                bn::sprite_ptr::create(bn::sprite_builder&&)
 .text._ZN2bn14intrusive_listINS_20sprites_manager_itemEE5eraseERS1_.part.0
                0x0800fc34       0x28 bn_sprites_manager.o
 .text._ZN2bn15sprites_manager15set_bg_priorityEPvi
                0x0800fc5c      0x134 bn_sprites_manager.o
                0x0800fc5c                bn::sprites_manager::set_bg_priority(void*, int)
 .text._ZN2bn10sprite_ptr15set_bg_priorityEi
                0x0800fd90       0x10 bn_sprites_manager.o
                0x0800fd90                bn::sprite_ptr::set_bg_priority(int)
 .text._ZN2bn15sprites_manager15decrease_usagesEPv
                0x0800fda0      0x164 bn_sprites_manager.o
                0x0800fda0                bn::sprites_manager::decrease_usages(void*)
 .text._ZN2bn10sprite_ptraSERKS0_
                0x0800ff04       0x28 bn_sprites_manager.o
                0x0800ff04                bn::sprite_ptr::operator=(bn::sprite_ptr const&)
 .text._ZN2bn10sprite_ptrD2Ev
                0x0800ff2c       0x18 bn_sprites_manager.o
                0x0800ff2c                bn::sprite_ptr::~sprite_ptr()
                0x0800ff2c                bn::sprite_ptr::~sprite_ptr()
 .text._ZN2bn10sprite_ptr11set_z_orderEi
                0x0800ff44      0x134 bn_sprites_manager.o
                0x0800ff44                bn::sprite_ptr::set_z_order(int)
 .text.startup._GLOBAL__sub_I__ZN2bn7sprites16used_items_countEv
                0x08010078       0x98 bn_sprites_manager.o
 .text.exit._GLOBAL__sub_D__ZN2bn7sprites16used_items_countEv
                0x08010110       0x4c bn_sprites_manager.o
 .text._ZN2bn21sprite_text_generator5_initEv
                0x0801015c      0x178 bn_sprite_text_generator.o
                0x0801015c                bn::sprite_text_generator::_init()
 .text._ZN2bn21sprite_text_generatorC2ERKNS_11sprite_fontE
                0x080102d4       0x2c bn_sprite_text_generator.o
                0x080102d4                bn::sprite_text_generator::sprite_text_generator(bn::sprite_font const&)
                0x080102d4                bn::sprite_text_generator::sprite_text_generator(bn::sprite_font const&)
 .text._ZNK2bn17sprite_tiles_item18graphics_tiles_refEi.part.0
                0x08010300       0x24 bn_sprite_text_generator.o
 .text._ZN3_bn6assert9show_argsIJA25_ciA4_ctEEEvPKcS5_S5_iDpRKT_
                0x08010324       0x64 bn_sprite_text_generator.o
                0x08010324                void _bn::assert::show_args<char [25], int, char [4], unsigned short>(char const*, char const*, char const*, int, char const (&) [25], int const&, char const (&) [4], unsigned short const&)
 .text._ZN2bn8optionalINS_16sprite_tiles_ptrEEdeEv.part.0
                0x08010388       0x28 bn_sprite_text_generator.o
 .text._ZN2bn8optionalINS_4spanINS_4tileEEEEptEv.part.0
                0x080103b0       0x28 bn_sprite_text_generator.o
 .text._ZN2bn14utf8_characterC2ERKc
                0x080103d8      0x144 bn_sprite_text_generator.o
                0x080103d8                bn::utf8_character::utf8_character(char const&)
                0x080103d8                bn::utf8_character::utf8_character(char const&)
 .text._ZN2bn12_GLOBAL__N_1L15_graphics_indexEcRKNS_23utf8_characters_map_refEPKcRi.part.0
                0x0801051c       0x8c bn_sprite_text_generator.o
 .text._ZN2bn21sprite_text_generator16set_palette_itemERKNS_19sprite_palette_itemE
                0x080105a8       0x3c bn_sprite_text_generator.o
                0x080105a8                bn::sprite_text_generator::set_palette_item(bn::sprite_palette_item const&)
 .text._ZN3_bn6assert9show_argsIJA20_ccA9_cN2bn11string_viewEA2_cEEEvPKcS8_S8_iDpRKT_
                0x080105e4       0x6c bn_sprite_text_generator.o
                0x080105e4                void _bn::assert::show_args<char [20], char, char [9], bn::string_view, char [2]>(char const*, char const*, char const*, int, char const (&) [20], char const&, char const (&) [9], bn::string_view const&, char const (&) [2])
 .text._ZNK2bn21sprite_text_generator5widthERKNS_11string_viewE
                0x08010650      0x240 bn_sprite_text_generator.o
                0x08010650                bn::sprite_text_generator::width(bn::string_view const&) const
 .text._ZN3_bn6assert9show_argsIA55_cEEvPKcS4_S4_iRKT_
                0x08010890       0x48 bn_sprite_text_generator.o
                0x08010890                void _bn::assert::show_args<char [55]>(char const*, char const*, char const*, int, char const (&) [55])
 .text._ZN2bn12_GLOBAL__N_1L20_build_sprite_assertILNS_11sprite_sizeE1EEEPNS_4tileERKNS_21sprite_text_generatorERKNS_18sprite_palette_ptrERKNS_11fixed_pointERNS_7ivectorINS_10sprite_ptrEEE
                0x080108d8      0x190 bn_sprite_text_generator.o
 .text._ZN2bn12_GLOBAL__N_1L20_build_sprite_assertILNS_11sprite_sizeE2EEEPNS_4tileERKNS_21sprite_text_generatorERKNS_18sprite_palette_ptrERKNS_11fixed_pointERNS_7ivectorINS_10sprite_ptrEEE
                0x08010a68      0x190 bn_sprite_text_generator.o
 .text._ZN2bn12_GLOBAL__N_1L9_generateILb0EEEbRKNS_21sprite_text_generatorERKNS_11fixed_pointERKNS_11string_viewERKNS_23utf8_characters_map_refEiibRNS_7ivectorINS_10sprite_ptrEEE.isra.0
                0x08010bf8     0x10d8 bn_sprite_text_generator.o
 .text._ZNK2bn21sprite_text_generator8generateENS_7fixed_tILi12EEES2_RKNS_11string_viewERNS_7ivectorINS_10sprite_ptrEEE
                0x08011cd0       0x40 bn_sprite_text_generator.o
                0x08011cd0                bn::sprite_text_generator::generate(bn::fixed_t<12>, bn::fixed_t<12>, bn::string_view const&, bn::ivector<bn::sprite_ptr>&) const
 .text._ZN2bn16sprite_tiles_ptrC2ERKS0_
                0x08011d10       0x18 bn_sprite_tiles_manager.o
                0x08011d10                bn::sprite_tiles_ptr::sprite_tiles_ptr(bn::sprite_tiles_ptr const&)
                0x08011d10                bn::sprite_tiles_ptr::sprite_tiles_ptr(bn::sprite_tiles_ptr const&)
 .text._ZNK2bn16sprite_tiles_ptr2idEv
                0x08011d28       0x18 bn_sprite_tiles_manager.o
                0x08011d28                bn::sprite_tiles_ptr::id() const
 .text._ZNK2bn16sprite_tiles_ptr11tiles_countEv
                0x08011d40       0x18 bn_sprite_tiles_manager.o
                0x08011d40                bn::sprite_tiles_ptr::tiles_count() const
 .text._ZN2bn20sprite_tiles_manager10log_statusEv
                0x08011d58      0x1e8 bn_sprite_tiles_manager.o
                0x08011d58                bn::sprite_tiles_manager::log_status()
 .text._ZN2bn20sprite_tiles_manager19commit_uncompressedEb
                0x08011f40       0xc4 bn_sprite_tiles_manager.o
                0x08011f40                bn::sprite_tiles_manager::commit_uncompressed(bool)
 .text._ZN2bn20sprite_tiles_manager17commit_compressedEv
                0x08012004       0xdc bn_sprite_tiles_manager.o
                0x08012004                bn::sprite_tiles_manager::commit_compressed()
 .text._ZNK2bn17sprite_tiles_item18graphics_tiles_refEv.part.0
                0x080120e0       0x24 bn_sprite_tiles_manager.o
 .text._ZNK2bn17sprite_tiles_item18graphics_tiles_refEi.part.0
                0x08012104       0x24 bn_sprite_tiles_manager.o
 .text._ZN3_bn6assert9show_argsIJA44_cPKN2bn4tileEA4_cS6_EEEvPKcS9_S9_iDpRKT_
                0x08012128       0x64 bn_sprite_tiles_manager.o
                0x08012128                void _bn::assert::show_args<char [44], bn::tile const*, char [4], bn::tile const*>(char const*, char const*, char const*, int, char const (&) [44], bn::tile const* const&, char const (&) [4], bn::tile const* const&)
 .text._ZN3_bn6assert9show_argsIJA46_ciA4_cjEEEvPKcS5_S5_iDpRKT_
                0x0801218c       0x64 bn_sprite_tiles_manager.o
                0x0801218c                void _bn::assert::show_args<char [46], int, char [4], unsigned int>(char const*, char const*, char const*, int, char const (&) [46], int const&, char const (&) [4], unsigned int const&)
 .text._ZN3_bn6assert9show_argsIJA28_cA15_cPKN2bn4tileEA16_ciA34_cNS4_11string_viewEEEEvPKcSC_SC_iDpRKT_
                0x080121f0       0x7c bn_sprite_tiles_manager.o
                0x080121f0                void _bn::assert::show_args<char [28], char [15], bn::tile const*, char [16], int, char [34], bn::string_view>(char const*, char const*, char const*, int, char const (&) [28], char const (&) [15], bn::tile const* const&, char const (&) [16], int const&, char const (&) [34], bn::string_view const&)