Archive member included to satisfy reference by file (symbol)

/opt/devkitpro/libgba/lib/libmm.a(mm_mas.o)
                              bn_hw_audio.bn_noflto.o (mmStart)
/opt/devkitpro/libgba/lib/libmm.a(mm_main.o)
                              /opt/devkitpro/libgba/lib/libmm.a(mm_mas.o) (mmCallback)
/opt/devkitpro/libgba/lib/libmm.a(mm_effect.o)
                              bn_hw_audio.bn_noflto.o (mmEffect)
/opt/devkitpro/libgba/lib/libmm.a(mm_mas_arm.o)
                              /opt/devkitpro/libgba/lib/libmm.a(mm_mas.o) (mmAllocChannel)
/opt/devkitpro/libgba/lib/libmm.a(mm_mixer_gba.o)
                              bn_hw_audio.bn_noflto.o (mmVBlank)
/opt/devkitpro/libgba/lib/libmm.a(mm_main_gba.o)
                              /opt/devkitpro/libgba/lib/libmm.a(mm_mixer_gba.o) (mm_vblank_function)
/opt/devkitpro/devkitARM/lib/gcc/arm-none-eabi/16.1.0/thumb/libgcc.a(_call_via_rX.o)
                              /opt/devkitpro/libgba/lib/libmm.a(mm_main_gba.o) (_call_via_r1)
/opt/devkitpro/devkitARM/lib/gcc/arm-none-eabi/16.1.0/thumb/libgcc.a(_aeabi_ldivmod.o)
                              bn_hw_text.o (__aeabi_ldivmod)
/opt/devkitpro/devkitARM/lib/gcc/arm-none-eabi/16.1.0/thumb/libgcc.a(_aeabi_uldivmod.o)
                              bn_hw_text.o (__aeabi_uldivmod)
/opt/devkitpro/devkitARM/lib/gcc/arm-none-eabi/16.1.0/thumb/libgcc.a(_sync_none.o)
                              (__sync_synchronize_none)
/opt/devkitpro/devkitARM/lib/gcc/arm-none-eabi/16.1.0/thumb/libgcc.a(_udivmoddi4.o)
                              /opt/devkitpro/devkitARM/lib/gcc/arm-none-eabi/16.1.0/thumb/libgcc.a(_aeabi_ldivmod.o) (__udivmoddi4)
/opt/devkitpro/devkitARM/lib/gcc/arm-none-eabi/16.1.0/../../../../arm-none-eabi/lib/thumb/libg.a(libc_a-init.o)
                              /opt/devkitpro/devkitARM/lib/gcc/arm-none-eabi/16.1.0/../../../../arm-none-eabi/lib/thumb/gba_crt0.o (__libc_init_array)
/opt/devkitpro/devkitARM/lib/gcc/arm-none-eabi/16.1.0/../../../../arm-none-eabi/lib/thumb/libsysbase.a(libsysbase_libsysbase_a-malloc_vars.o)
                              /opt/devkitpro/devkitARM/lib/gcc/arm-none-eabi/16.1.0/../../../../arm-none-eabi/lib/thumb/gba_crt0.o (fake_heap_end)

Merging object attributes


Discarded input sections

 .text          0x00000000        0x0 /opt/devkitpro/devkitARM/lib/gcc/arm-none-eabi/16.1.0/../../../../arm-none-eabi/lib/thumb/gba_crt0.o
 .data          0x00000000        0x0 /opt/devkitpro/devkitARM/lib/gcc/arm-none-eabi/16.1.0/../../../../arm-none-eabi/lib/thumb/gba_crt0.o
 .bss           0x00000000        0x0 /opt/devkitpro/devkitARM/lib/gcc/arm-none-eabi/16.1.0/../../../../arm-none-eabi/lib/thumb/gba_crt0.o
 .text          0x00000000        0x0 /opt/devkitpro/devkitARM/lib/gcc/arm-none-eabi/16.1.0/thumb/crti.o
 .data          0x00000000        0x0 /opt/devkitpro/devkitARM/lib/gcc/arm-none-eabi/16.1.0/thumb/crti.o
 .bss           0x00000000        0x0 /opt/devkitpro/devkitARM/lib/gcc/arm-none-eabi/16.1.0/thumb/crti.o
 .text          0x00000000        0x0 /opt/devkitpro/devkitARM/lib/gcc/arm-none-eabi/16.1.0/thumb/crtbegin.o
 .data          0x00000000        0x0 /opt/devkitpro/devkitARM/lib/gcc/arm-none-eabi/16.1.0/thumb/crtbegin.o
 .bss           0x00000000        0x0 /opt/devkitpro/devkitARM/lib/gcc/arm-none-eabi/16.1.0/thumb/crtbegin.o
 .rodata.all_implied_fbits
                0x00000000       0x24 /opt/devkitpro/devkitARM/lib/gcc/arm-none-eabi/16.1.0/thumb/crtbegin.o
 .data.__dso_handle
                0x00000000        0x4 /opt/devkitpro/devkitARM/lib/gcc/arm-none-eabi/16.1.0/thumb/crtbegin.o
 .text          0x00000000        0x0 _bn_audio_soundbank.bin.o
 .data          0x00000000        0x0 _bn_audio_soundbank.bin.o
 .bss           0x00000000        0x0 _bn_audio_soundbank.bin.o
 .text          0x00000000        0x0 fruit_0_bn_gfx.o
 .data          0x00000000        0x0 fruit_0_bn_gfx.o
 .bss           0x00000000        0x0 fruit_0_bn_gfx.o
 .text          0x00000000        0x0 fruit_10_bn_gfx.o
 .data          0x00000000        0x0 fruit_10_bn_gfx.o
 .bss           0x00000000        0x0 fruit_10_bn_gfx.o
 .text          0x00000000        0x0 fruit_1_bn_gfx.o
 .data          0x00000000        0x0 fruit_1_bn_gfx.o
 .bss           0x00000000        0x0 fruit_1_bn_gfx.o
 .text          0x00000000        0x0 fruit_2_bn_gfx.o
 .data          0x00000000        0x0 fruit_2_bn_gfx.o
 .bss           0x00000000        0x0 fruit_2_bn_gfx.o
 .text          0x00000000        0x0 fruit_3_bn_gfx.o
 .data          0x00000000        0x0 fruit_3_bn_gfx.o
 .bss           0x00000000        0x0 fruit_3_bn_gfx.o
 .text          0x00000000        0x0 fruit_4_bn_gfx.o
 .data          0x00000000        0x0 fruit_4_bn_gfx.o
 .bss           0x00000000        0x0 fruit_4_bn_gfx.o
 .text          0x00000000        0x0 fruit_5_bn_gfx.o
 .data          0x00000000        0x0 fruit_5_bn_gfx.o
 .bss           0x00000000        0x0 fruit_5_bn_gfx.o
 .text          0x00000000        0x0 fruit_6_bn_gfx.o
[...]
Memory Configuration

Name             Origin             Length             Attributes
rom              0x08000000         0x02000000
iwram            0x03000000         0x00008000
ewram            0x02000000         0x00040000
*default*        0x00000000         0xffffffff

Linker script and memory map

                0x00000000                        __sync_synchronize = __sync_synchronize_none
                0x08000000                        __text_start = ORIGIN (rom)
                0x02040000                        __eheap_end = (ORIGIN (ewram) + LENGTH (ewram))
                0x03000000                        __iwram_start = ORIGIN (iwram)
                0x03008000                        __iwram_top = (ORIGIN (iwram) + LENGTH (iwram))
                0x03007fa0                        __sp_irq = (__iwram_top - 0x60)
                0x03007f00                        __sp_usr = (__sp_irq - 0xa0)
                0x03007ff8                        __irq_flags = 0x3007ff8
                0x08000000                        . = __text_start

.crt0           0x08000000      0x210
 *(.crt0)
 .crt0          0x08000000      0x210 /opt/devkitpro/devkitARM/lib/gcc/arm-none-eabi/16.1.0/../../../../arm-none-eabi/lib/thumb/gba_crt0.o
                0x08000000                _start
                0x080000c4                __boot_method
                0x080000c5                __slave_number
                0x080000e0                start_vector
                0x08000210                        . = ALIGN (0x4)

.init           0x08000210        0xc
 *(SORT_NONE(.init))
 .init          0x08000210        0x4 /opt/devkitpro/devkitARM/lib/gcc/arm-none-eabi/16.1.0/thumb/crti.o
                0x08000210                _init
 .init          0x08000214        0x8 /opt/devkitpro/devkitARM/lib/gcc/arm-none-eabi/16.1.0/thumb/crtn.o

.plt            0x0800021c        0x0
 *(.plt)
                0x0800021c                        . = ALIGN (0x4)

.text           0x08000220    0x154e8
 *(EXCLUDE_FILE(*.iwram*) .text*)
 .text.__do_global_dtors_aux
                0x08000220       0x2c /opt/devkitpro/devkitARM/lib/gcc/arm-none-eabi/16.1.0/thumb/crtbegin.o
 .text.frame_dummy
                0x0800024c       0x24 /opt/devkitpro/devkitARM/lib/gcc/arm-none-eabi/16.1.0/thumb/crtbegin.o
 .text._ZN12_GLOBAL__N_1L14clamp_to_wallsERNS_7fruit_tE
                0x08000270       0x9c main.o
 .text._ZN12_GLOBAL__N_1L19create_fruit_spriteEiN2bn7fixed_tILi12EEES2_
                0x0800030c       0xb4 main.o
 .text._ZN3_bn6assert9show_argsIJA19_ciA4_ciEEEvPKcS5_S5_iDpRKT_
                0x080003c0       0x64 main.o
                0x080003c0                void _bn::assert::show_args<char [19], int, char [4], int>(char const*, char const*, char const*, int, char const (&) [19], int const&, char const (&) [4], int const&)
 .text._ZN3_bn6assert9show_argsIJA16_ciA4_ciEEEvPKcS5_S5_iDpRKT_
                0x08000424       0x64 main.o
                0x08000424                void _bn::assert::show_args<char [16], int, char [4], int>(char const*, char const*, char const*, int, char const (&) [16], int const&, char const (&) [4], int const&)
 .text._ZN3_bn6assert9show_argsIA16_cEEvPKcS4_S4_iRKT_
                0x08000488       0x48 main.o
                0x08000488                void _bn::assert::show_args<char [16]>(char const*, char const*, char const*, int, char const (&) [16])
 .text._ZN12_GLOBAL__N_1L12remove_fruitERN2bn6vectorINS_7fruit_tELi48EEEi
                0x080004d0       0xbc main.o
 .text._ZN3_bn6assert9show_argsIA15_cEEvPKcS4_S4_iRKT_
                0x0800058c       0x48 main.o
                0x0800058c                void _bn::assert::show_args<char [15]>(char const*, char const*, char const*, int, char const (&) [15])
 .text._ZN2bn7ivectorIN12_GLOBAL__N_17fruit_tEE9push_backEOS2_.part.0
                0x080005d4       0x28 main.o
 .text.startup.main
                0x080005fc      0x94c main.o
                0x080005fc                main
 .text._ZN3_bn6assert9show_argsIA16_ciEEvPKcS4_S4_iRKT_RKT0_
                0x08000f48       0x54 common_info.o
                0x08000f48                void _bn::assert::show_args<char [16], int>(char const*, char const*, char const*, int, char const (&) [16], int const&)
 .text._ZN3_bn6assert9show_argsIA15_ciEEvPKcS4_S4_iRKT_RKT0_
                0x08000f9c       0x54 common_stats.o
                0x08000f9c                void _bn::assert::show_args<char [15], int>(char const*, char const*, char const*, int, char const (&) [15], int const&)
 .text._ZN2bn13audio_manager4initEv
                0x08000ff0        0xc bn_audio_manager.o
                0x08000ff0                bn::audio_manager::init()
 .text._ZN2bn13audio_manager7disableEv
                0x08000ffc        0xc bn_audio_manager.o
                0x08000ffc                bn::audio_manager::disable()
 .text._ZN2bn13audio_manager22disable_vblank_handlerEv
                0x08001008        0xc bn_audio_manager.o
                0x08001008                bn::audio_manager::disable_vblank_handler()
 .text._ZN2bn13audio_manager6updateEv
                0x08001014       0x18 bn_audio_manager.o
                0x08001014                bn::audio_manager::update()
 .text._ZN2bn13audio_manager6commitEv
                0x0800102c        0xc bn_audio_manager.o
                0x0800102c                bn::audio_manager::commit()
 .text._ZN3_bn6assert9show_argsIA18_ciEEvPKcS4_S4_iRKT_RKT0_
                0x08001038       0x54 bn_audio_manager.o
                0x08001038                void _bn::assert::show_args<char [18], int>(char const*, char const*, char const*, int, char const (&) [18], int const&)
 .text._ZN3_bn6assert9show_argsIA14_ciEEvPKcS4_S4_iRKT_RKT0_
                0x0800108c       0x54 bn_audio_manager.o
                0x0800108c                void _bn::assert::show_args<char [14], int>(char const*, char const*, char const*, int, char const (&) [14], int const&)
 .text._ZN2bn13audio_manager16execute_commandsEv
                0x080010e0      0x17c bn_audio_manager.o
                0x080010e0                bn::audio_manager::execute_commands()
 .text._ZN3_bn6assert9show_argsIA26_ciEEvPKcS4_S4_iRKT_RKT0_
                0x0800125c       0x54 bn_audio_manager.o
                0x0800125c                void _bn::assert::show_args<char [26], int>(char const*, char const*, char const*, int, char const (&) [26], int const&)
 .text._ZN3_bn6assert9show_argsIA33_cEEvPKcS4_S4_iRKT_
                0x080012b0       0x48 bn_audio_manager.o
                0x080012b0                void _bn::assert::show_args<char [33]>(char const*, char const*, char const*, int, char const (&) [33])
 .text._ZN2bn13audio_manager15stop_all_soundsEv.part.0
                0x080012f8       0x28 bn_audio_manager.o
 .text._ZN3_bn6assert9show_argsIA25_cEEvPKcS4_S4_iRKT_
                0x08001320       0x48 bn_audio_manager.o
                0x08001320                void _bn::assert::show_args<char [25]>(char const*, char const*, char const*, int, char const (&) [25])
 .text._ZN2bn13audio_manager10stop_musicEv
                0x08001368       0x70 bn_audio_manager.o
                0x08001368                bn::audio_manager::stop_music()
 .text._ZN2bn13audio_manager4stopEv
                0x080013d8       0x38 bn_audio_manager.o
                0x080013d8                bn::audio_manager::stop()
 .text._ZN3_bn6assert9show_argsIA24_cEEvPKcS4_S4_iRKT_
                0x08001410       0x48 bn_audio_manager.o
                0x08001410                void _bn::assert::show_args<char [24]>(char const*, char const*, char const*, int, char const (&) [24])
 .text.startup._GLOBAL__sub_I__ZN2bn5audio16update_on_vblankEv
                0x08001458       0x30 bn_audio_manager.o
 .text._ZN3_bn6assert9show_argsIA23_cEEvPKcS4_S4_iRKT_
                0x08001488       0x48 bn_best_fit_allocator.o
                0x08001488                void _bn::assert::show_args<char [23]>(char const*, char const*, char const*, int, char const (&) [23])
 .text._ZN2bn18best_fit_allocatorD2Ev
                0x080014d0       0x34 bn_best_fit_allocator.o
                0x080014d0                bn::best_fit_allocator::~best_fit_allocator()
                0x080014d0                bn::best_fit_allocator::~best_fit_allocator()
 .text._ZN3_bn6assert9show_argsIA20_ciEEvPKcS4_S4_iRKT_RKT0_
                0x08001504       0x54 bn_best_fit_allocator.o
                0x08001504                void _bn::assert::show_args<char [20], int>(char const*, char const*, char const*, int, char const (&) [20], int const&)
 .text._ZN3_bn6assert9show_argsIA14_cEEvPKcS4_S4_iRKT_
                0x08001558       0x48 bn_best_fit_allocator.o
                0x08001558                void _bn::assert::show_args<char [14]>(char const*, char const*, char const*, int, char const (&) [14])
 .text._ZN3_bn6assert9show_argsIA21_cEEvPKcS4_S4_iRKT_
                0x080015a0       0x48 bn_best_fit_allocator.o
                0x080015a0                void _bn::assert::show_args<char [21]>(char const*, char const*, char const*, int, char const (&) [21])
 .text._ZN2bn18best_fit_allocator5resetEPvi
                0x080015e8       0xc4 bn_best_fit_allocator.o
                0x080015e8                bn::best_fit_allocator::reset(void*, int)
 .text._ZN2bn17bg_blocks_manager12_GLOBAL__N_1L25_regular_map_blocks_countEii
                0x080016ac       0x38 bn_bg_blocks_manager.o
 .text._ZN2bn13ostringstream11append_argsIiJA4_ctEEEvRKT_DpRKT0_.isra.0
                0x080016e4       0x24 bn_bg_blocks_manager.o
 .text._ZNK2bn18regular_bg_map_ptr2idEv
                0x08001708       0x18 bn_bg_blocks_manager.o
                0x08001708                bn::regular_bg_map_ptr::id() const
 .text._ZNK2bn18regular_bg_map_ptr10dimensionsEv
                0x08001720       0x20 bn_bg_blocks_manager.o
                0x08001720                bn::regular_bg_map_ptr::dimensions() const
 .text._ZNK2bn20regular_bg_tiles_ptr3cbbEv
                0x08001740       0x18 bn_bg_blocks_manager.o
                0x08001740                bn::regular_bg_tiles_ptr::cbb() const
 .text._ZNK2bn17affine_bg_map_ptr2idEv
                0x08001758       0x18 bn_bg_blocks_manager.o
                0x08001758                bn::affine_bg_map_ptr::id() const
 .text._ZNK2bn17affine_bg_map_ptr10dimensionsEv
                0x08001770       0x20 bn_bg_blocks_manager.o
                0x08001770                bn::affine_bg_map_ptr::dimensions() const
 .text._ZNK2bn19affine_bg_tiles_ptr3cbbEv
                0x08001790       0x18 bn_bg_blocks_manager.o
                0x08001790                bn::affine_bg_tiles_ptr::cbb() const
 .text._ZN2bn17bg_blocks_manager10log_statusEv
                0x080017a8      0x414 bn_bg_blocks_manager.o
                0x080017a8                bn::bg_blocks_manager::log_status()
 .text._ZN2bn17bg_blocks_manager15decrease_usagesEi
                0x08001bbc       0x98 bn_bg_blocks_manager.o
                0x08001bbc                bn::bg_blocks_manager::decrease_usages(int)
 .text._ZN2bn18regular_bg_map_ptrD2Ev
                0x08001c54       0x18 bn_bg_blocks_manager.o
                0x08001c54                bn::regular_bg_map_ptr::~regular_bg_map_ptr()
                0x08001c54                bn::regular_bg_map_ptr::~regular_bg_map_ptr()
 .text._ZN2bn17bg_blocks_manager4initEv
                0x08001c6c      0x1d0 bn_bg_blocks_manager.o
                0x08001c6c                bn::bg_blocks_manager::init()
 .text._ZN2bn17bg_blocks_manager11must_commitEi
                0x08001e3c       0x18 bn_bg_blocks_manager.o
                0x08001e3c                bn::bg_blocks_manager::must_commit(int)
 .text._ZN3_bn6assert9show_argsIA27_ciEEvPKcS4_S4_iRKT_RKT0_
                0x08001e54       0x54 bn_bg_blocks_manager.o
                0x08001e54                void _bn::assert::show_args<char [27], int>(char const*, char const*, char const*, int, char const (&) [27], int const&)
 .text._ZN3_bn6assert9show_argsIJA22_ciA4_ciEEEvPKcS5_S5_iDpRKT_
                0x08001ea8       0x64 bn_bg_blocks_manager.o
                0x08001ea8                void _bn::assert::show_args<char [22], int, char [4], int>(char const*, char const*, char const*, int, char const (&) [22], int const&, char const (&) [4], int const&)
 .text._ZN3_bn6assert9show_argsIJA58_ciA4_ciEEEvPKcS5_S5_iDpRKT_
                0x08001f0c       0x64 bn_bg_blocks_manager.o
                0x08001f0c                void _bn::assert::show_args<char [58], int, char [4], int>(char const*, char const*, char const*, int, char const (&) [58], int const&, char const (&) [4], int const&)
 .text._ZN3_bn6assert9show_argsIA22_ciEEvPKcS4_S4_iRKT_RKT0_
                0x08001f70       0x54 bn_bg_blocks_manager.o
                0x08001f70                void _bn::assert::show_args<char [22], int>(char const*, char const*, char const*, int, char const (&) [22], int const&)
 .text._ZN3_bn6assert9show_argsIJA44_cPKtA4_cS4_EEEvPKcS7_S7_iDpRKT_
                0x08001fc4       0x64 bn_bg_blocks_manager.o
                0x08001fc4                void _bn::assert::show_args<char [44], unsigned short const*, char [4], unsigned short const*>(char const*, char const*, char const*, int, char const (&) [44], unsigned short const* const&, char const (&) [4], unsigned short const* const&)
 .text._ZN3_bn6assert9show_argsIJA46_ciA4_ciEEEvPKcS5_S5_iDpRKT_
                0x08002028       0x64 bn_bg_blocks_manager.o
                0x08002028                void _bn::assert::show_args<char [46], int, char [4], int>(char const*, char const*, char const*, int, char const (&) [46], int const&, char const (&) [4], int const&)
 .text._ZN3_bn6assert9show_argsIJA37_cbA4_cbEEEvPKcS5_S5_iDpRKT_
                0x0800208c       0x7c bn_bg_blocks_manager.o
                0x0800208c                void _bn::assert::show_args<char [37], bool, char [4], bool>(char const*, char const*, char const*, int, char const (&) [37], bool const&, char const (&) [4], bool const&)
 .text._ZN3_bn6assert9show_argsIA19_cEEvPKcS4_S4_iRKT_
                0x08002108       0x48 bn_bg_blocks_manager.o
                0x08002108                void _bn::assert::show_args<char [19]>(char const*, char const*, char const*, int, char const (&) [19])
 .text._ZN2bn17bg_blocks_manager12_GLOBAL__N_1L16_find_tiles_implEPKtNS_16compression_typeEib
                0x08002150      0x1e0 bn_bg_blocks_manager.o
 .text._ZN3_bn6assert9show_argsIJA34_ciA4_ctEEEvPKcS5_S5_iDpRKT_
                0x08002330       0x58 bn_bg_blocks_manager.o
                0x08002330                void _bn::assert::show_args<char [34], int, char [4], unsigned short>(char const*, char const*, char const*, int, char const (&) [34], int const&, char const (&) [4], unsigned short const&)
 .text._ZN3_bn6assert9show_argsIJA36_ciA4_ctEEEvPKcS5_S5_iDpRKT_
                0x08002388       0x58 bn_bg_blocks_manager.o
                0x08002388                void _bn::assert::show_args<char [36], int, char [4], unsigned short>(char const*, char const*, char const*, int, char const (&) [36], int const&, char const (&) [4], unsigned short const&)
 .text._ZN3_bn6assert9show_argsIJA54_ciA4_ciEEEvPKcS5_S5_iDpRKT_
                0x080023e0       0x64 bn_bg_blocks_manager.o
                0x080023e0                void _bn::assert::show_args<char [54], int, char [4], int>(char const*, char const*, char const*, int, char const (&) [54], int const&, char const (&) [4], int const&)
 .text._ZN3_bn6assert9show_argsIA22_cEEvPKcS4_S4_iRKT_
                0x08002444       0x48 bn_bg_blocks_manager.o
                0x08002444                void _bn::assert::show_args<char [22]>(char const*, char const*, char const*, int, char const (&) [22])
 .text._ZNK2bn8optionalINS_19affine_bg_tiles_ptrEEptEv.part.0
                0x0800248c       0x28 bn_bg_blocks_manager.o
 .text._ZN2bn17bg_blocks_manager22update_regular_map_rowEiii
                0x080024b4      0x130 bn_bg_blocks_manager.o
                0x080024b4                bn::bg_blocks_manager::update_regular_map_row(int, int, int)
 .text._ZN2bn17bg_blocks_manager22update_regular_map_colEiii
                0x080025e4      0x154 bn_bg_blocks_manager.o
                0x080025e4                bn::bg_blocks_manager::update_regular_map_col(int, int, int)
 .text._ZN2bn17bg_blocks_manager24set_regular_map_positionEiii
                0x08002738      0x1bc bn_bg_blocks_manager.o
                0x08002738                bn::bg_blocks_manager::set_regular_map_position(int, int, int)
 .text._ZN2bn17bg_blocks_manager12_GLOBAL__N_1L12_commit_itemERKNS1_9item_typeE
                0x080028f4      0x290 bn_bg_blocks_manager.o
 .text._ZN2bn17bg_blocks_manager6commitEv
                0x08002b84       0x40 bn_bg_blocks_manager.o
                0x08002b84                bn::bg_blocks_manager::commit()
 .text._ZN2bn17bg_blocks_manager21update_affine_map_rowEiii
                0x08002bc4       0xe0 bn_bg_blocks_manager.o
                0x08002bc4                bn::bg_blocks_manager::update_affine_map_row(int, int, int)
 .text._ZN2bn17bg_blocks_manager23set_affine_map_positionEiii
                0x08002ca4      0x184 bn_bg_blocks_manager.o
                0x08002ca4                bn::bg_blocks_manager::set_affine_map_position(int, int, int)
 .text._ZN2bn17bg_blocks_manager21update_affine_map_colEiii
                0x08002e28      0x214 bn_bg_blocks_manager.o
                0x08002e28                bn::bg_blocks_manager::update_affine_map_col(int, int, int)
 .text._ZNK2bn8optionalINS_20regular_bg_tiles_ptrEEdeEv.part.0
                0x0800303c       0x28 bn_bg_blocks_manager.o
 .text._ZNK2bn17affine_bg_map_ptr5tilesEv
                0x08003064       0x28 bn_bg_blocks_manager.o
                0x08003064                bn::affine_bg_map_ptr::tiles() const
 .text._ZNK2bn18regular_bg_map_ptr3bppEv
                0x0800308c       0x2c bn_bg_blocks_manager.o
                0x0800308c                bn::regular_bg_map_ptr::bpp() const
 .text._ZNK2bn18regular_bg_map_ptr5tilesEv
                0x080030b8       0x28 bn_bg_blocks_manager.o
                0x080030b8                bn::regular_bg_map_ptr::tiles() const
 .text._ZN3_bn6assert9show_argsIJA34_ciA4_ciEEEvPKcS5_S5_iDpRKT_
                0x080030e0       0x64 bn_bg_blocks_manager.o
                0x080030e0                void _bn::assert::show_args<char [34], int, char [4], int>(char const*, char const*, char const*, int, char const (&) [34], int const&, char const (&) [4], int const&)
 .text._ZN3_bn6assert9show_argsIJA38_ciA4_ciEEEvPKcS5_S5_iDpRKT_
                0x08003144       0x64 bn_bg_blocks_manager.o
                0x08003144                void _bn::assert::show_args<char [38], int, char [4], int>(char const*, char const*, char const*, int, char const (&) [38], int const&, char const (&) [4], int const&)
 .text._ZN2bn17bg_blocks_manager12_GLOBAL__N_1L22_find_regular_map_implERKNS_19regular_bg_map_itemERKNS_20regular_bg_tiles_ptrERKNS_14bg_palette_ptrE
                0x080031a8      0x388 bn_bg_blocks_manager.o
 .text._ZN3_bn6assert9show_argsIJA32_cA15_cPKtA16_ciA17_ciA34_cN2bn11string_viewEEEEvPKcSC_SC_iDpRKT_
                0x08003530       0x90 bn_bg_blocks_manager.o
                0x08003530                void _bn::assert::show_args<char [32], char [15], unsigned short const*, char [16], int, char [17], int, char [34], bn::string_view>(char const*, char const*, char const*, int, char const (&) [32], char const (&) [15], unsigned short const* const&, char const (&) [16], int const&, char const (&) [17], int const&, char const (&) [34], bn::string_view const&)
 .text._ZN3_bn6assert9show_argsIA26_cEEvPKcS4_S4_iRKT_
                0x080035c0       0x48 bn_bg_blocks_manager.o
                0x080035c0                void _bn::assert::show_args<char [26]>(char const*, char const*, char const*, int, char const (&) [26])
 .text._ZN3_bn6assert9show_argsIA46_cEEvPKcS4_S4_iRKT_
                0x08003608       0x48 bn_bg_blocks_manager.o
                0x08003608                void _bn::assert::show_args<char [46]>(char const*, char const*, char const*, int, char const (&) [46])
 .text._ZN3_bn6assert9show_argsIJA30_cA13_cPKtA14_ciA15_ciA17_ciA34_cN2bn11string_viewEEEEvPKcSD_SD_iDpRKT_
                0x08003650       0xa0 bn_bg_blocks_manager.o
                0x08003650                void _bn::assert::show_args<char [30], char [13], unsigned short const*, char [14], int, char [15], int, char [17], int, char [34], bn::string_view>(char const*, char const*, char const*, int, char const (&) [30], char const (&) [13], unsigned short const* const&, char const (&) [14], int const&, char const (&) [15], int const&, char const (&) [17], int const&, char const (&) [34], bn::string_view const&)
 .text._ZN3_bn6assert9show_argsIA17_cEEvPKcS4_S4_iRKT_
                0x080036f0       0x48 bn_bg_blocks_manager.o
                0x080036f0                void _bn::assert::show_args<char [17]>(char const*, char const*, char const*, int, char const (&) [17])
 .text._ZN3_bn6assert9show_argsIJA39_cPKN2bn4tileEA4_ciEEEvPKcS9_S9_iDpRKT_
                0x08003738       0x64 bn_bg_blocks_manager.o
                0x08003738                void _bn::assert::show_args<char [39], bn::tile const*, char [4], int>(char const*, char const*, char const*, int, char const (&) [39], bn::tile const* const&, char const (&) [4], int const&)
 .text._ZN3_bn6assert9show_argsIA25_ciEEvPKcS4_S4_iRKT_RKT0_
                0x0800379c       0x54 bn_bg_blocks_manager.o
                0x0800379c                void _bn::assert::show_args<char [25], int>(char const*, char const*, char const*, int, char const (&) [25], int const&)
 .text._ZN2bn14iunordered_mapIPKviNS_17bg_blocks_manager12_GLOBAL__N_115identity_hasherENS_8equal_toIS2_EEE5eraseERKNS8_14const_iteratorE.constprop.0.isra.0
                0x080037f0      0x1a0 bn_bg_blocks_manager.o
 .text._ZN2bn17bg_blocks_manager6updateEv
                0x08003990      0x348 bn_bg_blocks_manager.o
                0x08003990                bn::bg_blocks_manager::update()
 .text._ZN2bn17bg_blocks_manager12_GLOBAL__N_1L12_create_itemEiibONS1_11create_dataE
                0x08003cd8      0x904 bn_bg_blocks_manager.o
 .text._ZN2bn17bg_blocks_manager12_GLOBAL__N_1L12_create_implEONS1_11create_dataE
                0x080045dc      0x1f8 bn_bg_blocks_manager.o
 .text._ZN2bn17bg_blocks_manager20create_regular_tilesERKNS_21regular_bg_tiles_itemEb
                0x080047d4      0x13c bn_bg_blocks_manager.o
                0x080047d4                bn::bg_blocks_manager::create_regular_tiles(bn::regular_bg_tiles_item const&, bool)
 .text._ZN2bn17bg_blocks_manager18create_regular_mapERKNS_19regular_bg_map_itemEONS_20regular_bg_tiles_ptrEONS_14bg_palette_ptrEb
                0x08004910      0x288 bn_bg_blocks_manager.o
                0x08004910                bn::bg_blocks_manager::create_regular_map(bn::regular_bg_map_item const&, bn::regular_bg_tiles_ptr&&, bn::bg_palette_ptr&&, bool)
 .text._ZN2bn18regular_bg_map_ptr6createERKNS_15regular_bg_itemE
                0x08004b98       0x50 bn_bg_blocks_manager.o
                0x08004b98                bn::regular_bg_map_ptr::create(bn::regular_bg_item const&)
 .text.startup._GLOBAL__sub_I__ZN2bn7bg_maps16used_cells_countEv
                0x08004be8       0x98 bn_bg_blocks_manager.o
 .text.exit._GLOBAL__sub_D__ZN2bn7bg_maps16used_cells_countEv
                0x08004c80       0x50 bn_bg_blocks_manager.o
 .text._ZN2bn11bgs_manager12_GLOBAL__N_1L29_check_unique_regular_big_mapERNS1_9item_typeE.part.0
                0x08004cd0       0x58 bn_bgs_manager.o
 .text._ZN2bn13ostringstream11append_argsIiJA4_ciEEEvRKT_DpRKT0_.isra.0
                0x08004d28       0x24 bn_bgs_manager.o
 .text._ZN2bn11bgs_manager5hw_idEPv
                0x08004d4c        0x8 bn_bgs_manager.o
                0x08004d4c                bn::bgs_manager::hw_id(void*)
 .text._ZN2bn11bgs_manager11hw_positionEPv
                0x08004d54        0x4 bn_bgs_manager.o
                0x08004d54                bn::bgs_manager::hw_position(void*)
 .text._ZN2bn11bgs_manager14mat_attributesEPv
                0x08004d58        0x4 bn_bgs_manager.o
                0x08004d58                bn::bgs_manager::mat_attributes(void*)
 .text._ZN2bn11bgs_manager20update_windows_flagsEPj
                0x08004d5c       0x7c bn_bgs_manager.o
                0x08004d5c                bn::bgs_manager::update_windows_flags(unsigned int*)
 .text._ZN2bn11bgs_manager36fill_hblank_effect_regular_positionsEiPKNS_7fixed_tILi12EEEPt
                0x08004dd8       0x30 bn_bgs_manager.o
                0x08004dd8                bn::bgs_manager::fill_hblank_effect_regular_positions(int, bn::fixed_t<12> const*, unsigned short*)
 .text._ZN2bn11bgs_manager45fill_hblank_effect_pivot_horizontal_positionsEPvPKNS_7fixed_tILi12EEEPj
                0x08004e08       0x28 bn_bgs_manager.o
                0x08004e08                bn::bgs_manager::fill_hblank_effect_pivot_horizontal_positions(void*, bn::fixed_t<12> const*, unsigned int*)
 .text._ZN2bn11bgs_manager43fill_hblank_effect_pivot_vertical_positionsEPvPKNS_7fixed_tILi12EEEPj
                0x08004e30       0x28 bn_bgs_manager.o
                0x08004e30                bn::bgs_manager::fill_hblank_effect_pivot_vertical_positions(void*, bn::fixed_t<12> const*, unsigned int*)
 .text._ZN2bn11bgs_manager6commitEb
                0x08004e58       0x58 bn_bgs_manager.o
                0x08004e58                bn::bgs_manager::commit(bool)
 .text._ZN2bn11bgs_manager4stopEv
                0x08004eb0       0x28 bn_bgs_manager.o
                0x08004eb0                bn::bgs_manager::stop()
 .text._ZN3_bn6assert9show_argsIA17_ciEEvPKcS4_S4_iRKT_RKT0_
                0x08004ed8       0x54 bn_bgs_manager.o
                0x08004ed8                void _bn::assert::show_args<char [17], int>(char const*, char const*, char const*, int, char const (&) [17], int const&)
 .text._ZN3_bn6assert9show_argsIA30_cEEvPKcS4_S4_iRKT_
                0x08004f2c       0x48 bn_bgs_manager.o
                0x08004f2c                void _bn::assert::show_args<char [30]>(char const*, char const*, char const*, int, char const (&) [30])
 .text._ZNK2bn8optionalINS_17affine_bg_map_ptrEEdeEv.part.0
                0x08004f74       0x28 bn_bgs_manager.o
 .text._ZN2bn11bgs_manager11regular_mapEPv
                0x08004f9c       0x14 bn_bgs_manager.o
                0x08004f9c                bn::bgs_manager::regular_map(void*)
 .text._ZN2bn11bgs_manager10affine_mapEPv
                0x08004fb0       0x14 bn_bgs_manager.o
                0x08004fb0                bn::bgs_manager::affine_map(void*)
 .text._ZN2bn8optionalINS_17affine_bg_map_ptrEEdeEv.part.0
                0x08004fc4       0x28 bn_bgs_manager.o
 .text._ZN2bn18regular_bg_builder11release_mapEv
                0x08004fec       0x58 bn_bgs_manager.o
                0x08004fec                bn::regular_bg_builder::release_map()
 .text._ZN2bn8optionalINS_17affine_bg_map_ptrEEptEv.part.0
                0x08005044       0x28 bn_bgs_manager.o
 .text._ZN2bn11bgs_manager15commit_big_mapsEv
                0x0800506c      0x1f0 bn_bgs_manager.o
                0x0800506c                bn::bgs_manager::commit_big_maps()
 .text._ZN3_bn6assert9show_argsIJA60_ciA4_ciEEEvPKcS5_S5_iDpRKT_
                0x0800525c       0x58 bn_bgs_manager.o
                0x0800525c                void _bn::assert::show_args<char [60], int, char [4], int>(char const*, char const*, char const*, int, char const (&) [60], int const&, char const (&) [4], int const&)
 .text._ZN2bn11bgs_manager12_GLOBAL__N_19item_type18update_regular_mapEv
                0x080052b4      0x1fc bn_bgs_manager.o
 .text._ZN3_bn6assert9show_argsIJA59_ciA4_ciEEEvPKcS5_S5_iDpRKT_
                0x080054b0       0x58 bn_bgs_manager.o
                0x080054b0                void _bn::assert::show_args<char [59], int, char [4], int>(char const*, char const*, char const*, int, char const (&) [59], int const&, char const (&) [4], int const&)
 .text._ZN3_bn6assert9show_argsIJA57_ciA4_ciEEEvPKcS5_S5_iDpRKT_
                0x08005508       0x58 bn_bgs_manager.o
                0x08005508                void _bn::assert::show_args<char [57], int, char [4], int>(char const*, char const*, char const*, int, char const (&) [57], int const&, char const (&) [4], int const&)
 .text._ZN2bn11bgs_manager14update_camerasEv
                0x08005560      0x2ec bn_bgs_manager.o
                0x08005560                bn::bgs_manager::update_cameras()
 .text._ZN3_bn6assert9show_argsIA27_cEEvPKcS4_S4_iRKT_
                0x0800584c       0x48 bn_bgs_manager.o
                0x0800584c                void _bn::assert::show_args<char [27]>(char const*, char const*, char const*, int, char const (&) [27])
 .text._ZN2bn11bgs_manager37fill_hblank_effect_regular_attributesEPvPKNS_21regular_bg_attributesEPt
                0x08005894       0xf0 bn_bgs_manager.o
                0x08005894                bn::bgs_manager::fill_hblank_effect_regular_attributes(void*, bn::regular_bg_attributes const*, unsigned short*)
 .text._ZN2bn11bgs_manager36fill_hblank_effect_affine_attributesEPvPKNS_20affine_bg_attributesEPt
                0x08005984       0xe8 bn_bgs_manager.o
                0x08005984                bn::bgs_manager::fill_hblank_effect_affine_attributes(void*, bn::affine_bg_attributes const*, unsigned short*)
 .text._ZN3_bn6assert9show_argsIA31_cEEvPKcS4_S4_iRKT_
                0x08005a6c       0x48 bn_bgs_manager.o
                0x08005a6c                void _bn::assert::show_args<char [31]>(char const*, char const*, char const*, int, char const (&) [31])
 .text._ZN2bn11bgs_manager15rebuild_handlesEv.part.0
                0x08005ab4      0x19c bn_bgs_manager.o
 .text._ZN2bn11bgs_manager6updateEv
                0x08005c50      0x1a0 bn_bgs_manager.o
                0x08005c50                bn::bgs_manager::update()
 .text._ZN2bn11bgs_manager12_GLOBAL__N_1L12_insert_itemERNS1_9item_typeE
                0x08005df0      0x124 bn_bgs_manager.o
 .text._ZN3_bn6assert9show_argsIA13_cEEvPKcS4_S4_iRKT_
                0x08005f14       0x48 bn_bgs_manager.o
                0x08005f14                void _bn::assert::show_args<char [13]>(char const*, char const*, char const*, int, char const (&) [13])
 .text._ZN2bn5ipoolINS_11bgs_manager12_GLOBAL__N_19item_typeEE6createIJNS_18regular_bg_builderENS_18regular_bg_map_ptrEEEERS3_DpOT_.part.0
                0x08005f5c       0x24 bn_bgs_manager.o
 .text._ZN2bn11bgs_manager6createEONS_18regular_bg_builderE
                0x08005f80      0x1cc bn_bgs_manager.o
                0x08005f80                bn::bgs_manager::create(bn::regular_bg_builder&&)
 .text._ZNK2bn15regular_bg_item9create_bgENS_7fixed_tILi12EEES2_
                0x0800614c       0x74 bn_bgs_manager.o
                0x0800614c                bn::regular_bg_item::create_bg(bn::fixed_t<12>, bn::fixed_t<12>) const
 .text.startup._GLOBAL__sub_I__ZN2bn3bgs16used_items_countEv
                0x080061c0       0x80 bn_bgs_manager.o
 .text.exit._GLOBAL__sub_D__ZN2bn3bgs16used_items_countEv
                0x08006240       0x14 bn_bgs_manager.o
 .text._ZN2bn10camera_ptrD2Ev
                0x08006254       0x38 bn_cameras_manager.o
                0x08006254                bn::camera_ptr::~camera_ptr()
                0x08006254                bn::camera_ptr::~camera_ptr()
 .text._ZNK2bn10camera_ptr8positionEv
                0x0800628c       0x14 bn_cameras_manager.o
                0x0800628c                bn::camera_ptr::position() const
 .text._ZN2bn15cameras_manager4initEv
                0x080062a0       0x10 bn_cameras_manager.o
                0x080062a0                bn::cameras_manager::init()
 .text._ZN2bn15cameras_manager6updateEv
                0x080062b0       0x28 bn_cameras_manager.o
                0x080062b0                bn::cameras_manager::update()
 .text._ZN2bn4core12_GLOBAL__N_1L11update_implEv
                0x080062d8       0xb0 bn_core.o
 .text._ZN2bn4core12_GLOBAL__N_1L4stopEb.constprop.0
                0x08006388       0x40 bn_core.o
 .text._ZN2bn4core6updateEv
                0x080063c8       0x78 bn_core.o
                0x080063c8                bn::core::update()
 .text._ZN2bn4core4initERKNS_11string_viewE
                0x08006440       0x94 bn_core.o
                0x08006440                bn::core::init(bn::string_view const&)
 .text._ZN2bn4core4initEv
                0x080064d4       0x18 bn_core.o
                0x080064d4                bn::core::init()
 .text._ZN2bn4core9on_vblankEv
                0x080064ec       0x28 bn_core.o
                0x080064ec                bn::core::on_vblank()
 .text._ZN3_bn6assert4showEPKcS2_S2_iRKN2bn12istring_baseE
                0x08006514       0x98 bn_core.o
                0x08006514                _bn::assert::show(char const*, char const*, char const*, int, bn::istring_base const&)
 .text.startup._GLOBAL__sub_I__ZN2bn4core4initEv
                0x080065ac       0x40 bn_core.o
 .text._ZN2bn15display_manager12_GLOBAL__N_1L34_update_rect_windows_hw_boundariesEi
                0x080065ec       0x84 bn_display_manager.o
 .text._ZN2bn15display_manager4initEv
                0x08006670       0x38 bn_display_manager.o
                0x08006670                bn::display_manager::init()
 .text._ZN2bn15display_manager8set_modeEi
                0x080066a8       0x1c bn_display_manager.o
                0x080066a8                bn::display_manager::set_mode(int)
 .text._ZN2bn15display_manager14set_bg_enabledEib
                0x080066c4       0x1c bn_display_manager.o
                0x080066c4                bn::display_manager::set_bg_enabled(int, bool)
 .text._ZN2bn15display_manager15disable_all_bgsEv
                0x080066e0       0x18 bn_display_manager.o
                0x080066e0                bn::display_manager::disable_all_bgs()
 .text._ZN2bn15display_manager36fill_mosaic_hblank_effect_attributesEPKNS_17mosaic_attributesEPt
                0x080066f8       0x98 bn_display_manager.o
                0x080066f8                bn::display_manager::fill_mosaic_hblank_effect_attributes(bn::mosaic_attributes const*, unsigned short*)
 .text._ZN2bn15display_manager23set_blending_bg_enabledEib
                0x08006790       0x14 bn_display_manager.o
                0x08006790                bn::display_manager::set_blending_bg_enabled(int, bool)
 .text._ZN2bn15display_manager32blending_transparency_top_weightEv
                0x080067a4       0x18 bn_display_manager.o
                0x080067a4                bn::display_manager::blending_transparency_top_weight()
 .text._ZN2bn15display_manager35blending_transparency_bottom_weightEv
                0x080067bc       0x28 bn_display_manager.o
                0x080067bc                bn::display_manager::blending_transparency_bottom_weight()
 .text._ZN2bn15display_manager51fill_blending_transparency_hblank_effect_attributesEPKNS_32blending_transparency_attributesEPt
                0x080067e4       0x30 bn_display_manager.o
                0x080067e4                bn::display_manager::fill_blending_transparency_hblank_effect_attributes(bn::blending_transparency_attributes const*, unsigned short*)
 .text._ZN2bn15display_manager21blending_fade_enabledEv
                0x08006814       0x10 bn_display_manager.o
                0x08006814                bn::display_manager::blending_fade_enabled()
 .text._ZN2bn15display_manager39fill_blending_fade_hblank_effect_alphasEPKNS_19blending_fade_alphaEPt
                0x08006824       0x24 bn_display_manager.o
                0x08006824                bn::display_manager::fill_blending_fade_hblank_effect_alphas(bn::blending_fade_alpha const*, unsigned short*)
 .text._ZN2bn15display_manager26update_windows_visible_bgsEv
                0x08006848       0x10 bn_display_manager.o
                0x08006848                bn::display_manager::update_windows_visible_bgs()
 .text._ZN2bn15display_manager36rect_window_hw_horizontal_boundariesEi
                0x08006858       0x18 bn_display_manager.o
                0x08006858                bn::display_manager::rect_window_hw_horizontal_boundaries(int)
 .text._ZN2bn15display_manager34rect_window_hw_vertical_boundariesEi
                0x08006870       0x18 bn_display_manager.o
                0x08006870                bn::display_manager::rect_window_hw_vertical_boundaries(int)
 .text._ZN2bn15display_manager52fill_rect_window_hblank_effect_horizontal_boundariesERKNS_4pairIiiEEPKNS1_INS_7fixed_tILi12EEES6_EEPt
                0x08006888      0x13c bn_display_manager.o
                0x08006888                bn::display_manager::fill_rect_window_hblank_effect_horizontal_boundaries(bn::pair<int, int> const&, bn::pair<bn::fixed_t<12>, bn::fixed_t<12> > const*, unsigned short*)
 .text._ZN2bn15display_manager50fill_rect_window_hblank_effect_vertical_boundariesERKNS_4pairIiiEEPKNS1_INS_7fixed_tILi12EEES6_EEPt
                0x080069c4      0x13c bn_display_manager.o
                0x080069c4                bn::display_manager::fill_rect_window_hblank_effect_vertical_boundaries(bn::pair<int, int> const&, bn::pair<bn::fixed_t<12>, bn::fixed_t<12> > const*, unsigned short*)
 .text._ZN2bn15display_manager36fill_green_swap_hblank_effect_statesEPKbPt
                0x08006b00       0x34 bn_display_manager.o
                0x08006b00                bn::display_manager::fill_green_swap_hblank_effect_states(bool const*, unsigned short*)
 .text._ZN2bn15display_manager14update_camerasEv
                0x08006b34       0x40 bn_display_manager.o
                0x08006b34                bn::display_manager::update_cameras()
 .text._ZN2bn15display_manager6updateEv
                0x08006b74      0x1fc bn_display_manager.o
                0x08006b74                bn::display_manager::update()
 .text._ZN2bn15display_manager6commitEv
                0x08006d70      0x150 bn_display_manager.o
                0x08006d70                bn::display_manager::commit()
 .text._ZN2bn15display_manager4stopEv
                0x08006ec0       0x28 bn_display_manager.o
                0x08006ec0                bn::display_manager::stop()
 .text._ZN3_bn6assert9show_argsIA66_cEEvPKcS4_S4_iRKT_
                0x08006ee8       0x48 bn_display_manager.o
                0x08006ee8                void _bn::assert::show_args<char [66]>(char const*, char const*, char const*, int, char const (&) [66])
 .text.startup._GLOBAL__sub_I__ZNK2bn6window7show_bgERKNS_14regular_bg_ptrE
                0x08006f30       0x7c bn_display_manager.o
 .text.exit._GLOBAL__sub_D__ZNK2bn6window7show_bgERKNS_14regular_bg_ptrE
                0x08006fac       0x38 bn_display_manager.o
 .text._ZN2bn18igeneric_pool_baseC2EPci
                0x08006fe4       0x10 bn_generic_pool.o
                0x08006fe4                bn::igeneric_pool_base::igeneric_pool_base(char*, int)
                0x08006fe4                bn::igeneric_pool_base::igeneric_pool_base(char*, int)
 .text._ZN2bn18igeneric_pool_base5_freeEPc
                0x08006ff4       0x10 bn_generic_pool.o
                0x08006ff4                bn::igeneric_pool_base::_free(char*)
 .text._ZN3_bn6assert9show_argsIA18_cEEvPKcS4_S4_iRKT_
                0x08007004       0x48 bn_generic_pool.o
                0x08007004                void _bn::assert::show_args<char [18]>(char const*, char const*, char const*, int, char const (&) [18])
 .text._ZN2bn18igeneric_pool_baseD2Ev
                0x0800704c       0x30 bn_generic_pool.o
                0x0800704c                bn::igeneric_pool_base::~igeneric_pool_base()
                0x0800704c                bn::igeneric_pool_base::~igeneric_pool_base()
 .text._ZN2bn18igeneric_pool_base9_allocateEv
                0x0800707c       0x48 bn_generic_pool.o
                0x0800707c                bn::igeneric_pool_base::_allocate()
 .text._ZN2bn12gpio_manager6commitEv
                0x080070c4       0x48 bn_gpio_manager.o
                0x080070c4                bn::gpio_manager::commit()
 .text._ZN2bn12gpio_manager4stopEv
                0x0800710c       0x3c bn_gpio_manager.o
                0x0800710c                bn::gpio_manager::stop()
 .text._ZN2bn22hblank_effects_manager12_GLOBAL__N_19item_type18_output_values_ptrEv
                0x08007148       0x40 bn_hblank_effects_manager.o
 .text._ZN2bn7type_idINS_4pairIiiEEEENS_9type_id_tEv
                0x08007188        0x8 bn_hblank_effects_manager.o
                0x08007188                bn::type_id_t bn::type_id<bn::pair<int, int> >()
 .text._ZN2bn7type_idINS_33regular_bg_attributes_hbe_handler15last_value_typeEEENS_9type_id_tEv
                0x08007190        0x8 bn_hblank_effects_manager.o
                0x08007190                bn::type_id_t bn::type_id<bn::regular_bg_attributes_hbe_handler::last_value_type>()
 .text._ZN2bn7type_idINS_32affine_bg_attributes_hbe_handler15last_value_typeEEENS_9type_id_tEv
                0x08007198        0x8 bn_hblank_effects_manager.o
                0x08007198                bn::type_id_t bn::type_id<bn::affine_bg_attributes_hbe_handler::last_value_type>()
 .text._ZN2bn7type_idIiEENS_9type_id_tEv
                0x080071a0        0x8 bn_hblank_effects_manager.o
                0x080071a0                bn::type_id_t bn::type_id<int>()
 .text._ZN2bn7type_idINS_47affine_bg_pivot_horizontal_position_hbe_handler15last_value_typeEEENS_9type_id_tEv
                0x080071a8        0x8 bn_hblank_effects_manager.o
                0x080071a8                bn::type_id_t bn::type_id<bn::affine_bg_pivot_horizontal_position_hbe_handler::last_value_type>()
 .text._ZN2bn7type_idINS_45affine_bg_pivot_vertical_position_hbe_handler15last_value_typeEEENS_9type_id_tEv
                0x080071b0        0x8 bn_hblank_effects_manager.o
                0x080071b0                bn::type_id_t bn::type_id<bn::affine_bg_pivot_vertical_position_hbe_handler::last_value_type>()
 .text._ZN2bn7type_idINS_35sprite_first_attributes_hbe_handler15last_value_typeEEENS_9type_id_tEv
                0x080071b8        0x8 bn_hblank_effects_manager.o
                0x080071b8                bn::type_id_t bn::type_id<bn::sprite_first_attributes_hbe_handler::last_value_type>()
 .text._ZN2bn7type_idINS_35sprite_second_attributes_last_valueEEENS_9type_id_tEv
                0x080071c0        0x8 bn_hblank_effects_manager.o
                0x080071c0                bn::type_id_t bn::type_id<bn::sprite_second_attributes_last_value>()
 .text._ZN2bn7type_idINS_17sprite_shape_sizeEEENS_9type_id_tEv
                0x080071c8        0x8 bn_hblank_effects_manager.o
                0x080071c8                bn::type_id_t bn::type_id<bn::sprite_shape_size>()
 .text._ZN2bn22hblank_effects_manager7disableEv
                0x080071d0       0x24 bn_hblank_effects_manager.o
                0x080071d0                bn::hblank_effects_manager::disable()
 .text._ZN2bn22hblank_effects_manager6commitEv
                0x080071f4       0x74 bn_hblank_effects_manager.o
                0x080071f4                bn::hblank_effects_manager::commit()
 .text._ZN2bn22hblank_effects_manager12_GLOBAL__N_1L10_is_uint32ENS0_12handler_typeE
                0x08007268       0x60 bn_hblank_effects_manager.o
 .text._ZN2bn4iany5valueINS_4pairIiiEEEERT_v.part.0
                0x080072c8       0x24 bn_hblank_effects_manager.o
 .text._ZNK2bn4iany5valueINS_4pairIiiEEEERKT_v.part.0
                0x080072ec       0x24 bn_hblank_effects_manager.o
 .text._ZN2bn22hblank_effects_manager12_GLOBAL__N_19item_type12check_updateEv
                0x08007310     0x1900 bn_hblank_effects_manager.o
 .text._ZN2bn22hblank_effects_manager6updateEv
                0x08008c10      0x1f4 bn_hblank_effects_manager.o
                0x08008c10                bn::hblank_effects_manager::update()
 .text._ZN2bn7ivectorIaE9push_backEOa.part.0
                0x08008e04       0x28 bn_hblank_effects_manager.o
 .text._ZN2bn22hblank_effects_manager4initEv
                0x08008e2c       0xac bn_hblank_effects_manager.o
                0x08008e2c                bn::hblank_effects_manager::init()
 .text._ZN3_bn6assert9show_argsIJA39_cPKN2bn5colorEA4_ciEEEvPKcS9_S9_iDpRKT_
                0x08008ed8       0x64 bn_hblank_effects_manager.o
                0x08008ed8                void _bn::assert::show_args<char [39], bn::color const*, char [4], int>(char const*, char const*, char const*, int, char const (&) [39], bn::color const* const&, char const (&) [4], int const&)
 .text.startup._GLOBAL__sub_I__ZN2bn4hbes10used_countEv
                0x08008f3c       0xfc bn_hblank_effects_manager.o
 .text.exit._GLOBAL__sub_D__ZN2bn4hbes10used_countEv
                0x08009038       0x3c bn_hblank_effects_manager.o
 .text._ZN2bn12hdma_manager7disableEv
                0x08009074       0x30 bn_hdma_manager.o
                0x08009074                bn::hdma_manager::disable()
 .text._ZN2bn12hdma_manager10force_stopEv
                0x080090a4       0x3c bn_hdma_manager.o
                0x080090a4                bn::hdma_manager::force_stop()
 .text._ZN2bn12hdma_manager6updateEv
                0x080090e0       0x6c bn_hdma_manager.o
                0x080090e0                bn::hdma_manager::update()
 .text._ZN2bn12hdma_manager6commitEb
                0x0800914c      0x110 bn_hdma_manager.o
                0x0800914c                bn::hdma_manager::commit(bool)
 .text.startup._GLOBAL__sub_I__ZN2bn4hdma7runningEv
                0x0800925c       0x34 bn_hdma_manager.o
 .text._ZN2bn6keypad9a_pressedEv
                0x08009290       0x10 bn_keypad_manager.o
                0x08009290                bn::keypad::a_pressed()
 .text._ZN2bn6keypad13start_pressedEv
                0x080092a0       0x10 bn_keypad_manager.o
                0x080092a0                bn::keypad::start_pressed()
 .text._ZN2bn6keypad10right_heldEv
                0x080092b0       0x10 bn_keypad_manager.o
                0x080092b0                bn::keypad::right_held()
 .text._ZN2bn6keypad9left_heldEv
                0x080092c0       0x10 bn_keypad_manager.o
                0x080092c0                bn::keypad::left_held()
 .text._ZN2bn14keypad_manager4stopEv
                0x080092d0        0x4 bn_keypad_manager.o
                0x080092d0                bn::keypad_manager::stop()
 .text._ZN2bn14keypad_manager6updateEv
                0x080092d4       0xa8 bn_keypad_manager.o
                0x080092d4                bn::keypad_manager::update()
 .text._ZN3_bn6assert9show_argsIA24_ciEEvPKcS4_S4_iRKT_RKT0_
                0x0800937c       0x54 bn_keypad_manager.o
                0x0800937c                void _bn::assert::show_args<char [24], int>(char const*, char const*, char const*, int, char const (&) [24], int const&)
 .text._ZN2bn14keypad_manager4initERKNS_11string_viewE
                0x080093d0       0x58 bn_keypad_manager.o
                0x080093d0                bn::keypad_manager::init(bn::string_view const&)
 .text._ZN2bn12link_manager4initEv
                0x08009428        0xc bn_link_manager.o
                0x08009428                bn::link_manager::init()
 .text._ZN2bn12link_manager6activeEv
                0x08009434        0xc bn_link_manager.o
                0x08009434                bn::link_manager::active()
 .text._ZN2bn12link_manager7disableEv
                0x08009440       0x18 bn_link_manager.o
                0x08009440                bn::link_manager::disable()
 .text._ZN3_bn6assert9show_argsIA28_ciEEvPKcS4_S4_iRKT_RKT0_
                0x08009458       0x54 bn_link_manager.o
                0x08009458                void _bn::assert::show_args<char [28], int>(char const*, char const*, char const*, int, char const (&) [28], int const&)
 .text._ZN2bn3logERKNS_12istring_baseE
                0x080094ac        0xc bn_log.o
                0x080094ac                bn::log(bn::istring_base const&)
 .text._ZN3_bn9sqrt_implEi
                0x080094b8       0x18 bn_math.o
                0x080094b8                _bn::sqrt_impl(int)
 .text._ZN2bn14memory_manager4initEv
                0x080094d0       0x20 bn_memory_manager.o
                0x080094d0                bn::memory_manager::init()
 .text.exit._GLOBAL__sub_D__Znwj
                0x080094f0       0x14 bn_memory_manager.o
 .text._ZN2bn2hw8palettes9grayscaleEPKNS_5colorEiiPS2_.part.0
                0x08009504       0x40 bn_palettes_manager.o
 .text._ZN2bn14bg_palette_ptrC2ERKS0_
                0x08009544       0x2c bn_palettes_manager.o
                0x08009544                bn::bg_palette_ptr::bg_palette_ptr(bn::bg_palette_ptr const&)
                0x08009544                bn::bg_palette_ptr::bg_palette_ptr(bn::bg_palette_ptr const&)
 .text._ZNK2bn14bg_palette_ptr3bppEv
                0x08009570       0x20 bn_palettes_manager.o
                0x08009570                bn::bg_palette_ptr::bpp() const
 .text._ZN2bn18sprite_palette_ptrC2ERKS0_
                0x08009590       0x1c bn_palettes_manager.o
                0x08009590                bn::sprite_palette_ptr::sprite_palette_ptr(bn::sprite_palette_ptr const&)
                0x08009590                bn::sprite_palette_ptr::sprite_palette_ptr(bn::sprite_palette_ptr const&)
 .text._ZNK2bn18sprite_palette_ptr3bppEv
                0x080095ac       0x1c bn_palettes_manager.o
                0x080095ac                bn::sprite_palette_ptr::bpp() const
 .text._ZNK2bn13palettes_bank10log_statusEv
                0x080095c8      0x17c bn_palettes_manager.o
                0x080095c8                bn::palettes_bank::log_status() const
 .text._ZNK2bn13palettes_bank20retrieve_commit_dataEv
                0x08009744       0x4c bn_palettes_manager.o
                0x08009744                bn::palettes_bank::retrieve_commit_data() const
 .text._ZNK2bn13palettes_bank12_same_colorsERKNS_4spanIKNS_5colorEEEi
                0x08009790       0x4c bn_palettes_manager.o
                0x08009790                bn::palettes_bank::_same_colors(bn::span<bn::color const> const&, int) const
 .text._ZN2bn13palettes_bank10find_bpp_4ERKNS_4spanIKNS_5colorEEEt
                0x080097dc       0xe0 bn_palettes_manager.o
                0x080097dc                bn::palettes_bank::find_bpp_4(bn::span<bn::color const> const&, unsigned short)
 .text._ZNK2bn13palettes_bank21_apply_global_effectsEiPNS_5colorE
                0x080098bc      0x128 bn_palettes_manager.o
                0x080098bc                bn::palettes_bank::_apply_global_effects(int, bn::color*) const
 .text._ZNK2bn13palettes_bank25fill_hblank_effect_colorsEPKNS_5colorEPt
                0x080099e4       0x30 bn_palettes_manager.o
                0x080099e4                bn::palettes_bank::fill_hblank_effect_colors(bn::color const*, unsigned short*) const
 .text._ZNK2bn13palettes_bank7palette13apply_effectsEiPNS_5colorE
                0x08009a14       0xb0 bn_palettes_manager.o
                0x08009a14                bn::palettes_bank::palette::apply_effects(int, bn::color*) const
 .text._ZNK2bn13palettes_bank25fill_hblank_effect_colorsEiPKNS_5colorEPt
                0x08009ac4       0x44 bn_palettes_manager.o
                0x08009ac4                bn::palettes_bank::fill_hblank_effect_colors(int, bn::color const*, unsigned short*) const
 .text._ZN2bn13palettes_bank15_update_paletteEi
                0x08009b08       0x6c bn_palettes_manager.o
                0x08009b08                bn::palettes_bank::_update_palette(int)
 .text._ZN2bn13palettes_bank6updateEv
                0x08009b74      0x124 bn_palettes_manager.o
                0x08009b74                bn::palettes_bank::update()
 .text._ZN2bn16palettes_manager20sprite_palettes_bankEv
                0x08009c98        0x8 bn_palettes_manager.o
                0x08009c98                bn::palettes_manager::sprite_palettes_bank()
 .text._ZN2bn16palettes_manager16bg_palettes_bankEv
                0x08009ca0        0x8 bn_palettes_manager.o
                0x08009ca0                bn::palettes_manager::bg_palettes_bank()
 .text._ZN2bn16palettes_manager6updateEv
                0x08009ca8       0x20 bn_palettes_manager.o
                0x08009ca8                bn::palettes_manager::update()
 .text._ZN2bn16palettes_manager6commitEb
                0x08009cc8       0xe4 bn_palettes_manager.o
                0x08009cc8                bn::palettes_manager::commit(bool)
 .text._ZN2bn16palettes_manager4stopEv
                0x08009dac       0x20 bn_palettes_manager.o
                0x08009dac                bn::palettes_manager::stop()
 .text._ZN3_bn6assert9show_argsIA35_cEEvPKcS4_S4_iRKT_
                0x08009dcc       0x48 bn_palettes_manager.o
                0x08009dcc                void _bn::assert::show_args<char [35]>(char const*, char const*, char const*, int, char const (&) [35])
 .text._ZN2bn13palettes_bank11colors_hashERKNS_4spanIKNS_5colorEEE
                0x08009e14       0x50 bn_palettes_manager.o
                0x08009e14                bn::palettes_bank::colors_hash(bn::span<bn::color const> const&)
 .text._ZN3_bn6assert9show_argsIJA43_ciA36_cA42_cEEEvPKcS6_S6_iDpRKT_
                0x08009e64       0x64 bn_palettes_manager.o
                0x08009e64                void _bn::assert::show_args<char [43], int, char [36], char [42]>(char const*, char const*, char const*, int, char const (&) [43], int const&, char const (&) [36], char const (&) [42])
 .text._ZN2bn13palettes_bank12create_bpp_8ERKNS_4spanIKNS_5colorEEENS_16compression_typeEb
                0x08009ec8      0x24c bn_palettes_manager.o
                0x08009ec8                bn::palettes_bank::create_bpp_8(bn::span<bn::color const> const&, bn::compression_type, bool)
 .text._ZNK2bn15bg_palette_item10decompressENS_4spanINS_5colorEEE
                0x0800a114      0x188 bn_palettes_manager.o
                0x0800a114                bn::bg_palette_item::decompress(bn::span<bn::color>) const
 .text._ZNK2bn19sprite_palette_item10decompressENS_4spanINS_5colorEEE
                0x0800a29c      0x188 bn_palettes_manager.o
                0x0800a29c                bn::sprite_palette_item::decompress(bn::span<bn::color>) const
 .text._ZN2bn13palettes_bank12create_bpp_4ERKNS_4spanIKNS_5colorEEEtb
                0x0800a424      0x26c bn_palettes_manager.o
                0x0800a424                bn::palettes_bank::create_bpp_4(bn::span<bn::color const> const&, unsigned short, bool)
 .text._ZN2bn12_GLOBAL__N_1L12_create_implERKNS_15bg_palette_itemEb
                0x0800a690       0xa0 bn_palettes_manager.o
 .text._ZN2bn14bg_palette_ptr6createERKNS_15bg_palette_itemE
                0x0800a730       0x54 bn_palettes_manager.o
                0x0800a730                bn::bg_palette_ptr::create(bn::bg_palette_item const&)
 .text._ZNK2bn15bg_palette_item14create_paletteEv
                0x0800a784       0x10 bn_palettes_manager.o
                0x0800a784                bn::bg_palette_item::create_palette() const
 .text._ZN2bn12_GLOBAL__N_1L12_create_implERKNS_19sprite_palette_itemEb
                0x0800a794       0x88 bn_palettes_manager.o
 .text._ZNK2bn19sprite_palette_item14create_paletteEv
                0x0800a81c       0x48 bn_palettes_manager.o
                0x0800a81c                bn::sprite_palette_item::create_palette() const
 .text._ZN2bn14iunordered_mapItsNS_13palettes_bank15identity_hasherENS_8equal_toItEEE5eraseERKNS5_14const_iteratorE.isra.0
                0x0800a864      0x15c bn_palettes_manager.o
 .text._ZN2bn13palettes_bank15decrease_usagesEi.part.0
                0x0800a9c0       0xc4 bn_palettes_manager.o
 .text._ZN2bn14bg_palette_ptrD2Ev
                0x0800aa84       0x3c bn_palettes_manager.o
                0x0800aa84                bn::bg_palette_ptr::~bg_palette_ptr()
                0x0800aa84                bn::bg_palette_ptr::~bg_palette_ptr()
 .text._ZN2bn18sprite_palette_ptrD2Ev
                0x0800aac0       0x30 bn_palettes_manager.o
                0x0800aac0                bn::sprite_palette_ptr::~sprite_palette_ptr()
                0x0800aac0                bn::sprite_palette_ptr::~sprite_palette_ptr()
 .text._ZN2bn14bg_palette_ptraSERKS0_
                0x0800aaf0       0x74 bn_palettes_manager.o
                0x0800aaf0                bn::bg_palette_ptr::operator=(bn::bg_palette_ptr const&)
 .text.startup._GLOBAL__sub_I__ZN2bn11bg_palettes17used_colors_countEv
                0x0800ab64      0x1d8 bn_palettes_manager.o
 .text._ZN2bn26sprite_affine_mats_manager12_GLOBAL__N_1L19_sprite_double_sizeILi32ELi16EEEbiiiii
                0x0800ad3c       0x84 bn_sprite_affine_mats_manager.o
 .text._ZN2bn26sprite_affine_mats_manager12_GLOBAL__N_1L19_sprite_double_sizeILi16ELi32EEEbiiiii
                0x0800adc0       0x84 bn_sprite_affine_mats_manager.o
 .text._ZNK2bn21sprite_affine_mat_ptr15horizontal_flipEv
                0x0800ae44       0x18 bn_sprite_affine_mats_manager.o
                0x0800ae44                bn::sprite_affine_mat_ptr::horizontal_flip() const
 .text._ZNK2bn21sprite_affine_mat_ptr13vertical_flipEv
                0x0800ae5c       0x18 bn_sprite_affine_mats_manager.o
                0x0800ae5c                bn::sprite_affine_mat_ptr::vertical_flip() const
 .text._ZNK2bn21sprite_affine_mat_ptr16flipped_identityEv
                0x0800ae74       0x14 bn_sprite_affine_mats_manager.o
                0x0800ae74                bn::sprite_affine_mat_ptr::flipped_identity() const
 .text._ZN2bn26sprite_affine_mats_manager13attach_spriteEiRNS_24intrusive_list_node_typeE
                0x0800ae88       0x2c bn_sprite_affine_mats_manager.o
                0x0800ae88                bn::sprite_affine_mats_manager::attach_sprite(int, bn::intrusive_list_node_type&)
 .text._ZN2bn26sprite_affine_mats_manager18sprite_double_sizeEiRKNS_17sprite_shape_sizeE
                0x0800aeb4      0x1d8 bn_sprite_affine_mats_manager.o
                0x0800aeb4                bn::sprite_affine_mats_manager::sprite_double_size(int, bn::sprite_shape_size const&)
 .text._ZN2bn26sprite_affine_mats_manager20retrieve_commit_dataEv
                0x0800b08c       0x38 bn_sprite_affine_mats_manager.o
                0x0800b08c                bn::sprite_affine_mats_manager::retrieve_commit_data()
 .text._ZN3_bn6assert9show_argsIA37_cEEvPKcS4_S4_iRKT_
                0x0800b0c4       0x48 bn_sprite_affine_mats_manager.o
                0x0800b0c4                void _bn::assert::show_args<char [37]>(char const*, char const*, char const*, int, char const (&) [37])
 .text._ZN2bn7ivectorIaE9push_backEOa.part.0
                0x0800b10c       0x28 bn_sprite_affine_mats_manager.o
 .text._ZN2bn26sprite_affine_mats_manager15decrease_usagesEi
                0x0800b134       0x4c bn_sprite_affine_mats_manager.o
                0x0800b134                bn::sprite_affine_mats_manager::decrease_usages(int)
 .text._ZN2bn26sprite_affine_mats_manager6updateEv
                0x0800b180       0x90 bn_sprite_affine_mats_manager.o
                0x0800b180                bn::sprite_affine_mats_manager::update()
 .text._ZN2bn26sprite_affine_mats_manager4initEPv
                0x0800b210       0x44 bn_sprite_affine_mats_manager.o
                0x0800b210                bn::sprite_affine_mats_manager::init(void*)
 .text._ZN2bn21sprite_affine_mat_ptrD2Ev
                0x0800b254       0x60 bn_sprite_affine_mats_manager.o
                0x0800b254                bn::sprite_affine_mat_ptr::~sprite_affine_mat_ptr()
                0x0800b254                bn::sprite_affine_mat_ptr::~sprite_affine_mat_ptr()
 .text._ZN2bn26sprite_affine_mats_manager14dettach_spriteEiRNS_24intrusive_list_node_typeE
                0x0800b2b4       0x54 bn_sprite_affine_mats_manager.o
                0x0800b2b4                bn::sprite_affine_mats_manager::dettach_sprite(int, bn::intrusive_list_node_type&)
 .text.startup._GLOBAL__sub_I__ZN2bn18sprite_affine_mats10used_countEv
                0x0800b308       0x98 bn_sprite_affine_mats_manager.o
 .text.exit._GLOBAL__sub_D__ZN2bn18sprite_affine_mats10used_countEv
                0x0800b3a0       0x3c bn_sprite_affine_mats_manager.o
 .text._ZN2bn15sprites_manager12_GLOBAL__N_1L25_update_indexes_to_commitERKNS_20sprites_manager_itemE
                0x0800b3dc       0x4c bn_sprites_manager.o
 .text._ZN2bn13ostringstream11append_argsIiJA4_ciEEEvRKT_DpRKT0_.isra.0
                0x0800b428       0x24 bn_sprites_manager.o
 .text._ZN2bn15sprites_manager12_GLOBAL__N_1L23_update_item_dimensionsERNS_20sprites_manager_itemE
                0x0800b44c       0xc0 bn_sprites_manager.o
 .text._ZN2bn10sprite_ptr12set_positionENS_7fixed_tILi12EEES2_
                0x0800b50c       0x70 bn_sprites_manager.o
                0x0800b50c                bn::sprite_ptr::set_position(bn::fixed_t<12>, bn::fixed_t<12>)
 .text._ZN2bn10sprite_ptr11set_visibleEb
                0x0800b57c       0x68 bn_sprites_manager.o
                0x0800b57c                bn::sprite_ptr::set_visible(bool)
 .text._ZN2bn15sprites_manager4initEv
                0x0800b5e4       0x40 bn_sprites_manager.o
                0x0800b5e4                bn::sprites_manager::init()
 .text._ZN2bn15sprites_manager5hw_idEPv
                0x0800b624        0x8 bn_sprites_manager.o
                0x0800b624                bn::sprites_manager::hw_id(void*)
 .text._ZN2bn15sprites_manager5shapeEPv
                0x0800b62c        0x8 bn_sprites_manager.o
                0x0800b62c                bn::sprites_manager::shape(void*)
 .text._ZN2bn15sprites_manager4sizeEPv
                0x0800b634        0x8 bn_sprites_manager.o
                0x0800b634                bn::sprites_manager::size(void*)
 .text._ZN2bn15sprites_manager10shape_sizeEPv
                0x0800b63c       0x14 bn_sprites_manager.o
                0x0800b63c                bn::sprites_manager::shape_size(void*)
 .text._ZN2bn15sprites_manager11hw_positionEPv
                0x0800b650        0x4 bn_sprites_manager.o
                0x0800b650                bn::sprites_manager::hw_position(void*)
 .text._ZN2bn15sprites_manager9view_modeEPv
                0x0800b654        0xc bn_sprites_manager.o
                0x0800b654                bn::sprites_manager::view_mode(void*)
 .text._ZN2bn15sprites_manager10affine_matEPv
                0x0800b660        0x4 bn_sprites_manager.o
                0x0800b660                bn::sprites_manager::affine_mat(void*)
 .text._ZN2bn15sprites_manager39fill_hblank_effect_horizontal_positionsEPviPKNS_7fixed_tILi12EEEPt
                0x0800b664       0x4c bn_sprites_manager.o
                0x0800b664                bn::sprites_manager::fill_hblank_effect_horizontal_positions(void*, int, bn::fixed_t<12> const*, unsigned short*)
 .text._ZN2bn15sprites_manager37fill_hblank_effect_vertical_positionsEPviPKNS_7fixed_tILi12EEEPt
                0x0800b6b0       0x4c bn_sprites_manager.o
                0x0800b6b0                bn::sprites_manager::fill_hblank_effect_vertical_positions(void*, int, bn::fixed_t<12> const*, unsigned short*)
 .text._ZN2bn15sprites_manager35fill_hblank_effect_first_attributesEiNS_12sprite_shapeENS_8bpp_modeEiPKNS_23sprite_first_attributesEPt
                0x0800b6fc       0xc8 bn_sprites_manager.o
                0x0800b6fc                bn::sprites_manager::fill_hblank_effect_first_attributes(int, bn::sprite_shape, bn::bpp_mode, int, bn::sprite_first_attributes const*, unsigned short*)
 .text._ZN2bn15sprites_manager44fill_hblank_effect_regular_second_attributesEPviNS_11sprite_sizeEPKNS_32sprite_regular_second_attributesEPt
                0x0800b7c4       0x60 bn_sprites_manager.o
                0x0800b7c4                bn::sprites_manager::fill_hblank_effect_regular_second_attributes(void*, int, bn::sprite_size, bn::sprite_regular_second_attributes const*, unsigned short*)
 .text._ZN2bn15sprites_manager43fill_hblank_effect_affine_second_attributesEPviNS_11sprite_sizeEPKNS_31sprite_affine_second_attributesEPt
                0x0800b824       0x58 bn_sprites_manager.o
                0x0800b824                bn::sprites_manager::fill_hblank_effect_affine_second_attributes(void*, int, bn::sprite_size, bn::sprite_affine_second_attributes const*, unsigned short*)
 .text._ZN2bn15sprites_manager14update_camerasEv
                0x0800b87c       0x28 bn_sprites_manager.o
                0x0800b87c                bn::sprites_manager::update_cameras()
 .text._ZN2bn15sprites_manager6commitEb
                0x0800b8a4       0xa4 bn_sprites_manager.o
                0x0800b8a4                bn::sprites_manager::commit(bool)
 .text._ZN3_bn6assert9show_argsIA54_cEEvPKcS4_S4_iRKT_
                0x0800b948       0x48 bn_sprites_manager.o
                0x0800b948                void _bn::assert::show_args<char [54]>(char const*, char const*, char const*, int, char const (&) [54])
 .text._ZNK2bn17sprite_shape_size11tiles_countENS_8bpp_modeE.isra.0
                0x0800b990      0x140 bn_sprites_manager.o
 .text._ZN2bn8optionalINS_18sprite_palette_ptrEEdeEv.part.0
                0x0800bad0       0x28 bn_sprites_manager.o
 .text._ZN2bn15sprites_manager12_GLOBAL__N_1L18_remove_affine_matERNS_20sprites_manager_itemE
                0x0800baf8       0xb0 bn_sprites_manager.o
 .text._ZN2bn15sprites_manager40remove_identity_affine_mat_if_not_neededEPv
                0x0800bba8       0x18 bn_sprites_manager.o
                0x0800bba8                bn::sprites_manager::remove_identity_affine_mat_if_not_needed(void*)
 .text._ZN2bn14sprite_builder13release_tilesEv
                0x0800bbc0       0x58 bn_sprites_manager.o
                0x0800bbc0                bn::sprite_builder::release_tiles()
 .text._ZN2bn14sprite_builder15release_paletteEv
                0x0800bc18       0x58 bn_sprites_manager.o
                0x0800bc18                bn::sprite_builder::release_palette()
 .text._ZN2bn8optionalINS_16sprite_tiles_ptrEEptEv.part.0
                0x0800bc70       0x28 bn_sprites_manager.o
 .text._ZNK2bn8optionalINS_16sprite_tiles_ptrEEdeEv.part.0
                0x0800bc98       0x28 bn_sprites_manager.o
 .text._ZN2bn15sprites_manager7paletteEPv
                0x0800bcc0       0x14 bn_sprites_manager.o
                0x0800bcc0                bn::sprites_manager::palette(void*)
 .text._ZN2bn20sprites_manager_item13_builder_initERKNS_14sprite_builderE
                0x0800bcd4      0x31c bn_sprites_manager.o
                0x0800bcd4                bn::sprites_manager_item::_builder_init(bn::sprite_builder const&)
 .text._ZN2bn14sprite_builder11set_z_orderEi
                0x0800bff0       0x44 bn_sprites_manager.o
                0x0800bff0                bn::sprite_builder::set_z_order(int)
 .text._ZN2bn14sprite_builderC2ERKNS_17sprite_shape_sizeENS_16sprite_tiles_ptrENS_18sprite_palette_ptrE
                0x0800c034      0x100 bn_sprites_manager.o
                0x0800c034                bn::sprite_builder::sprite_builder(bn::sprite_shape_size const&, bn::sprite_tiles_ptr, bn::sprite_palette_ptr)
                0x0800c034                bn::sprite_builder::sprite_builder(bn::sprite_shape_size const&, bn::sprite_tiles_ptr, bn::sprite_palette_ptr)
 .text._ZN2bn14sprite_builder15set_bg_priorityEi
                0x0800c134       0x38 bn_sprites_manager.o
                0x0800c134                bn::sprite_builder::set_bg_priority(int)
 .text._ZN2bn15sprites_manager6updateEv
                0x0800c16c      0x170 bn_sprites_manager.o
                0x0800c16c                bn::sprites_manager::update()
 .text._ZN3_bn6assert9show_argsIJA27_ciA4_ciEEEvPKcS5_S5_iDpRKT_
                0x0800c2dc       0x58 bn_sprites_manager.o
                0x0800c2dc                void _bn::assert::show_args<char [27], int, char [4], int>(char const*, char const*, char const*, int, char const (&) [27], int const&, char const (&) [4], int const&)
 .text._ZN2bn15sprites_manager35fill_hblank_effect_third_attributesENS_17sprite_shape_sizeEPKNS_23sprite_third_attributesEPt
                0x0800c334       0xc4 bn_sprites_manager.o
                0x0800c334                bn::sprites_manager::fill_hblank_effect_third_attributes(bn::sprite_shape_size, bn::sprite_third_attributes const*, unsigned short*)
 .text._ZN2bn14sorted_sprites6sorter6insertERNS_20sprites_manager_itemE
                0x0800c3f8      0x170 bn_sprites_manager.o
                0x0800c3f8                bn::sorted_sprites::sorter::insert(bn::sprites_manager_item&)
 .text._ZN2bn15sprites_manager6createERKNS_11fixed_pointERKNS_17sprite_shape_sizeEONS_16sprite_tiles_ptrEONS_18sprite_palette_ptrE
                0x0800c568      0x1cc bn_sprites_manager.o
                0x0800c568                bn::sprites_manager::create(bn::fixed_point const&, bn::sprite_shape_size const&, bn::sprite_tiles_ptr&&, bn::sprite_palette_ptr&&)
 .text._ZNK2bn11sprite_item13create_spriteENS_7fixed_tILi12EEES2_
                0x0800c734       0x44 bn_sprites_manager.o
                0x0800c734                bn::sprite_item::create_sprite(bn::fixed_t<12>, bn::fixed_t<12>) const
 .text._ZN2bn15sprites_manager6createEONS_14sprite_builderE
                0x0800c778      0x16c bn_sprites_manager.o
                0x0800c778                bn::sprites_manager::create(bn::sprite_builder&&)
 .text._ZN2bn10sprite_ptr6createEONS_14sprite_builderE
                0x0800c8e4       0x14 bn_sprites_manager.o
                0x0800c8e4                bn::sprite_ptr::create(bn::sprite_builder&&)
 .text._ZN2bn14intrusive_listINS_20sprites_manager_itemEE5eraseERS1_.part.0
                0x0800c8f8       0x28 bn_sprites_manager.o
 .text._ZN2bn15sprites_manager15decrease_usagesEPv
                0x0800c920      0x164 bn_sprites_manager.o
                0x0800c920                bn::sprites_manager::decrease_usages(void*)
 .text._ZN2bn10sprite_ptraSERKS0_
                0x0800ca84       0x28 bn_sprites_manager.o
                0x0800ca84                bn::sprite_ptr::operator=(bn::sprite_ptr const&)
 .text._ZN2bn10sprite_ptrD2Ev
                0x0800caac       0x18 bn_sprites_manager.o
                0x0800caac                bn::sprite_ptr::~sprite_ptr()
                0x0800caac                bn::sprite_ptr::~sprite_ptr()
 .text.startup._GLOBAL__sub_I__ZN2bn7sprites16used_items_countEv
                0x0800cac4       0x98 bn_sprites_manager.o
 .text.exit._GLOBAL__sub_D__ZN2bn7sprites16used_items_countEv
                0x0800cb5c       0x4c bn_sprites_manager.o
 .text._ZN2bn21sprite_text_generator5_initEv
                0x0800cba8      0x178 bn_sprite_text_generator.o
                0x0800cba8                bn::sprite_text_generator::_init()
 .text._ZN2bn21sprite_text_generatorC2ERKNS_11sprite_fontE
                0x0800cd20       0x2c bn_sprite_text_generator.o
                0x0800cd20                bn::sprite_text_generator::sprite_text_generator(bn::sprite_font const&)
                0x0800cd20                bn::sprite_text_generator::sprite_text_generator(bn::sprite_font const&)
 .text._ZNK2bn17sprite_tiles_item18graphics_tiles_refEi.part.0
                0x0800cd4c       0x24 bn_sprite_text_generator.o
 .text._ZN3_bn6assert9show_argsIJA25_ciA4_ctEEEvPKcS5_S5_iDpRKT_
                0x0800cd70       0x64 bn_sprite_text_generator.o
                0x0800cd70                void _bn::assert::show_args<char [25], int, char [4], unsigned short>(char const*, char const*, char const*, int, char const (&) [25], int const&, char const (&) [4], unsigned short const&)
 .text._ZN2bn8optionalINS_16sprite_tiles_ptrEEdeEv.part.0
                0x0800cdd4       0x28 bn_sprite_text_generator.o
 .text._ZN2bn8optionalINS_4spanINS_4tileEEEEptEv.part.0
                0x0800cdfc       0x28 bn_sprite_text_generator.o
 .text._ZN2bn14utf8_characterC2ERKc
                0x0800ce24      0x144 bn_sprite_text_generator.o
                0x0800ce24                bn::utf8_character::utf8_character(char const&)
                0x0800ce24                bn::utf8_character::utf8_character(char const&)
 .text._ZN2bn12_GLOBAL__N_1L15_graphics_indexEcRKNS_23utf8_characters_map_refEPKcRi.part.0
                0x0800cf68       0x8c bn_sprite_text_generator.o
 .text._ZN3_bn6assert9show_argsIJA20_ccA9_cN2bn11string_viewEA2_cEEEvPKcS8_S8_iDpRKT_
                0x0800cff4       0x6c bn_sprite_text_generator.o
                0x0800cff4                void _bn::assert::show_args<char [20], char, char [9], bn::string_view, char [2]>(char const*, char const*, char const*, int, char const (&) [20], char const&, char const (&) [9], bn::string_view const&, char const (&) [2])
 .text._ZNK2bn21sprite_text_generator5widthERKNS_11string_viewE
                0x0800d060      0x240 bn_sprite_text_generator.o
                0x0800d060                bn::sprite_text_generator::width(bn::string_view const&) const
 .text._ZN3_bn6assert9show_argsIA55_cEEvPKcS4_S4_iRKT_
                0x0800d2a0       0x48 bn_sprite_text_generator.o
                0x0800d2a0                void _bn::assert::show_args<char [55]>(char const*, char const*, char const*, int, char const (&) [55])
 .text._ZN2bn12_GLOBAL__N_1L20_build_sprite_assertILNS_11sprite_sizeE1EEEPNS_4tileERKNS_21sprite_text_generatorERKNS_18sprite_palette_ptrERKNS_11fixed_pointERNS_7ivectorINS_10sprite_ptrEEE
                0x0800d2e8      0x190 bn_sprite_text_generator.o
 .text._ZN2bn12_GLOBAL__N_1L20_build_sprite_assertILNS_11sprite_sizeE2EEEPNS_4tileERKNS_21sprite_text_generatorERKNS_18sprite_palette_ptrERKNS_11fixed_pointERNS_7ivectorINS_10sprite_ptrEEE
                0x0800d478      0x190 bn_sprite_text_generator.o
 .text._ZN2bn12_GLOBAL__N_1L9_generateILb0EEEbRKNS_21sprite_text_generatorERKNS_11fixed_pointERKNS_11string_viewERKNS_23utf8_characters_map_refEiibRNS_7ivectorINS_10sprite_ptrEEE.isra.0
                0x0800d608     0x10d8 bn_sprite_text_generator.o
 .text._ZNK2bn21sprite_text_generator8generateENS_7fixed_tILi12EEES2_RKNS_11string_viewERNS_7ivectorINS_10sprite_ptrEEE
                0x0800e6e0       0x40 bn_sprite_text_generator.o
                0x0800e6e0                bn::sprite_text_generator::generate(bn::fixed_t<12>, bn::fixed_t<12>, bn::string_view const&, bn::ivector<bn::sprite_ptr>&) const
 .text._ZNK2bn16sprite_tiles_ptr2idEv
                0x0800e720       0x18 bn_sprite_tiles_manager.o
                0x0800e720                bn::sprite_tiles_ptr::id() const
 .text._ZNK2bn16sprite_tiles_ptr11tiles_countEv
                0x0800e738       0x18 bn_sprite_tiles_manager.o
                0x0800e738                bn::sprite_tiles_ptr::tiles_count() const
 .text._ZN2bn20sprite_tiles_manager10log_statusEv
                0x0800e750      0x1e8 bn_sprite_tiles_manager.o
                0x0800e750                bn::sprite_tiles_manager::log_status()
 .text._ZN2bn20sprite_tiles_manager19commit_uncompressedEb
                0x0800e938       0xc4 bn_sprite_tiles_manager.o
                0x0800e938                bn::sprite_tiles_manager::commit_uncompressed(bool)
 .text._ZN2bn20sprite_tiles_manager17commit_compressedEv
                0x0800e9fc       0xdc bn_sprite_tiles_manager.o
                0x0800e9fc                bn::sprite_tiles_manager::commit_compressed()
 .text._ZNK2bn17sprite_tiles_item18graphics_tiles_refEv.part.0
                0x0800ead8       0x24 bn_sprite_tiles_manager.o
 .text._ZNK2bn17sprite_tiles_item18graphics_tiles_refEi.part.0
                0x0800eafc       0x24 bn_sprite_tiles_manager.o
 .text._ZN3_bn6assert9show_argsIJA44_cPKN2bn4tileEA4_cS6_EEEvPKcS9_S9_iDpRKT_
                0x0800eb20       0x64 bn_sprite_tiles_manager.o
                0x0800eb20                void _bn::assert::show_args<char [44], bn::tile const*, char [4], bn::tile const*>(char const*, char const*, char const*, int, char const (&) [44], bn::tile const* const&, char const (&) [4], bn::tile const* const&)
 .text._ZN3_bn6assert9show_argsIJA46_ciA4_cjEEEvPKcS5_S5_iDpRKT_
                0x0800eb84       0x64 bn_sprite_tiles_manager.o
                0x0800eb84                void _bn::assert::show_args<char [46], int, char [4], unsigned int>(char const*, char const*, char const*, int, char const (&) [46], int const&, char const (&) [4], unsigned int const&)
 .text._ZN3_bn6assert9show_argsIJA28_cA15_cPKN2bn4tileEA16_ciA34_cNS4_11string_viewEEEEvPKcSC_SC_iDpRKT_
                0x0800ebe8       0x7c bn_sprite_tiles_manager.o
                0x0800ebe8                void _bn::assert::show_args<char [28], char [15], bn::tile const*, char [16], int, char [34], bn::string_view>(char const*, char const*, char const*, int, char const (&) [28], char const (&) [15], bn::tile const* const&, char const (&) [16], int const&, char const (&) [34], bn::string_view const&)
 .text._ZN3_bn6assert9show_argsIJA44_ciA34_cN2bn11string_viewEEEEvPKcS7_S7_iDpRKT_
                0x0800ec64       0x64 bn_sprite_tiles_manager.o
                0x0800ec64                void _bn::assert::show_args<char [44], int, char [34], bn::string_view>(char const*, char const*, char const*, int, char const (&) [44], int const&, char const (&) [34], bn::string_view const&)
 .text._ZN2bn7ivectorItE9push_backEOt.part.0
                0x0800ecc8       0x28 bn_sprite_tiles_manager.o
 .text._ZN2bn20sprite_tiles_manager4initEv
                0x0800ecf0       0xd0 bn_sprite_tiles_manager.o
                0x0800ecf0                bn::sprite_tiles_manager::init()
 .text._ZN2bn20sprite_tiles_manager12_GLOBAL__N_1L17_insert_free_itemEiPt
                0x0800edc0       0xd4 bn_sprite_tiles_manager.o
 .text._ZN2bn20sprite_tiles_manager12_GLOBAL__N_1L21_erase_to_commit_itemEiRNS1_9item_typeE.part.0
                0x0800ee94      0x10c bn_sprite_tiles_manager.o
 .text._ZN2bn20sprite_tiles_manager15decrease_usagesEi
                0x0800efa0      0x138 bn_sprite_tiles_manager.o
                0x0800efa0                bn::sprite_tiles_manager::decrease_usages(int)
 .text._ZN2bn16sprite_tiles_ptrD2Ev
                0x0800f0d8       0x18 bn_sprite_tiles_manager.o
                0x0800f0d8                bn::sprite_tiles_ptr::~sprite_tiles_ptr()
                0x0800f0d8                bn::sprite_tiles_ptr::~sprite_tiles_ptr()
 .text._ZN2bn20sprite_tiles_manager12_GLOBAL__N_1L16_erase_free_itemEi
                0x0800f0f0       0xf8 bn_sprite_tiles_manager.o
 .text._ZN2bn20sprite_tiles_manager12_GLOBAL__N_1L10_find_implEPKNS_4tileENS_16compression_typeEi
                0x0800f1e8      0x2e0 bn_sprite_tiles_manager.o
 .text._ZN2bn14iunordered_mapIPKNS_4tileEiNS_4hashIS3_EENS_8equal_toIS3_EEE5eraseERKNS8_14const_iteratorE.isra.0
                0x0800f4c8      0x168 bn_sprite_tiles_manager.o
 .text._ZN2bn20sprite_tiles_manager12_GLOBAL__N_1L12_create_itemEiPKNS_4tileENS_16compression_typeEib
                0x0800f630      0x318 bn_sprite_tiles_manager.o
 .text._ZN2bn20sprite_tiles_manager12_GLOBAL__N_1L14_allocate_implEi
                0x0800f948      0x100 bn_sprite_tiles_manager.o
 .text._ZN2bn20sprite_tiles_manager8allocateEiNS_8bpp_modeE
                0x0800fa48       0xc0 bn_sprite_tiles_manager.o
                0x0800fa48                bn::sprite_tiles_manager::allocate(int, bn::bpp_mode)
 .text._ZN2bn16sprite_tiles_ptr8allocateEiNS_8bpp_modeE
                0x0800fb08       0x18 bn_sprite_tiles_manager.o
                0x0800fb08                bn::sprite_tiles_ptr::allocate(int, bn::bpp_mode)
 .text._ZN2bn20sprite_tiles_manager6updateEv
                0x0800fb20      0x220 bn_sprite_tiles_manager.o
                0x0800fb20                bn::sprite_tiles_manager::update()
 .text._ZN2bn20sprite_tiles_manager12_GLOBAL__N_1L12_create_implEPKNS_4tileENS_16compression_typeEi
                0x0800fd40      0x214 bn_sprite_tiles_manager.o
 .text._ZN2bn20sprite_tiles_manager6createERKNS_4spanIKNS_4tileEEENS_16compression_typeE
                0x0800ff54      0x140 bn_sprite_tiles_manager.o
                0x0800ff54                bn::sprite_tiles_manager::create(bn::span<bn::tile const> const&, bn::compression_type)
 .text._ZN2bn16sprite_tiles_ptr6createERKNS_17sprite_tiles_itemEi
                0x08010094       0xd0 bn_sprite_tiles_manager.o
                0x08010094                bn::sprite_tiles_ptr::create(bn::sprite_tiles_item const&, int)
 .text._ZNK2bn17sprite_tiles_item12create_tilesEv
                0x08010164       0x78 bn_sprite_tiles_manager.o
                0x08010164                bn::sprite_tiles_item::create_tiles() const
 .text._ZNK2bn17sprite_tiles_item12create_tilesEi
                0x080101dc       0xd0 bn_sprite_tiles_manager.o
                0x080101dc                bn::sprite_tiles_item::create_tiles(int) const
 .text._ZN2bn20sprite_tiles_manager4vramEi
                0x080102ac       0x3c bn_sprite_tiles_manager.o
                0x080102ac                bn::sprite_tiles_manager::vram(int)
 .text._ZN2bn16sprite_tiles_ptr4vramEv
                0x080102e8       0x14 bn_sprite_tiles_manager.o
                0x080102e8                bn::sprite_tiles_ptr::vram()
 .text.startup._GLOBAL__sub_I__ZN2bn12sprite_tiles16used_tiles_countEv
                0x080102fc      0x11c bn_sprite_tiles_manager.o
 .text._ZN2bn13ostringstreamC2ERNS_12istring_baseE
                0x08010418        0x8 bn_sstream.o
                0x08010418                bn::ostringstream::ostringstream(bn::istring_base&)
                0x08010418                bn::ostringstream::ostringstream(bn::istring_base&)
 .text._ZN2bn13ostringstream6appendEPKc
                0x08010420       0x94 bn_sstream.o
                0x08010420                bn::ostringstream::append(char const*)
 .text._ZN2bn13ostringstream6appendERKNS_11string_viewE
                0x080104b4       0xa0 bn_sstream.o
                0x080104b4                bn::ostringstream::append(bn::string_view const&)
 .text._ZN2bn13ostringstream6appendEj
                0x08010554       0xc0 bn_sstream.o
                0x08010554                bn::ostringstream::append(unsigned int)
 .text._ZN2bn13ostringstream6appendEi
                0x08010614       0xc0 bn_sstream.o
                0x08010614                bn::ostringstream::append(int)
 .text._ZN2bn13ostringstream6appendEPKv
                0x080106d4       0xf8 bn_sstream.o
                0x080106d4                bn::ostringstream::append(void const*)
 .text._ZN2bn7istring9push_backEc.part.0
                0x080107cc       0x28 bn_sstream.o
 .text._ZN2bn13ostringstream6appendEc
                0x080107f4       0x24 bn_sstream.o
                0x080107f4                bn::ostringstream::append(char)
 .text._ZN2bn5timerC2Ev
                0x08010818       0x18 bn_timer.o
                0x08010818                bn::timer::timer()
                0x08010818                bn::timer::timer()
 .text._ZNK2bn5timer13elapsed_ticksEv
                0x08010830       0x38 bn_timer.o
                0x08010830                bn::timer::elapsed_ticks() const
 .text._ZN2bn5timer7restartEv
                0x08010868       0x18 bn_timer.o
                0x08010868                bn::timer::restart()
 .text._ZN2bn2hw5audio12_GLOBAL__N_1L24_disabled_vblank_handlerEv
                0x08010880       0x10 bn_hw_audio.bn_noflto.o
 .text._ZN2bn2hw5audio12_GLOBAL__N_1L7_commitEv
                0x08010890       0x7c bn_hw_audio.bn_noflto.o
 .text._ZN2bn2hw5audio12_GLOBAL__N_1L23_enabled_vblank_handlerEv
                0x0801090c       0x24 bn_hw_audio.bn_noflto.o
 .text._ZN2bn2hw5audio4initEv
                0x08010930       0x68 bn_hw_audio.bn_noflto.o
                0x08010930                bn::hw::audio::init()
 .text._ZN2bn2hw5audio7disableEv
                0x08010998       0x30 bn_hw_audio.bn_noflto.o
                0x08010998                bn::hw::audio::disable()
 .text._ZN2bn2hw5audio13music_playingEv
                0x080109c8       0x10 bn_hw_audio.bn_noflto.o
                0x080109c8                bn::hw::audio::music_playing()
 .text._ZN2bn2hw5audio10play_musicEiib
                0x080109d8       0x30 bn_hw_audio.bn_noflto.o
                0x080109d8                bn::hw::audio::play_music(int, int, bool)
 .text._ZN2bn2hw5audio10stop_musicEv
                0x08010a08        0xc bn_hw_audio.bn_noflto.o
                0x08010a08                bn::hw::audio::stop_music()
 .text._ZN2bn2hw5audio11pause_musicEv
                0x08010a14        0xc bn_hw_audio.bn_noflto.o
                0x08010a14                bn::hw::audio::pause_music()
 .text._ZN2bn2hw5audio12resume_musicEv
                0x08010a20        0xc bn_hw_audio.bn_noflto.o
                0x08010a20                bn::hw::audio::resume_music()
 .text._ZN2bn2hw5audio14music_positionEv
                0x08010a2c        0xc bn_hw_audio.bn_noflto.o
                0x08010a2c                bn::hw::audio::music_position()
 .text._ZN2bn2hw5audio18set_music_positionEi
                0x08010a38        0xc bn_hw_audio.bn_noflto.o
                0x08010a38                bn::hw::audio::set_music_position(int)
 .text._ZN2bn2hw5audio16set_music_volumeEi
                0x08010a44        0xc bn_hw_audio.bn_noflto.o
                0x08010a44                bn::hw::audio::set_music_volume(int)
 .text._ZN2bn2hw5audio22disable_vblank_handlerEv
                0x08010a50       0x14 bn_hw_audio.bn_noflto.o
                0x08010a50                bn::hw::audio::disable_vblank_handler()
 .text._ZN2bn2hw5audio6updateEb
                0x08010a64       0x18 bn_hw_audio.bn_noflto.o
                0x08010a64                bn::hw::audio::update(bool)
 .text._ZN2bn2hw5audio6commitEv
                0x08010a7c       0x20 bn_hw_audio.bn_noflto.o
                0x08010a7c                bn::hw::audio::commit()
 .text._ZN2bn2hw5audio12_GLOBAL__N_1L19_add_sound_to_queueEit
                0x08010a9c       0x9c bn_hw_audio.bn_noflto.o
 .text._ZN2bn2hw5audio19update_sounds_queueEv
                0x08010b38       0x94 bn_hw_audio.bn_noflto.o
                0x08010b38                bn::hw::audio::update_sounds_queue()
 .text._ZN2bn2hw5audio15stop_all_soundsEv
                0x08010bcc       0x60 bn_hw_audio.bn_noflto.o
                0x08010bcc                bn::hw::audio::stop_all_sounds()
 .text._ZN2bn2hw5audio12_GLOBAL__N_1L19_check_sounds_queueEv.part.0
                0x08010c2c       0x9c bn_hw_audio.bn_noflto.o
 .text._ZN2bn2hw5audio10play_soundEiiiii
                0x08010cc8       0x44 bn_hw_audio.bn_noflto.o
                0x08010cc8                bn::hw::audio::play_sound(int, int, int, int, int)
 .text._ZN2bn2hw5audio10play_soundEii
                0x08010d0c       0x30 bn_hw_audio.bn_noflto.o
                0x08010d0c                bn::hw::audio::play_sound(int, int)
 .text.startup._GLOBAL__sub_I__ZN2bn2hw5audio4initEv
                0x08010d3c       0x30 bn_hw_audio.bn_noflto.o
 .text.exit._GLOBAL__sub_D__ZN2bn2hw5audio4initEv
                0x08010d6c       0x64 bn_hw_audio.bn_noflto.o
 .text._ZN3_bn6assert9show_argsIA40_cEEvPKcS4_S4_iRKT_
                0x08010dd0       0x48 bn_hw_common.bn_noflto.o
                0x08010dd0                void _bn::assert::show_args<char [40]>(char const*, char const*, char const*, int, char const (&) [40])
 .text.__aeabi_idiv0
                0x08010e18       0x24 bn_hw_common.bn_noflto.o
                0x08010e18                __aeabi_idiv0
 .text._ZN2bn2hw8game_pak14_slow_game_pakEv
                0x08010e3c       0x80 bn_hw_game_pak.bn_ewram.o
                0x08010e3c                bn::hw::game_pak::_slow_game_pak()
 .text._ZN2bn2hw8game_pak4initEv
                0x08010ebc       0x28 bn_hw_game_pak.o
                0x08010ebc                bn::hw::game_pak::init()
 .text._ZN2bn2hw3irq4initEv
                0x08010ee4        0xc bn_hw_irq.o
                0x08010ee4                bn::hw::irq::init()
 .text._ZN2bn2hw3irq7set_isrENS1_2idEPFvvE
                0x08010ef0       0x10 bn_hw_irq.o
                0x08010ef0                bn::hw::irq::set_isr(bn::hw::irq::id, void (*)())
 .text._ZN2bn2hw3irq6enableENS1_2idE
                0x08010f00       0x10 bn_hw_irq.o
                0x08010f00                bn::hw::irq::enable(bn::hw::irq::id)
 .text._ZN2bn2hw3irq7disableENS1_2idE
                0x08010f10       0x10 bn_hw_irq.o
                0x08010f10                bn::hw::irq::disable(bn::hw::irq::id)
 .text._ZN2bn2hw4link12_GLOBAL__N_1L19_resetStateCallbackEv
                0x08010f20       0x4c bn_hw_link.o
 .text._ZN2bn2hw4link4initEv
                0x08010f6c       0xf8 bn_hw_link.o
                0x08010f6c                bn::hw::link::init()
 .text._ZN2bn2hw4link6activeEv
                0x08011064       0x10 bn_hw_link.o
                0x08011064                bn::hw::link::active()
 .text._ZN2bn2hw4link7disableEv
                0x08011074       0xbc bn_hw_link.o
                0x08011074                bn::hw::link::disable()
 .text._ZN2bn2hw4link6commitEv
                0x08011130       0x30 bn_hw_link.o
                0x08011130                bn::hw::link::commit()
 .text._ZN2bn6idequeItE9pop_frontEv.part.0
                0x08011160       0x28 bn_hw_link.o
 .text._ZN2bn2hw4link11_timer_intrEv
                0x08011188      0x144 bn_hw_link.o
                0x08011188                bn::hw::link::_timer_intr()
 .text._ZN2bn2hw4link12_GLOBAL__N_1L24_receiveResponseCallbackERK12LinkResponse
                0x080112cc      0x128 bn_hw_link.o
 .text._ZN2bn2hw4link12_serial_intrEv
                0x080113f4      0x234 bn_hw_link.o
                0x080113f4                bn::hw::link::_serial_intr()
 .text._ZN2bn2hw4link12_GLOBAL__N_1L17_sendDataCallbackEv
                0x08011628       0xb8 bn_hw_link.o
 .text.startup._GLOBAL__sub_I__ZN2bn2hw4link4initEv
                0x080116e0       0x6c bn_hw_link.o
 .text._ZN2bn2hw3logERKNS_12istring_baseE
                0x0801174c       0x58 bn_hw_log.o
                0x0801174c                bn::hw::log(bn::istring_base const&)
 .text._ZN2bn2hw6memory4initEv
                0x080117a4        0x4 bn_hw_memory.o
                0x080117a4                bn::hw::memory::init()
 .text._ZN2bn2hw6memory16ewram_heap_startEv
                0x080117a8        0x8 bn_hw_memory.o
                0x080117a8                bn::hw::memory::ewram_heap_start()
 .text._ZN2bn2hw6memory14ewram_heap_endEv
                0x080117b0        0x8 bn_hw_memory.o
                0x080117b0                bn::hw::memory::ewram_heap_end()
 .text._ZN2bn2hw8palettes12_GLOBAL__N_1L10lut_effectEPKNS_5colorEPKhiPS3_
                0x080117b8       0x44 bn_hw_palettes.o
 .text._ZN2bn2hw8palettes10brightnessEPKNS_5colorEiiPS2_
                0x080117fc       0x58 bn_hw_palettes.o
                0x080117fc                bn::hw::palettes::brightness(bn::color const*, int, int, bn::color*)
 .text._ZN2bn2hw8palettes8contrastEPKNS_5colorEiiPS2_
                0x08011854       0x18 bn_hw_palettes.o
                0x08011854                bn::hw::palettes::contrast(bn::color const*, int, int, bn::color*)
 .text._ZN2bn2hw8palettes9intensityEPKNS_5colorEiiPS2_
                0x0801186c       0x18 bn_hw_palettes.o
                0x0801186c                bn::hw::palettes::intensity(bn::color const*, int, int, bn::color*)
 .text._ZN2bn2hw8palettes9hue_shiftEPKNS_5colorEiiPS2_
                0x08011884      0x14c bn_hw_palettes.o
                0x08011884                bn::hw::palettes::hue_shift(bn::color const*, int, int, bn::color*)
 .text._ZN2bn2hw8palettes6rotateEPKNS_5colorEiiPS2_
                0x080119d0       0x30 bn_hw_palettes.o
                0x080119d0                bn::hw::palettes::rotate(bn::color const*, int, int, bn::color*)
 .text._ZN2bn2hw4show5errorERKNS_11system_fontERKNS_11string_viewES7_S7_iS7_S7_
                0x08011a00      0x33c bn_hw_show.o
                0x08011a00                bn::hw::show::error(bn::system_font const&, bn::string_view const&, bn::string_view const&, bn::string_view const&, int, bn::string_view const&, bn::string_view const&)
 .text._ZN2bn2hw12sprite_tiles10plot_tilesEiPKNS_4tileEiiPS2_
                0x08011d3c       0x3c bn_hw_sprite_tiles.o
                0x08011d3c                bn::hw::sprite_tiles::plot_tiles(int, bn::tile const*, int, int, bn::tile*)
 .text._ZN2bn2hw4sram4initEv
                0x08011d78       0x18 bn_hw_sram.o
                0x08011d78                bn::hw::sram::init()
 .text._ZN2bn11system_fontC2Ev
                0x08011d90       0x18 bn_hw_system_font.o
                0x08011d90                bn::system_font::system_font()
                0x08011d90                bn::system_font::system_font()
 .text._ZNK2bn11system_font8tte_fontEv
                0x08011da8        0x4 bn_hw_system_font.o
                0x08011da8                bn::system_font::tte_font() const
 .text._ZN2bn2hw4text5parseEiRNS_5arrayIcLi32EEE
                0x08011dac       0xbc bn_hw_text.o
                0x08011dac                bn::hw::text::parse(int, bn::array<char, 32>&)
 .text._ZN2bn2hw4text5parseEjRNS_5arrayIcLi32EEE
                0x08011e68       0xa0 bn_hw_text.o
                0x08011e68                bn::hw::text::parse(unsigned int, bn::array<char, 32>&)
 .text._ZN2bn2hw4text5parseEPKvRNS_5arrayIcLi32EEE
                0x08011f08       0x30 bn_hw_text.o
                0x08011f08                bn::hw::text::parse(void const*, bn::array<char, 32>&)
 .text.clr_grayscale
                0x08011f38       0x70 tonc_color.o
                0x08011f38                clr_grayscale
 .text.sbmp16_rect
                0x08011fa8       0x6c tonc_sbmp16.o
                0x08011fa8                sbmp16_rect
 .text.bmp16_drawg_b1cts
                0x08012014       0xb4 bmp16_drawg_b1cs.o
                0x08012014                bmp16_drawg_b1cts
 .text.bmp16_erase
                0x080120c8       0x24 tte_init_bmp.o
                0x080120c8                bmp16_erase
 .text.tte_init_bmp
                0x080120ec       0x60 tte_init_bmp.o
                0x080120ec                tte_init_bmp
 .text.dummy_drawg
                0x0801214c        0x4 tte_main.o
                0x0801214c                dummy_drawg
 .text.dummy_erase
                0x08012150        0x4 tte_main.o
                0x08012150                dummy_erase
 .text.tte_init_base
                0x08012154       0x68 tte_main.o
                0x08012154                tte_init_base
 .text.utf8_decode_char
                0x080121bc       0xb8 tte_main.o
                0x080121bc                utf8_decode_char
 .text.tte_write
                0x08012274       0xd0 tte_main.o
                0x08012274                tte_write
 .text.tte_get_text_size
                0x08012344       0xa4 tte_main.o
                0x08012344                tte_get_text_size
 .text.tte_set_margins
                0x080123e8       0x14 tte_main.o