Archive member included to satisfy reference by file (symbol)

/opt/devkitpro/libgba/lib/libmm.a(mm_mas.o)
                              bn_hw_audio.bn_noflto.o (mmStart)
/opt/devkitpro/libgba/lib/libmm.a(mm_main.o)
                              /opt/devkitpro/libgba/lib/libmm.a(mm_mas.o) (mmCallback)
/opt/devkitpro/libgba/lib/libmm.a(mm_effect.o)
                              bn_hw_audio.bn_noflto.o (mmEffect)
/opt/devkitpro/libgba/lib/libmm.a(mm_mas_arm.o)
                              /opt/devkitpro/libgba/lib/libmm.a(mm_mas.o) (mmAllocChannel)
/opt/devkitpro/libgba/lib/libmm.a(mm_mixer_gba.o)
                              bn_hw_audio.bn_noflto.o (mmVBlank)
/opt/devkitpro/libgba/lib/libmm.a(mm_main_gba.o)
                              /opt/devkitpro/libgba/lib/libmm.a(mm_mixer_gba.o) (mm_vblank_function)
/opt/devkitpro/devkitARM/lib/gcc/arm-none-eabi/16.1.0/thumb/libgcc.a(_call_via_rX.o)
                              /opt/devkitpro/libgba/lib/libmm.a(mm_main_gba.o) (_call_via_r1)
/opt/devkitpro/devkitARM/lib/gcc/arm-none-eabi/16.1.0/thumb/libgcc.a(_aeabi_ldivmod.o)
                              bn_hw_text.o (__aeabi_ldivmod)
/opt/devkitpro/devkitARM/lib/gcc/arm-none-eabi/16.1.0/thumb/libgcc.a(_aeabi_uldivmod.o)
                              bn_hw_text.o (__aeabi_uldivmod)
/opt/devkitpro/devkitARM/lib/gcc/arm-none-eabi/16.1.0/thumb/libgcc.a(_sync_none.o)
                              (__sync_synchronize_none)
/opt/devkitpro/devkitARM/lib/gcc/arm-none-eabi/16.1.0/thumb/libgcc.a(_udivmoddi4.o)
                              /opt/devkitpro/devkitARM/lib/gcc/arm-none-eabi/16.1.0/thumb/libgcc.a(_aeabi_ldivmod.o) (__udivmoddi4)
/opt/devkitpro/devkitARM/lib/gcc/arm-none-eabi/16.1.0/../../../../arm-none-eabi/lib/thumb/libg.a(libc_a-init.o)
                              /opt/devkitpro/devkitARM/lib/gcc/arm-none-eabi/16.1.0/../../../../arm-none-eabi/lib/thumb/gba_crt0.o (__libc_init_array)
/opt/devkitpro/devkitARM/lib/gcc/arm-none-eabi/16.1.0/../../../../arm-none-eabi/lib/thumb/libsysbase.a(libsysbase_libsysbase_a-malloc_vars.o)
                              /opt/devkitpro/devkitARM/lib/gcc/arm-none-eabi/16.1.0/../../../../arm-none-eabi/lib/thumb/gba_crt0.o (fake_heap_end)

Merging object attributes


Discarded input sections

 .text          0x00000000        0x0 /opt/devkitpro/devkitARM/lib/gcc/arm-none-eabi/16.1.0/../../../../arm-none-eabi/lib/thumb/gba_crt0.o
 .data          0x00000000        0x0 /opt/devkitpro/devkitARM/lib/gcc/arm-none-eabi/16.1.0/../../../../arm-none-eabi/lib/thumb/gba_crt0.o
 .bss           0x00000000        0x0 /opt/devkitpro/devkitARM/lib/gcc/arm-none-eabi/16.1.0/../../../../arm-none-eabi/lib/thumb/gba_crt0.o
 .text          0x00000000        0x0 /opt/devkitpro/devkitARM/lib/gcc/arm-none-eabi/16.1.0/thumb/crti.o
 .data          0x00000000        0x0 /opt/devkitpro/devkitARM/lib/gcc/arm-none-eabi/16.1.0/thumb/crti.o
 .bss           0x00000000        0x0 /opt/devkitpro/devkitARM/lib/gcc/arm-none-eabi/16.1.0/thumb/crti.o
 .text          0x00000000        0x0 /opt/devkitpro/devkitARM/lib/gcc/arm-none-eabi/16.1.0/thumb/crtbegin.o
 .data          0x00000000        0x0 /opt/devkitpro/devkitARM/lib/gcc/arm-none-eabi/16.1.0/thumb/crtbegin.o
 .bss           0x00000000        0x0 /opt/devkitpro/devkitARM/lib/gcc/arm-none-eabi/16.1.0/thumb/crtbegin.o
 .rodata.all_implied_fbits
                0x00000000       0x24 /opt/devkitpro/devkitARM/lib/gcc/arm-none-eabi/16.1.0/thumb/crtbegin.o
 .data.__dso_handle
                0x00000000        0x4 /opt/devkitpro/devkitARM/lib/gcc/arm-none-eabi/16.1.0/thumb/crtbegin.o
 .text          0x00000000        0x0 _bn_audio_soundbank.bin.o
 .data          0x00000000        0x0 _bn_audio_soundbank.bin.o
 .bss           0x00000000        0x0 _bn_audio_soundbank.bin.o
 .text          0x00000000        0x0 common_fixed_8x16_font_bn_gfx.o
 .data          0x00000000        0x0 common_fixed_8x16_font_bn_gfx.o
 .bss           0x00000000        0x0 common_fixed_8x16_font_bn_gfx.o
 .rodata        0x00000000     0x1ba0 common_fixed_8x16_font_bn_gfx.o
 .text          0x00000000        0x0 common_fixed_8x8_font_bn_gfx.o
 .data          0x00000000        0x0 common_fixed_8x8_font_bn_gfx.o
 .bss           0x00000000        0x0 common_fixed_8x8_font_bn_gfx.o
 .rodata        0x00000000      0xde0 common_fixed_8x8_font_bn_gfx.o
 .text          0x00000000        0x0 common_variable_16x16_font_bn_gfx.o
 .data          0x00000000        0x0 common_variable_16x16_font_bn_gfx.o
 .bss           0x00000000        0x0 common_variable_16x16_font_bn_gfx.o
 .rodata        0x00000000     0x3720 common_variable_16x16_font_bn_gfx.o
 .text          0x00000000        0x0 common_variable_8x16_font_bn_gfx.o
 .data          0x00000000        0x0 common_variable_8x16_font_bn_gfx.o
 .bss           0x00000000        0x0 common_variable_8x16_font_bn_gfx.o
 .rodata        0x00000000     0x1ba0 common_variable_8x16_font_bn_gfx.o
 .text          0x00000000        0x0 common_variable_8x8_font_bn_gfx.o
[...]
Memory Configuration

Name             Origin             Length             Attributes
rom              0x08000000         0x02000000
iwram            0x03000000         0x00008000
ewram            0x02000000         0x00040000
*default*        0x00000000         0xffffffff

Linker script and memory map

                0x00000000                        __sync_synchronize = __sync_synchronize_none
                0x08000000                        __text_start = ORIGIN (rom)
                0x02040000                        __eheap_end = (ORIGIN (ewram) + LENGTH (ewram))
                0x03000000                        __iwram_start = ORIGIN (iwram)
                0x03008000                        __iwram_top = (ORIGIN (iwram) + LENGTH (iwram))
                0x03007fa0                        __sp_irq = (__iwram_top - 0x60)
                0x03007f00                        __sp_usr = (__sp_irq - 0xa0)
                0x03007ff8                        __irq_flags = 0x3007ff8
                0x08000000                        . = __text_start

.crt0           0x08000000      0x210
 *(.crt0)
 .crt0          0x08000000      0x210 /opt/devkitpro/devkitARM/lib/gcc/arm-none-eabi/16.1.0/../../../../arm-none-eabi/lib/thumb/gba_crt0.o
                0x08000000                _start
                0x080000c4                __boot_method
                0x080000c5                __slave_number
                0x080000e0                start_vector
                0x08000210                        . = ALIGN (0x4)

.init           0x08000210        0xc
 *(SORT_NONE(.init))
 .init          0x08000210        0x4 /opt/devkitpro/devkitARM/lib/gcc/arm-none-eabi/16.1.0/thumb/crti.o
                0x08000210                _init
 .init          0x08000214        0x8 /opt/devkitpro/devkitARM/lib/gcc/arm-none-eabi/16.1.0/thumb/crtn.o

.plt            0x0800021c        0x0
 *(.plt)
                0x0800021c                        . = ALIGN (0x4)

.text           0x08000220    0x12218
 *(EXCLUDE_FILE(*.iwram*) .text*)
 .text.__do_global_dtors_aux
                0x08000220       0x2c /opt/devkitpro/devkitARM/lib/gcc/arm-none-eabi/16.1.0/thumb/crtbegin.o
 .text.frame_dummy
                0x0800024c       0x24 /opt/devkitpro/devkitARM/lib/gcc/arm-none-eabi/16.1.0/thumb/crtbegin.o
 .text._ZN3_bn6assert9show_argsIJA19_ciA4_ciEEEvPKcS5_S5_iDpRKT_
                0x08000270       0x64 main.o
                0x08000270                void _bn::assert::show_args<char [19], int, char [4], int>(char const*, char const*, char const*, int, char const (&) [19], int const&, char const (&) [4], int const&)
 .text.startup.main
                0x080002d4      0x3b0 main.o
                0x080002d4                main
 .text._ZN3_bn6assert9show_argsIA16_ciEEvPKcS4_S4_iRKT_RKT0_
                0x08000684       0x54 common_info.o
                0x08000684                void _bn::assert::show_args<char [16], int>(char const*, char const*, char const*, int, char const (&) [16], int const&)
 .text._ZN3_bn6assert9show_argsIA15_ciEEvPKcS4_S4_iRKT_RKT0_
                0x080006d8       0x54 common_stats.o
                0x080006d8                void _bn::assert::show_args<char [15], int>(char const*, char const*, char const*, int, char const (&) [15], int const&)
 .text._ZN2bn13audio_manager4initEv
                0x0800072c        0xc bn_audio_manager.o
                0x0800072c                bn::audio_manager::init()
 .text._ZN2bn13audio_manager7disableEv
                0x08000738        0xc bn_audio_manager.o
                0x08000738                bn::audio_manager::disable()
 .text._ZN2bn13audio_manager22disable_vblank_handlerEv
                0x08000744        0xc bn_audio_manager.o
                0x08000744                bn::audio_manager::disable_vblank_handler()
 .text._ZN2bn13audio_manager6updateEv
                0x08000750       0x18 bn_audio_manager.o
                0x08000750                bn::audio_manager::update()
 .text._ZN2bn13audio_manager6commitEv
                0x08000768        0xc bn_audio_manager.o
                0x08000768                bn::audio_manager::commit()
 .text._ZN3_bn6assert9show_argsIA18_ciEEvPKcS4_S4_iRKT_RKT0_
                0x08000774       0x54 bn_audio_manager.o
                0x08000774                void _bn::assert::show_args<char [18], int>(char const*, char const*, char const*, int, char const (&) [18], int const&)
 .text._ZN3_bn6assert9show_argsIA14_ciEEvPKcS4_S4_iRKT_RKT0_
                0x080007c8       0x54 bn_audio_manager.o
                0x080007c8                void _bn::assert::show_args<char [14], int>(char const*, char const*, char const*, int, char const (&) [14], int const&)
 .text._ZN2bn13audio_manager16execute_commandsEv
                0x0800081c      0x17c bn_audio_manager.o
                0x0800081c                bn::audio_manager::execute_commands()
 .text._ZN3_bn6assert9show_argsIA26_ciEEvPKcS4_S4_iRKT_RKT0_
                0x08000998       0x54 bn_audio_manager.o
                0x08000998                void _bn::assert::show_args<char [26], int>(char const*, char const*, char const*, int, char const (&) [26], int const&)
 .text._ZN3_bn6assert9show_argsIA33_cEEvPKcS4_S4_iRKT_
                0x080009ec       0x48 bn_audio_manager.o
                0x080009ec                void _bn::assert::show_args<char [33]>(char const*, char const*, char const*, int, char const (&) [33])
 .text._ZN2bn13audio_manager15stop_all_soundsEv.part.0
                0x08000a34       0x28 bn_audio_manager.o
 .text._ZN3_bn6assert9show_argsIA25_cEEvPKcS4_S4_iRKT_
                0x08000a5c       0x48 bn_audio_manager.o
                0x08000a5c                void _bn::assert::show_args<char [25]>(char const*, char const*, char const*, int, char const (&) [25])
 .text._ZN2bn13audio_manager10stop_musicEv
                0x08000aa4       0x70 bn_audio_manager.o
                0x08000aa4                bn::audio_manager::stop_music()
 .text._ZN2bn13audio_manager4stopEv
                0x08000b14       0x38 bn_audio_manager.o
                0x08000b14                bn::audio_manager::stop()
 .text._ZN3_bn6assert9show_argsIA24_cEEvPKcS4_S4_iRKT_
                0x08000b4c       0x48 bn_audio_manager.o
                0x08000b4c                void _bn::assert::show_args<char [24]>(char const*, char const*, char const*, int, char const (&) [24])
 .text.startup._GLOBAL__sub_I__ZN2bn5audio16update_on_vblankEv
                0x08000b94       0x30 bn_audio_manager.o
 .text._ZN3_bn6assert9show_argsIA23_cEEvPKcS4_S4_iRKT_
                0x08000bc4       0x48 bn_best_fit_allocator.o
                0x08000bc4                void _bn::assert::show_args<char [23]>(char const*, char const*, char const*, int, char const (&) [23])
 .text._ZN2bn18best_fit_allocatorD2Ev
                0x08000c0c       0x34 bn_best_fit_allocator.o
                0x08000c0c                bn::best_fit_allocator::~best_fit_allocator()
                0x08000c0c                bn::best_fit_allocator::~best_fit_allocator()
 .text._ZN3_bn6assert9show_argsIA20_ciEEvPKcS4_S4_iRKT_RKT0_
                0x08000c40       0x54 bn_best_fit_allocator.o
                0x08000c40                void _bn::assert::show_args<char [20], int>(char const*, char const*, char const*, int, char const (&) [20], int const&)
 .text._ZN3_bn6assert9show_argsIA14_cEEvPKcS4_S4_iRKT_
                0x08000c94       0x48 bn_best_fit_allocator.o
                0x08000c94                void _bn::assert::show_args<char [14]>(char const*, char const*, char const*, int, char const (&) [14])
 .text._ZN3_bn6assert9show_argsIA21_cEEvPKcS4_S4_iRKT_
                0x08000cdc       0x48 bn_best_fit_allocator.o
                0x08000cdc                void _bn::assert::show_args<char [21]>(char const*, char const*, char const*, int, char const (&) [21])
 .text._ZN2bn18best_fit_allocator5resetEPvi
                0x08000d24       0xc4 bn_best_fit_allocator.o
                0x08000d24                bn::best_fit_allocator::reset(void*, int)
 .text._ZNK2bn18regular_bg_map_ptr2idEv
                0x08000de8       0x18 bn_bg_blocks_manager.o
                0x08000de8                bn::regular_bg_map_ptr::id() const
 .text._ZNK2bn18regular_bg_map_ptr10dimensionsEv
                0x08000e00       0x20 bn_bg_blocks_manager.o
                0x08000e00                bn::regular_bg_map_ptr::dimensions() const
 .text._ZNK2bn20regular_bg_tiles_ptr3cbbEv
                0x08000e20       0x18 bn_bg_blocks_manager.o
                0x08000e20                bn::regular_bg_tiles_ptr::cbb() const
 .text._ZNK2bn17affine_bg_map_ptr2idEv
                0x08000e38       0x18 bn_bg_blocks_manager.o
                0x08000e38                bn::affine_bg_map_ptr::id() const
 .text._ZNK2bn17affine_bg_map_ptr10dimensionsEv
                0x08000e50       0x20 bn_bg_blocks_manager.o
                0x08000e50                bn::affine_bg_map_ptr::dimensions() const
 .text._ZNK2bn19affine_bg_tiles_ptr3cbbEv
                0x08000e70       0x18 bn_bg_blocks_manager.o
                0x08000e70                bn::affine_bg_tiles_ptr::cbb() const
 .text._ZN2bn17bg_blocks_manager15decrease_usagesEi
                0x08000e88       0x98 bn_bg_blocks_manager.o
                0x08000e88                bn::bg_blocks_manager::decrease_usages(int)
 .text._ZN2bn17bg_blocks_manager4initEv
                0x08000f20      0x1d0 bn_bg_blocks_manager.o
                0x08000f20                bn::bg_blocks_manager::init()
 .text._ZN2bn17bg_blocks_manager11must_commitEi
                0x080010f0       0x18 bn_bg_blocks_manager.o
                0x080010f0                bn::bg_blocks_manager::must_commit(int)
 .text._ZN3_bn6assert9show_argsIA27_ciEEvPKcS4_S4_iRKT_RKT0_
                0x08001108       0x54 bn_bg_blocks_manager.o
                0x08001108                void _bn::assert::show_args<char [27], int>(char const*, char const*, char const*, int, char const (&) [27], int const&)
 .text._ZN3_bn6assert9show_argsIJA22_ciA4_ciEEEvPKcS5_S5_iDpRKT_
                0x0800115c       0x64 bn_bg_blocks_manager.o
                0x0800115c                void _bn::assert::show_args<char [22], int, char [4], int>(char const*, char const*, char const*, int, char const (&) [22], int const&, char const (&) [4], int const&)
 .text._ZN3_bn6assert9show_argsIJA58_ciA4_ciEEEvPKcS5_S5_iDpRKT_
                0x080011c0       0x64 bn_bg_blocks_manager.o
                0x080011c0                void _bn::assert::show_args<char [58], int, char [4], int>(char const*, char const*, char const*, int, char const (&) [58], int const&, char const (&) [4], int const&)
 .text._ZN3_bn6assert9show_argsIA22_ciEEvPKcS4_S4_iRKT_RKT0_
                0x08001224       0x54 bn_bg_blocks_manager.o
                0x08001224                void _bn::assert::show_args<char [22], int>(char const*, char const*, char const*, int, char const (&) [22], int const&)
 .text._ZN3_bn6assert9show_argsIA19_cEEvPKcS4_S4_iRKT_
                0x08001278       0x48 bn_bg_blocks_manager.o
                0x08001278                void _bn::assert::show_args<char [19]>(char const*, char const*, char const*, int, char const (&) [19])
 .text._ZN3_bn6assert9show_argsIA22_cEEvPKcS4_S4_iRKT_
                0x080012c0       0x48 bn_bg_blocks_manager.o
                0x080012c0                void _bn::assert::show_args<char [22]>(char const*, char const*, char const*, int, char const (&) [22])
 .text._ZNK2bn8optionalINS_19affine_bg_tiles_ptrEEptEv.part.0
                0x08001308       0x28 bn_bg_blocks_manager.o
 .text._ZN2bn17bg_blocks_manager22update_regular_map_rowEiii
                0x08001330      0x130 bn_bg_blocks_manager.o
                0x08001330                bn::bg_blocks_manager::update_regular_map_row(int, int, int)
 .text._ZN2bn17bg_blocks_manager22update_regular_map_colEiii
                0x08001460      0x154 bn_bg_blocks_manager.o
                0x08001460                bn::bg_blocks_manager::update_regular_map_col(int, int, int)
 .text._ZN2bn17bg_blocks_manager24set_regular_map_positionEiii
                0x080015b4      0x1bc bn_bg_blocks_manager.o
                0x080015b4                bn::bg_blocks_manager::set_regular_map_position(int, int, int)
 .text._ZN2bn17bg_blocks_manager12_GLOBAL__N_1L12_commit_itemERKNS1_9item_typeE
                0x08001770      0x290 bn_bg_blocks_manager.o
 .text._ZN2bn17bg_blocks_manager6commitEv
                0x08001a00       0x40 bn_bg_blocks_manager.o
                0x08001a00                bn::bg_blocks_manager::commit()
 .text._ZN2bn17bg_blocks_manager21update_affine_map_rowEiii
                0x08001a40       0xe0 bn_bg_blocks_manager.o
                0x08001a40                bn::bg_blocks_manager::update_affine_map_row(int, int, int)
 .text._ZN2bn17bg_blocks_manager23set_affine_map_positionEiii
                0x08001b20      0x184 bn_bg_blocks_manager.o
                0x08001b20                bn::bg_blocks_manager::set_affine_map_position(int, int, int)
 .text._ZN2bn17bg_blocks_manager21update_affine_map_colEiii
                0x08001ca4      0x214 bn_bg_blocks_manager.o
                0x08001ca4                bn::bg_blocks_manager::update_affine_map_col(int, int, int)
 .text._ZNK2bn8optionalINS_20regular_bg_tiles_ptrEEdeEv.part.0
                0x08001eb8       0x28 bn_bg_blocks_manager.o
 .text._ZNK2bn17affine_bg_map_ptr5tilesEv
                0x08001ee0       0x28 bn_bg_blocks_manager.o
                0x08001ee0                bn::affine_bg_map_ptr::tiles() const
 .text._ZNK2bn18regular_bg_map_ptr3bppEv
                0x08001f08       0x2c bn_bg_blocks_manager.o
                0x08001f08                bn::regular_bg_map_ptr::bpp() const
 .text._ZNK2bn18regular_bg_map_ptr5tilesEv
                0x08001f34       0x28 bn_bg_blocks_manager.o
                0x08001f34                bn::regular_bg_map_ptr::tiles() const
 .text._ZN3_bn6assert9show_argsIA26_cEEvPKcS4_S4_iRKT_
                0x08001f5c       0x48 bn_bg_blocks_manager.o
                0x08001f5c                void _bn::assert::show_args<char [26]>(char const*, char const*, char const*, int, char const (&) [26])
 .text._ZN3_bn6assert9show_argsIA17_cEEvPKcS4_S4_iRKT_
                0x08001fa4       0x48 bn_bg_blocks_manager.o
                0x08001fa4                void _bn::assert::show_args<char [17]>(char const*, char const*, char const*, int, char const (&) [17])
 .text._ZN3_bn6assert9show_argsIJA39_cPKN2bn4tileEA4_ciEEEvPKcS9_S9_iDpRKT_
                0x08001fec       0x64 bn_bg_blocks_manager.o
                0x08001fec                void _bn::assert::show_args<char [39], bn::tile const*, char [4], int>(char const*, char const*, char const*, int, char const (&) [39], bn::tile const* const&, char const (&) [4], int const&)
 .text._ZN3_bn6assert9show_argsIA25_ciEEvPKcS4_S4_iRKT_RKT0_
                0x08002050       0x54 bn_bg_blocks_manager.o
                0x08002050                void _bn::assert::show_args<char [25], int>(char const*, char const*, char const*, int, char const (&) [25], int const&)
 .text._ZN2bn14iunordered_mapIPKviNS_17bg_blocks_manager12_GLOBAL__N_115identity_hasherENS_8equal_toIS2_EEE5eraseERKNS8_14const_iteratorE.constprop.0.isra.0
                0x080020a4      0x1a0 bn_bg_blocks_manager.o
 .text._ZN2bn17bg_blocks_manager6updateEv
                0x08002244      0x348 bn_bg_blocks_manager.o
                0x08002244                bn::bg_blocks_manager::update()
 .text.startup._GLOBAL__sub_I__ZN2bn7bg_maps16used_cells_countEv
                0x0800258c       0x98 bn_bg_blocks_manager.o
 .text.exit._GLOBAL__sub_D__ZN2bn7bg_maps16used_cells_countEv
                0x08002624       0x50 bn_bg_blocks_manager.o
 .text._ZN2bn13ostringstream11append_argsIiJA4_ciEEEvRKT_DpRKT0_.isra.0
                0x08002674       0x24 bn_bgs_manager.o
 .text._ZN2bn11bgs_manager5hw_idEPv
                0x08002698        0x8 bn_bgs_manager.o
                0x08002698                bn::bgs_manager::hw_id(void*)
 .text._ZN2bn11bgs_manager11hw_positionEPv
                0x080026a0        0x4 bn_bgs_manager.o
                0x080026a0                bn::bgs_manager::hw_position(void*)
 .text._ZN2bn11bgs_manager14mat_attributesEPv
                0x080026a4        0x4 bn_bgs_manager.o
                0x080026a4                bn::bgs_manager::mat_attributes(void*)
 .text._ZN2bn11bgs_manager20update_windows_flagsEPj
                0x080026a8       0x7c bn_bgs_manager.o
                0x080026a8                bn::bgs_manager::update_windows_flags(unsigned int*)
 .text._ZN2bn11bgs_manager36fill_hblank_effect_regular_positionsEiPKNS_7fixed_tILi12EEEPt
                0x08002724       0x30 bn_bgs_manager.o
                0x08002724                bn::bgs_manager::fill_hblank_effect_regular_positions(int, bn::fixed_t<12> const*, unsigned short*)
 .text._ZN2bn11bgs_manager45fill_hblank_effect_pivot_horizontal_positionsEPvPKNS_7fixed_tILi12EEEPj
                0x08002754       0x28 bn_bgs_manager.o
                0x08002754                bn::bgs_manager::fill_hblank_effect_pivot_horizontal_positions(void*, bn::fixed_t<12> const*, unsigned int*)
 .text._ZN2bn11bgs_manager43fill_hblank_effect_pivot_vertical_positionsEPvPKNS_7fixed_tILi12EEEPj
                0x0800277c       0x28 bn_bgs_manager.o
                0x0800277c                bn::bgs_manager::fill_hblank_effect_pivot_vertical_positions(void*, bn::fixed_t<12> const*, unsigned int*)
 .text._ZN2bn11bgs_manager6commitEb
                0x080027a4       0x58 bn_bgs_manager.o
                0x080027a4                bn::bgs_manager::commit(bool)
 .text._ZN2bn11bgs_manager4stopEv
                0x080027fc       0x28 bn_bgs_manager.o
                0x080027fc                bn::bgs_manager::stop()
 .text._ZN3_bn6assert9show_argsIA30_cEEvPKcS4_S4_iRKT_
                0x08002824       0x48 bn_bgs_manager.o
                0x08002824                void _bn::assert::show_args<char [30]>(char const*, char const*, char const*, int, char const (&) [30])
 .text._ZNK2bn8optionalINS_17affine_bg_map_ptrEEdeEv.part.0
                0x0800286c       0x28 bn_bgs_manager.o
 .text._ZN2bn11bgs_manager11regular_mapEPv
                0x08002894       0x14 bn_bgs_manager.o
                0x08002894                bn::bgs_manager::regular_map(void*)
 .text._ZN2bn11bgs_manager10affine_mapEPv
                0x080028a8       0x14 bn_bgs_manager.o
                0x080028a8                bn::bgs_manager::affine_map(void*)
 .text._ZN2bn8optionalINS_17affine_bg_map_ptrEEptEv.part.0
                0x080028bc       0x28 bn_bgs_manager.o
 .text._ZN2bn11bgs_manager15commit_big_mapsEv
                0x080028e4      0x1f0 bn_bgs_manager.o
                0x080028e4                bn::bgs_manager::commit_big_maps()
 .text._ZN3_bn6assert9show_argsIJA60_ciA4_ciEEEvPKcS5_S5_iDpRKT_
                0x08002ad4       0x58 bn_bgs_manager.o
                0x08002ad4                void _bn::assert::show_args<char [60], int, char [4], int>(char const*, char const*, char const*, int, char const (&) [60], int const&, char const (&) [4], int const&)
 .text._ZN3_bn6assert9show_argsIJA59_ciA4_ciEEEvPKcS5_S5_iDpRKT_
                0x08002b2c       0x58 bn_bgs_manager.o
                0x08002b2c                void _bn::assert::show_args<char [59], int, char [4], int>(char const*, char const*, char const*, int, char const (&) [59], int const&, char const (&) [4], int const&)
 .text._ZN3_bn6assert9show_argsIJA57_ciA4_ciEEEvPKcS5_S5_iDpRKT_
                0x08002b84       0x58 bn_bgs_manager.o
                0x08002b84                void _bn::assert::show_args<char [57], int, char [4], int>(char const*, char const*, char const*, int, char const (&) [57], int const&, char const (&) [4], int const&)
 .text._ZN2bn11bgs_manager14update_camerasEv
                0x08002bdc      0x2ec bn_bgs_manager.o
                0x08002bdc                bn::bgs_manager::update_cameras()
 .text._ZN3_bn6assert9show_argsIA27_cEEvPKcS4_S4_iRKT_
                0x08002ec8       0x48 bn_bgs_manager.o
                0x08002ec8                void _bn::assert::show_args<char [27]>(char const*, char const*, char const*, int, char const (&) [27])
 .text._ZN2bn11bgs_manager37fill_hblank_effect_regular_attributesEPvPKNS_21regular_bg_attributesEPt
                0x08002f10       0xf0 bn_bgs_manager.o
                0x08002f10                bn::bgs_manager::fill_hblank_effect_regular_attributes(void*, bn::regular_bg_attributes const*, unsigned short*)
 .text._ZN2bn11bgs_manager36fill_hblank_effect_affine_attributesEPvPKNS_20affine_bg_attributesEPt
                0x08003000       0xe8 bn_bgs_manager.o
                0x08003000                bn::bgs_manager::fill_hblank_effect_affine_attributes(void*, bn::affine_bg_attributes const*, unsigned short*)
 .text._ZN3_bn6assert9show_argsIA31_cEEvPKcS4_S4_iRKT_
                0x080030e8       0x48 bn_bgs_manager.o
                0x080030e8                void _bn::assert::show_args<char [31]>(char const*, char const*, char const*, int, char const (&) [31])
 .text._ZN2bn11bgs_manager15rebuild_handlesEv.part.0
                0x08003130      0x19c bn_bgs_manager.o
 .text._ZN2bn11bgs_manager6updateEv
                0x080032cc      0x1a0 bn_bgs_manager.o
                0x080032cc                bn::bgs_manager::update()
 .text._ZN3_bn6assert9show_argsIA15_cEEvPKcS4_S4_iRKT_
                0x0800346c       0x48 bn_bgs_manager.o
                0x0800346c                void _bn::assert::show_args<char [15]>(char const*, char const*, char const*, int, char const (&) [15])
 .text._ZN3_bn6assert9show_argsIA13_cEEvPKcS4_S4_iRKT_
                0x080034b4       0x48 bn_bgs_manager.o
                0x080034b4                void _bn::assert::show_args<char [13]>(char const*, char const*, char const*, int, char const (&) [13])
 .text.startup._GLOBAL__sub_I__ZN2bn3bgs16used_items_countEv
                0x080034fc       0x80 bn_bgs_manager.o
 .text.exit._GLOBAL__sub_D__ZN2bn3bgs16used_items_countEv
                0x0800357c       0x14 bn_bgs_manager.o
 .text._ZN2bn10camera_ptrD2Ev
                0x08003590       0x38 bn_cameras_manager.o
                0x08003590                bn::camera_ptr::~camera_ptr()
                0x08003590                bn::camera_ptr::~camera_ptr()
 .text._ZNK2bn10camera_ptr8positionEv
                0x080035c8       0x14 bn_cameras_manager.o
                0x080035c8                bn::camera_ptr::position() const
 .text._ZN2bn15cameras_manager4initEv
                0x080035dc       0x10 bn_cameras_manager.o
                0x080035dc                bn::cameras_manager::init()
 .text._ZN2bn15cameras_manager6updateEv
                0x080035ec       0x28 bn_cameras_manager.o
                0x080035ec                bn::cameras_manager::update()
 .text._ZN2bn4core12_GLOBAL__N_1L11update_implEv
                0x08003614       0xb0 bn_core.o
 .text._ZN2bn4core12_GLOBAL__N_1L4stopEb.constprop.0
                0x080036c4       0x40 bn_core.o
 .text._ZN2bn4core6updateEv
                0x08003704       0x78 bn_core.o
                0x08003704                bn::core::update()
 .text._ZN2bn4core4initERKNS_11string_viewE
                0x0800377c       0x94 bn_core.o
                0x0800377c                bn::core::init(bn::string_view const&)
 .text._ZN2bn4core4initEv
                0x08003810       0x18 bn_core.o
                0x08003810                bn::core::init()
 .text._ZN2bn4core9on_vblankEv
                0x08003828       0x28 bn_core.o
                0x08003828                bn::core::on_vblank()
 .text._ZN3_bn6assert4showEPKcS2_S2_iRKN2bn12istring_baseE
                0x08003850       0x98 bn_core.o
                0x08003850                _bn::assert::show(char const*, char const*, char const*, int, bn::istring_base const&)
 .text.startup._GLOBAL__sub_I__ZN2bn4core4initEv
                0x080038e8       0x40 bn_core.o
 .text._ZN2bn15display_manager12_GLOBAL__N_1L34_update_rect_windows_hw_boundariesEi
                0x08003928       0x84 bn_display_manager.o
 .text._ZN2bn15display_manager4initEv
                0x080039ac       0x38 bn_display_manager.o
                0x080039ac                bn::display_manager::init()
 .text._ZN2bn15display_manager8set_modeEi
                0x080039e4       0x1c bn_display_manager.o
                0x080039e4                bn::display_manager::set_mode(int)
 .text._ZN2bn15display_manager14set_bg_enabledEib
                0x08003a00       0x1c bn_display_manager.o
                0x08003a00                bn::display_manager::set_bg_enabled(int, bool)
 .text._ZN2bn15display_manager15disable_all_bgsEv
                0x08003a1c       0x18 bn_display_manager.o
                0x08003a1c                bn::display_manager::disable_all_bgs()
 .text._ZN2bn15display_manager36fill_mosaic_hblank_effect_attributesEPKNS_17mosaic_attributesEPt
                0x08003a34       0x98 bn_display_manager.o
                0x08003a34                bn::display_manager::fill_mosaic_hblank_effect_attributes(bn::mosaic_attributes const*, unsigned short*)
 .text._ZN2bn15display_manager23set_blending_bg_enabledEib
                0x08003acc       0x14 bn_display_manager.o
                0x08003acc                bn::display_manager::set_blending_bg_enabled(int, bool)
 .text._ZN2bn15display_manager32blending_transparency_top_weightEv
                0x08003ae0       0x18 bn_display_manager.o
                0x08003ae0                bn::display_manager::blending_transparency_top_weight()
 .text._ZN2bn15display_manager35blending_transparency_bottom_weightEv
                0x08003af8       0x28 bn_display_manager.o
                0x08003af8                bn::display_manager::blending_transparency_bottom_weight()
 .text._ZN2bn15display_manager51fill_blending_transparency_hblank_effect_attributesEPKNS_32blending_transparency_attributesEPt
                0x08003b20       0x30 bn_display_manager.o
                0x08003b20                bn::display_manager::fill_blending_transparency_hblank_effect_attributes(bn::blending_transparency_attributes const*, unsigned short*)
 .text._ZN2bn15display_manager21blending_fade_enabledEv
                0x08003b50       0x10 bn_display_manager.o
                0x08003b50                bn::display_manager::blending_fade_enabled()
 .text._ZN2bn15display_manager39fill_blending_fade_hblank_effect_alphasEPKNS_19blending_fade_alphaEPt
                0x08003b60       0x24 bn_display_manager.o
                0x08003b60                bn::display_manager::fill_blending_fade_hblank_effect_alphas(bn::blending_fade_alpha const*, unsigned short*)
 .text._ZN2bn15display_manager26update_windows_visible_bgsEv
                0x08003b84       0x10 bn_display_manager.o
                0x08003b84                bn::display_manager::update_windows_visible_bgs()
 .text._ZN2bn15display_manager36rect_window_hw_horizontal_boundariesEi
                0x08003b94       0x18 bn_display_manager.o
                0x08003b94                bn::display_manager::rect_window_hw_horizontal_boundaries(int)
 .text._ZN2bn15display_manager34rect_window_hw_vertical_boundariesEi
                0x08003bac       0x18 bn_display_manager.o
                0x08003bac                bn::display_manager::rect_window_hw_vertical_boundaries(int)
 .text._ZN2bn15display_manager52fill_rect_window_hblank_effect_horizontal_boundariesERKNS_4pairIiiEEPKNS1_INS_7fixed_tILi12EEES6_EEPt
                0x08003bc4      0x13c bn_display_manager.o
                0x08003bc4                bn::display_manager::fill_rect_window_hblank_effect_horizontal_boundaries(bn::pair<int, int> const&, bn::pair<bn::fixed_t<12>, bn::fixed_t<12> > const*, unsigned short*)
 .text._ZN2bn15display_manager50fill_rect_window_hblank_effect_vertical_boundariesERKNS_4pairIiiEEPKNS1_INS_7fixed_tILi12EEES6_EEPt
                0x08003d00      0x13c bn_display_manager.o
                0x08003d00                bn::display_manager::fill_rect_window_hblank_effect_vertical_boundaries(bn::pair<int, int> const&, bn::pair<bn::fixed_t<12>, bn::fixed_t<12> > const*, unsigned short*)
 .text._ZN2bn15display_manager36fill_green_swap_hblank_effect_statesEPKbPt
                0x08003e3c       0x34 bn_display_manager.o
                0x08003e3c                bn::display_manager::fill_green_swap_hblank_effect_states(bool const*, unsigned short*)
 .text._ZN2bn15display_manager14update_camerasEv
                0x08003e70       0x40 bn_display_manager.o
                0x08003e70                bn::display_manager::update_cameras()
 .text._ZN2bn15display_manager6updateEv
                0x08003eb0      0x1fc bn_display_manager.o
                0x08003eb0                bn::display_manager::update()
 .text._ZN2bn15display_manager6commitEv
                0x080040ac      0x150 bn_display_manager.o
                0x080040ac                bn::display_manager::commit()
 .text._ZN2bn15display_manager4stopEv
                0x080041fc       0x28 bn_display_manager.o
                0x080041fc                bn::display_manager::stop()
 .text._ZN3_bn6assert9show_argsIA66_cEEvPKcS4_S4_iRKT_
                0x08004224       0x48 bn_display_manager.o
                0x08004224                void _bn::assert::show_args<char [66]>(char const*, char const*, char const*, int, char const (&) [66])
 .text.startup._GLOBAL__sub_I__ZNK2bn6window7show_bgERKNS_14regular_bg_ptrE
                0x0800426c       0x7c bn_display_manager.o
 .text.exit._GLOBAL__sub_D__ZNK2bn6window7show_bgERKNS_14regular_bg_ptrE
                0x080042e8       0x38 bn_display_manager.o
 .text._ZN2bn18igeneric_pool_baseC2EPci
                0x08004320       0x10 bn_generic_pool.o
                0x08004320                bn::igeneric_pool_base::igeneric_pool_base(char*, int)
                0x08004320                bn::igeneric_pool_base::igeneric_pool_base(char*, int)
 .text._ZN2bn18igeneric_pool_base5_freeEPc
                0x08004330       0x10 bn_generic_pool.o
                0x08004330                bn::igeneric_pool_base::_free(char*)
 .text._ZN3_bn6assert9show_argsIA18_cEEvPKcS4_S4_iRKT_
                0x08004340       0x48 bn_generic_pool.o
                0x08004340                void _bn::assert::show_args<char [18]>(char const*, char const*, char const*, int, char const (&) [18])
 .text._ZN2bn18igeneric_pool_baseD2Ev
                0x08004388       0x30 bn_generic_pool.o
                0x08004388                bn::igeneric_pool_base::~igeneric_pool_base()
                0x08004388                bn::igeneric_pool_base::~igeneric_pool_base()
 .text._ZN2bn18igeneric_pool_base9_allocateEv
                0x080043b8       0x48 bn_generic_pool.o
                0x080043b8                bn::igeneric_pool_base::_allocate()
 .text._ZN2bn12gpio_manager6commitEv
                0x08004400       0x48 bn_gpio_manager.o
                0x08004400                bn::gpio_manager::commit()
 .text._ZN2bn12gpio_manager4stopEv
                0x08004448       0x3c bn_gpio_manager.o
                0x08004448                bn::gpio_manager::stop()
 .text._ZN2bn22hblank_effects_manager12_GLOBAL__N_19item_type18_output_values_ptrEv
                0x08004484       0x40 bn_hblank_effects_manager.o
 .text._ZN2bn7type_idINS_4pairIiiEEEENS_9type_id_tEv
                0x080044c4        0x8 bn_hblank_effects_manager.o
                0x080044c4                bn::type_id_t bn::type_id<bn::pair<int, int> >()
 .text._ZN2bn7type_idINS_33regular_bg_attributes_hbe_handler15last_value_typeEEENS_9type_id_tEv
                0x080044cc        0x8 bn_hblank_effects_manager.o
                0x080044cc                bn::type_id_t bn::type_id<bn::regular_bg_attributes_hbe_handler::last_value_type>()
 .text._ZN2bn7type_idINS_32affine_bg_attributes_hbe_handler15last_value_typeEEENS_9type_id_tEv
                0x080044d4        0x8 bn_hblank_effects_manager.o
                0x080044d4                bn::type_id_t bn::type_id<bn::affine_bg_attributes_hbe_handler::last_value_type>()
 .text._ZN2bn7type_idIiEENS_9type_id_tEv
                0x080044dc        0x8 bn_hblank_effects_manager.o
                0x080044dc                bn::type_id_t bn::type_id<int>()
 .text._ZN2bn7type_idINS_47affine_bg_pivot_horizontal_position_hbe_handler15last_value_typeEEENS_9type_id_tEv
                0x080044e4        0x8 bn_hblank_effects_manager.o
                0x080044e4                bn::type_id_t bn::type_id<bn::affine_bg_pivot_horizontal_position_hbe_handler::last_value_type>()
 .text._ZN2bn7type_idINS_45affine_bg_pivot_vertical_position_hbe_handler15last_value_typeEEENS_9type_id_tEv
                0x080044ec        0x8 bn_hblank_effects_manager.o
                0x080044ec                bn::type_id_t bn::type_id<bn::affine_bg_pivot_vertical_position_hbe_handler::last_value_type>()
 .text._ZN2bn7type_idINS_35sprite_first_attributes_hbe_handler15last_value_typeEEENS_9type_id_tEv
                0x080044f4        0x8 bn_hblank_effects_manager.o
                0x080044f4                bn::type_id_t bn::type_id<bn::sprite_first_attributes_hbe_handler::last_value_type>()
 .text._ZN2bn7type_idINS_35sprite_second_attributes_last_valueEEENS_9type_id_tEv
                0x080044fc        0x8 bn_hblank_effects_manager.o
                0x080044fc                bn::type_id_t bn::type_id<bn::sprite_second_attributes_last_value>()
 .text._ZN2bn7type_idINS_17sprite_shape_sizeEEENS_9type_id_tEv
                0x08004504        0x8 bn_hblank_effects_manager.o
                0x08004504                bn::type_id_t bn::type_id<bn::sprite_shape_size>()
 .text._ZN2bn22hblank_effects_manager7disableEv
                0x0800450c       0x24 bn_hblank_effects_manager.o
                0x0800450c                bn::hblank_effects_manager::disable()
 .text._ZN2bn22hblank_effects_manager6commitEv
                0x08004530       0x74 bn_hblank_effects_manager.o
                0x08004530                bn::hblank_effects_manager::commit()
 .text._ZN2bn22hblank_effects_manager12_GLOBAL__N_1L10_is_uint32ENS0_12handler_typeE
                0x080045a4       0x60 bn_hblank_effects_manager.o
 .text._ZN2bn4iany5valueINS_4pairIiiEEEERT_v.part.0
                0x08004604       0x24 bn_hblank_effects_manager.o
 .text._ZNK2bn4iany5valueINS_4pairIiiEEEERKT_v.part.0
                0x08004628       0x24 bn_hblank_effects_manager.o
 .text._ZN2bn22hblank_effects_manager12_GLOBAL__N_19item_type12check_updateEv
                0x0800464c     0x1900 bn_hblank_effects_manager.o
 .text._ZN2bn22hblank_effects_manager6updateEv
                0x08005f4c      0x1f4 bn_hblank_effects_manager.o
                0x08005f4c                bn::hblank_effects_manager::update()
 .text._ZN2bn7ivectorIaE9push_backEOa.part.0
                0x08006140       0x28 bn_hblank_effects_manager.o
 .text._ZN2bn22hblank_effects_manager4initEv
                0x08006168       0xac bn_hblank_effects_manager.o
                0x08006168                bn::hblank_effects_manager::init()
 .text._ZN3_bn6assert9show_argsIJA39_cPKN2bn5colorEA4_ciEEEvPKcS9_S9_iDpRKT_
                0x08006214       0x64 bn_hblank_effects_manager.o
                0x08006214                void _bn::assert::show_args<char [39], bn::color const*, char [4], int>(char const*, char const*, char const*, int, char const (&) [39], bn::color const* const&, char const (&) [4], int const&)
 .text.startup._GLOBAL__sub_I__ZN2bn4hbes10used_countEv
                0x08006278       0xfc bn_hblank_effects_manager.o
 .text.exit._GLOBAL__sub_D__ZN2bn4hbes10used_countEv
                0x08006374       0x3c bn_hblank_effects_manager.o
 .text._ZN2bn12hdma_manager7disableEv
                0x080063b0       0x30 bn_hdma_manager.o
                0x080063b0                bn::hdma_manager::disable()
 .text._ZN2bn12hdma_manager10force_stopEv
                0x080063e0       0x3c bn_hdma_manager.o
                0x080063e0                bn::hdma_manager::force_stop()
 .text._ZN2bn12hdma_manager6updateEv
                0x0800641c       0x6c bn_hdma_manager.o
                0x0800641c                bn::hdma_manager::update()
 .text._ZN2bn12hdma_manager6commitEb
                0x08006488      0x110 bn_hdma_manager.o
                0x08006488                bn::hdma_manager::commit(bool)
 .text.startup._GLOBAL__sub_I__ZN2bn4hdma7runningEv
                0x08006598       0x34 bn_hdma_manager.o
 .text._ZN2bn6keypad10right_heldEv
                0x080065cc       0x10 bn_keypad_manager.o
                0x080065cc                bn::keypad::right_held()
 .text._ZN2bn6keypad9left_heldEv
                0x080065dc       0x10 bn_keypad_manager.o
                0x080065dc                bn::keypad::left_held()
 .text._ZN2bn6keypad7up_heldEv
                0x080065ec       0x10 bn_keypad_manager.o
                0x080065ec                bn::keypad::up_held()
 .text._ZN2bn6keypad9down_heldEv
                0x080065fc        0xc bn_keypad_manager.o
                0x080065fc                bn::keypad::down_held()
 .text._ZN2bn14keypad_manager4stopEv
                0x08006608        0x4 bn_keypad_manager.o
                0x08006608                bn::keypad_manager::stop()
 .text._ZN2bn14keypad_manager6updateEv
                0x0800660c       0xa8 bn_keypad_manager.o
                0x0800660c                bn::keypad_manager::update()
 .text._ZN3_bn6assert9show_argsIA24_ciEEvPKcS4_S4_iRKT_RKT0_
                0x080066b4       0x54 bn_keypad_manager.o
                0x080066b4                void _bn::assert::show_args<char [24], int>(char const*, char const*, char const*, int, char const (&) [24], int const&)
 .text._ZN2bn14keypad_manager4initERKNS_11string_viewE
                0x08006708       0x58 bn_keypad_manager.o
                0x08006708                bn::keypad_manager::init(bn::string_view const&)
 .text._ZN3_bn6assert9show_argsIA16_cEEvPKcS4_S4_iRKT_
                0x08006760       0x48 bn_keypad_manager.o
                0x08006760                void _bn::assert::show_args<char [16]>(char const*, char const*, char const*, int, char const (&) [16])
 .text._ZN2bn12link_manager4initEv
                0x080067a8        0xc bn_link_manager.o
                0x080067a8                bn::link_manager::init()
 .text._ZN2bn12link_manager6activeEv
                0x080067b4        0xc bn_link_manager.o
                0x080067b4                bn::link_manager::active()
 .text._ZN2bn12link_manager7disableEv
                0x080067c0       0x18 bn_link_manager.o
                0x080067c0                bn::link_manager::disable()
 .text._ZN3_bn6assert9show_argsIA28_ciEEvPKcS4_S4_iRKT_RKT0_
                0x080067d8       0x54 bn_link_manager.o
                0x080067d8                void _bn::assert::show_args<char [28], int>(char const*, char const*, char const*, int, char const (&) [28], int const&)
 .text._ZN2bn3logERKNS_12istring_baseE
                0x0800682c        0xc bn_log.o
                0x0800682c                bn::log(bn::istring_base const&)
 .text._ZN2bn14memory_manager4initEv
                0x08006838       0x20 bn_memory_manager.o
                0x08006838                bn::memory_manager::init()
 .text.exit._GLOBAL__sub_D__Znwj
                0x08006858       0x14 bn_memory_manager.o
 .text._ZN2bn2hw8palettes9grayscaleEPKNS_5colorEiiPS2_.part.0
                0x0800686c       0x40 bn_palettes_manager.o
 .text._ZN2bn14bg_palette_ptrC2ERKS0_
                0x080068ac       0x2c bn_palettes_manager.o
                0x080068ac                bn::bg_palette_ptr::bg_palette_ptr(bn::bg_palette_ptr const&)
                0x080068ac                bn::bg_palette_ptr::bg_palette_ptr(bn::bg_palette_ptr const&)
 .text._ZNK2bn14bg_palette_ptr3bppEv
                0x080068d8       0x20 bn_palettes_manager.o
                0x080068d8                bn::bg_palette_ptr::bpp() const
 .text._ZN2bn18sprite_palette_ptrC2ERKS0_
                0x080068f8       0x1c bn_palettes_manager.o
                0x080068f8                bn::sprite_palette_ptr::sprite_palette_ptr(bn::sprite_palette_ptr const&)
                0x080068f8                bn::sprite_palette_ptr::sprite_palette_ptr(bn::sprite_palette_ptr const&)
 .text._ZNK2bn18sprite_palette_ptr3bppEv
                0x08006914       0x1c bn_palettes_manager.o
                0x08006914                bn::sprite_palette_ptr::bpp() const
 .text._ZNK2bn13palettes_bank10log_statusEv
                0x08006930      0x17c bn_palettes_manager.o
                0x08006930                bn::palettes_bank::log_status() const
 .text._ZNK2bn13palettes_bank20retrieve_commit_dataEv
                0x08006aac       0x4c bn_palettes_manager.o
                0x08006aac                bn::palettes_bank::retrieve_commit_data() const
 .text._ZNK2bn13palettes_bank12_same_colorsERKNS_4spanIKNS_5colorEEEi
                0x08006af8       0x4c bn_palettes_manager.o
                0x08006af8                bn::palettes_bank::_same_colors(bn::span<bn::color const> const&, int) const
 .text._ZN2bn13palettes_bank10find_bpp_4ERKNS_4spanIKNS_5colorEEEt
                0x08006b44       0xe0 bn_palettes_manager.o
                0x08006b44                bn::palettes_bank::find_bpp_4(bn::span<bn::color const> const&, unsigned short)
 .text._ZNK2bn13palettes_bank21_apply_global_effectsEiPNS_5colorE
                0x08006c24      0x128 bn_palettes_manager.o
                0x08006c24                bn::palettes_bank::_apply_global_effects(int, bn::color*) const
 .text._ZNK2bn13palettes_bank25fill_hblank_effect_colorsEPKNS_5colorEPt
                0x08006d4c       0x30 bn_palettes_manager.o
                0x08006d4c                bn::palettes_bank::fill_hblank_effect_colors(bn::color const*, unsigned short*) const
 .text._ZNK2bn13palettes_bank7palette13apply_effectsEiPNS_5colorE
                0x08006d7c       0xb0 bn_palettes_manager.o
                0x08006d7c                bn::palettes_bank::palette::apply_effects(int, bn::color*) const
 .text._ZNK2bn13palettes_bank25fill_hblank_effect_colorsEiPKNS_5colorEPt
                0x08006e2c       0x44 bn_palettes_manager.o
                0x08006e2c                bn::palettes_bank::fill_hblank_effect_colors(int, bn::color const*, unsigned short*) const
 .text._ZN2bn13palettes_bank15_update_paletteEi
                0x08006e70       0x6c bn_palettes_manager.o
                0x08006e70                bn::palettes_bank::_update_palette(int)
 .text._ZN2bn13palettes_bank6updateEv
                0x08006edc      0x124 bn_palettes_manager.o
                0x08006edc                bn::palettes_bank::update()
 .text._ZN2bn16palettes_manager20sprite_palettes_bankEv
                0x08007000        0x8 bn_palettes_manager.o
                0x08007000                bn::palettes_manager::sprite_palettes_bank()
 .text._ZN2bn16palettes_manager16bg_palettes_bankEv
                0x08007008        0x8 bn_palettes_manager.o
                0x08007008                bn::palettes_manager::bg_palettes_bank()
 .text._ZN2bn16palettes_manager6updateEv
                0x08007010       0x20 bn_palettes_manager.o
                0x08007010                bn::palettes_manager::update()
 .text._ZN2bn16palettes_manager6commitEb
                0x08007030       0xe4 bn_palettes_manager.o
                0x08007030                bn::palettes_manager::commit(bool)
 .text._ZN2bn16palettes_manager4stopEv
                0x08007114       0x20 bn_palettes_manager.o
                0x08007114                bn::palettes_manager::stop()
 .text._ZN3_bn6assert9show_argsIA35_cEEvPKcS4_S4_iRKT_
                0x08007134       0x48 bn_palettes_manager.o
                0x08007134                void _bn::assert::show_args<char [35]>(char const*, char const*, char const*, int, char const (&) [35])
 .text._ZN2bn13palettes_bank11colors_hashERKNS_4spanIKNS_5colorEEE
                0x0800717c       0x50 bn_palettes_manager.o
                0x0800717c                bn::palettes_bank::colors_hash(bn::span<bn::color const> const&)
 .text._ZN3_bn6assert9show_argsIJA43_ciA36_cA42_cEEEvPKcS6_S6_iDpRKT_
                0x080071cc       0x64 bn_palettes_manager.o
                0x080071cc                void _bn::assert::show_args<char [43], int, char [36], char [42]>(char const*, char const*, char const*, int, char const (&) [43], int const&, char const (&) [36], char const (&) [42])
 .text._ZN2bn13palettes_bank12create_bpp_8ERKNS_4spanIKNS_5colorEEENS_16compression_typeEb
                0x08007230      0x24c bn_palettes_manager.o
                0x08007230                bn::palettes_bank::create_bpp_8(bn::span<bn::color const> const&, bn::compression_type, bool)
 .text._ZNK2bn19sprite_palette_item10decompressENS_4spanINS_5colorEEE
                0x0800747c      0x188 bn_palettes_manager.o
                0x0800747c                bn::sprite_palette_item::decompress(bn::span<bn::color>) const
 .text._ZN2bn13palettes_bank12create_bpp_4ERKNS_4spanIKNS_5colorEEEtb
                0x08007604      0x26c bn_palettes_manager.o
                0x08007604                bn::palettes_bank::create_bpp_4(bn::span<bn::color const> const&, unsigned short, bool)
 .text._ZN2bn12_GLOBAL__N_1L12_create_implERKNS_19sprite_palette_itemEb
                0x08007870       0x88 bn_palettes_manager.o
 .text._ZNK2bn19sprite_palette_item14create_paletteEv
                0x080078f8       0x48 bn_palettes_manager.o
                0x080078f8                bn::sprite_palette_item::create_palette() const
 .text._ZN2bn14iunordered_mapItsNS_13palettes_bank15identity_hasherENS_8equal_toItEEE5eraseERKNS5_14const_iteratorE.isra.0
                0x08007940      0x15c bn_palettes_manager.o
 .text._ZN2bn13palettes_bank15decrease_usagesEi.part.0
                0x08007a9c       0xc4 bn_palettes_manager.o
 .text._ZN2bn14bg_palette_ptrD2Ev
                0x08007b60       0x3c bn_palettes_manager.o
                0x08007b60                bn::bg_palette_ptr::~bg_palette_ptr()
                0x08007b60                bn::bg_palette_ptr::~bg_palette_ptr()
 .text._ZN2bn18sprite_palette_ptrD2Ev
                0x08007b9c       0x30 bn_palettes_manager.o
                0x08007b9c                bn::sprite_palette_ptr::~sprite_palette_ptr()
                0x08007b9c                bn::sprite_palette_ptr::~sprite_palette_ptr()
 .text._ZN2bn14bg_palette_ptraSERKS0_
                0x08007bcc       0x74 bn_palettes_manager.o
                0x08007bcc                bn::bg_palette_ptr::operator=(bn::bg_palette_ptr const&)
 .text.startup._GLOBAL__sub_I__ZN2bn11bg_palettes17used_colors_countEv
                0x08007c40      0x1d8 bn_palettes_manager.o
 .text._ZN2bn26sprite_affine_mats_manager12_GLOBAL__N_1L19_sprite_double_sizeILi32ELi16EEEbiiiii
                0x08007e18       0x84 bn_sprite_affine_mats_manager.o
 .text._ZN2bn26sprite_affine_mats_manager12_GLOBAL__N_1L19_sprite_double_sizeILi16ELi32EEEbiiiii
                0x08007e9c       0x84 bn_sprite_affine_mats_manager.o
 .text._ZNK2bn21sprite_affine_mat_ptr15horizontal_flipEv
                0x08007f20       0x18 bn_sprite_affine_mats_manager.o
                0x08007f20                bn::sprite_affine_mat_ptr::horizontal_flip() const
 .text._ZNK2bn21sprite_affine_mat_ptr13vertical_flipEv
                0x08007f38       0x18 bn_sprite_affine_mats_manager.o
                0x08007f38                bn::sprite_affine_mat_ptr::vertical_flip() const
 .text._ZNK2bn21sprite_affine_mat_ptr16flipped_identityEv
                0x08007f50       0x14 bn_sprite_affine_mats_manager.o
                0x08007f50                bn::sprite_affine_mat_ptr::flipped_identity() const
 .text._ZN2bn26sprite_affine_mats_manager13attach_spriteEiRNS_24intrusive_list_node_typeE
                0x08007f64       0x2c bn_sprite_affine_mats_manager.o
                0x08007f64                bn::sprite_affine_mats_manager::attach_sprite(int, bn::intrusive_list_node_type&)
 .text._ZN2bn26sprite_affine_mats_manager18sprite_double_sizeEiRKNS_17sprite_shape_sizeE
                0x08007f90      0x1d8 bn_sprite_affine_mats_manager.o
                0x08007f90                bn::sprite_affine_mats_manager::sprite_double_size(int, bn::sprite_shape_size const&)
 .text._ZN2bn26sprite_affine_mats_manager20retrieve_commit_dataEv
                0x08008168       0x38 bn_sprite_affine_mats_manager.o
                0x08008168                bn::sprite_affine_mats_manager::retrieve_commit_data()
 .text._ZN3_bn6assert9show_argsIA37_cEEvPKcS4_S4_iRKT_
                0x080081a0       0x48 bn_sprite_affine_mats_manager.o
                0x080081a0                void _bn::assert::show_args<char [37]>(char const*, char const*, char const*, int, char const (&) [37])
 .text._ZN2bn7ivectorIaE9push_backEOa.part.0
                0x080081e8       0x28 bn_sprite_affine_mats_manager.o
 .text._ZN2bn26sprite_affine_mats_manager15decrease_usagesEi
                0x08008210       0x4c bn_sprite_affine_mats_manager.o
                0x08008210                bn::sprite_affine_mats_manager::decrease_usages(int)
 .text._ZN2bn26sprite_affine_mats_manager6updateEv
                0x0800825c       0x90 bn_sprite_affine_mats_manager.o
                0x0800825c                bn::sprite_affine_mats_manager::update()
 .text._ZN2bn26sprite_affine_mats_manager4initEPv
                0x080082ec       0x44 bn_sprite_affine_mats_manager.o
                0x080082ec                bn::sprite_affine_mats_manager::init(void*)
 .text._ZN2bn21sprite_affine_mat_ptrD2Ev
                0x08008330       0x60 bn_sprite_affine_mats_manager.o
                0x08008330                bn::sprite_affine_mat_ptr::~sprite_affine_mat_ptr()
                0x08008330                bn::sprite_affine_mat_ptr::~sprite_affine_mat_ptr()
 .text._ZN2bn26sprite_affine_mats_manager14dettach_spriteEiRNS_24intrusive_list_node_typeE
                0x08008390       0x54 bn_sprite_affine_mats_manager.o
                0x08008390                bn::sprite_affine_mats_manager::dettach_sprite(int, bn::intrusive_list_node_type&)
 .text.startup._GLOBAL__sub_I__ZN2bn18sprite_affine_mats10used_countEv
                0x080083e4       0x98 bn_sprite_affine_mats_manager.o
 .text.exit._GLOBAL__sub_D__ZN2bn18sprite_affine_mats10used_countEv
                0x0800847c       0x3c bn_sprite_affine_mats_manager.o
 .text._ZN2bn15sprites_manager12_GLOBAL__N_1L25_update_indexes_to_commitERKNS_20sprites_manager_itemE
                0x080084b8       0x4c bn_sprites_manager.o
 .text._ZN2bn13ostringstream11append_argsIiJA4_ciEEEvRKT_DpRKT0_.isra.0
                0x08008504       0x24 bn_sprites_manager.o
 .text._ZN2bn15sprites_manager12_GLOBAL__N_1L23_update_item_dimensionsERNS_20sprites_manager_itemE
                0x08008528       0xc0 bn_sprites_manager.o
 .text._ZN2bn15sprites_manager4initEv
                0x080085e8       0x40 bn_sprites_manager.o
                0x080085e8                bn::sprites_manager::init()
 .text._ZN2bn15sprites_manager5hw_idEPv
                0x08008628        0x8 bn_sprites_manager.o
                0x08008628                bn::sprites_manager::hw_id(void*)
 .text._ZN2bn15sprites_manager5shapeEPv
                0x08008630        0x8 bn_sprites_manager.o
                0x08008630                bn::sprites_manager::shape(void*)
 .text._ZN2bn15sprites_manager4sizeEPv
                0x08008638        0x8 bn_sprites_manager.o
                0x08008638                bn::sprites_manager::size(void*)
 .text._ZN2bn15sprites_manager10shape_sizeEPv
                0x08008640       0x14 bn_sprites_manager.o
                0x08008640                bn::sprites_manager::shape_size(void*)
 .text._ZN2bn15sprites_manager11hw_positionEPv
                0x08008654        0x4 bn_sprites_manager.o
                0x08008654                bn::sprites_manager::hw_position(void*)
 .text._ZN2bn15sprites_manager9view_modeEPv
                0x08008658        0xc bn_sprites_manager.o
                0x08008658                bn::sprites_manager::view_mode(void*)
 .text._ZN2bn15sprites_manager10affine_matEPv
                0x08008664        0x4 bn_sprites_manager.o
                0x08008664                bn::sprites_manager::affine_mat(void*)
 .text._ZN2bn15sprites_manager39fill_hblank_effect_horizontal_positionsEPviPKNS_7fixed_tILi12EEEPt
                0x08008668       0x4c bn_sprites_manager.o
                0x08008668                bn::sprites_manager::fill_hblank_effect_horizontal_positions(void*, int, bn::fixed_t<12> const*, unsigned short*)
 .text._ZN2bn15sprites_manager37fill_hblank_effect_vertical_positionsEPviPKNS_7fixed_tILi12EEEPt
                0x080086b4       0x4c bn_sprites_manager.o
                0x080086b4                bn::sprites_manager::fill_hblank_effect_vertical_positions(void*, int, bn::fixed_t<12> const*, unsigned short*)
 .text._ZN2bn15sprites_manager35fill_hblank_effect_first_attributesEiNS_12sprite_shapeENS_8bpp_modeEiPKNS_23sprite_first_attributesEPt
                0x08008700       0xc8 bn_sprites_manager.o
                0x08008700                bn::sprites_manager::fill_hblank_effect_first_attributes(int, bn::sprite_shape, bn::bpp_mode, int, bn::sprite_first_attributes const*, unsigned short*)
 .text._ZN2bn15sprites_manager44fill_hblank_effect_regular_second_attributesEPviNS_11sprite_sizeEPKNS_32sprite_regular_second_attributesEPt
                0x080087c8       0x60 bn_sprites_manager.o
                0x080087c8                bn::sprites_manager::fill_hblank_effect_regular_second_attributes(void*, int, bn::sprite_size, bn::sprite_regular_second_attributes const*, unsigned short*)
 .text._ZN2bn15sprites_manager43fill_hblank_effect_affine_second_attributesEPviNS_11sprite_sizeEPKNS_31sprite_affine_second_attributesEPt
                0x08008828       0x58 bn_sprites_manager.o
                0x08008828                bn::sprites_manager::fill_hblank_effect_affine_second_attributes(void*, int, bn::sprite_size, bn::sprite_affine_second_attributes const*, unsigned short*)
 .text._ZN2bn15sprites_manager14update_camerasEv
                0x08008880       0x28 bn_sprites_manager.o
                0x08008880                bn::sprites_manager::update_cameras()
 .text._ZN2bn15sprites_manager6commitEb
                0x080088a8       0xa4 bn_sprites_manager.o
                0x080088a8                bn::sprites_manager::commit(bool)
 .text._ZN3_bn6assert9show_argsIA54_cEEvPKcS4_S4_iRKT_
                0x0800894c       0x48 bn_sprites_manager.o
                0x0800894c                void _bn::assert::show_args<char [54]>(char const*, char const*, char const*, int, char const (&) [54])
 .text._ZNK2bn17sprite_shape_size11tiles_countENS_8bpp_modeE.isra.0
                0x08008994      0x140 bn_sprites_manager.o
 .text._ZN2bn8optionalINS_18sprite_palette_ptrEEdeEv.part.0
                0x08008ad4       0x28 bn_sprites_manager.o
 .text._ZN2bn15sprites_manager12_GLOBAL__N_1L18_remove_affine_matERNS_20sprites_manager_itemE
                0x08008afc       0xb0 bn_sprites_manager.o
 .text._ZN2bn15sprites_manager40remove_identity_affine_mat_if_not_neededEPv
                0x08008bac       0x18 bn_sprites_manager.o
                0x08008bac                bn::sprites_manager::remove_identity_affine_mat_if_not_needed(void*)
 .text._ZN2bn14sprite_builder13release_tilesEv
                0x08008bc4       0x58 bn_sprites_manager.o
                0x08008bc4                bn::sprite_builder::release_tiles()
 .text._ZN2bn14sprite_builder15release_paletteEv
                0x08008c1c       0x58 bn_sprites_manager.o
                0x08008c1c                bn::sprite_builder::release_palette()
 .text._ZN2bn8optionalINS_16sprite_tiles_ptrEEptEv.part.0
                0x08008c74       0x28 bn_sprites_manager.o
 .text._ZNK2bn8optionalINS_16sprite_tiles_ptrEEdeEv.part.0
                0x08008c9c       0x28 bn_sprites_manager.o
 .text._ZN2bn15sprites_manager7paletteEPv
                0x08008cc4       0x14 bn_sprites_manager.o
                0x08008cc4                bn::sprites_manager::palette(void*)
 .text._ZN2bn20sprites_manager_item13_builder_initERKNS_14sprite_builderE
                0x08008cd8      0x31c bn_sprites_manager.o
                0x08008cd8                bn::sprites_manager_item::_builder_init(bn::sprite_builder const&)
 .text._ZN2bn14sprite_builder11set_z_orderEi
                0x08008ff4       0x44 bn_sprites_manager.o
                0x08008ff4                bn::sprite_builder::set_z_order(int)
 .text._ZN2bn14sprite_builderC2ERKNS_17sprite_shape_sizeENS_16sprite_tiles_ptrENS_18sprite_palette_ptrE
                0x08009038      0x100 bn_sprites_manager.o
                0x08009038                bn::sprite_builder::sprite_builder(bn::sprite_shape_size const&, bn::sprite_tiles_ptr, bn::sprite_palette_ptr)
                0x08009038                bn::sprite_builder::sprite_builder(bn::sprite_shape_size const&, bn::sprite_tiles_ptr, bn::sprite_palette_ptr)
 .text._ZN2bn14sprite_builder15set_bg_priorityEi
                0x08009138       0x38 bn_sprites_manager.o
                0x08009138                bn::sprite_builder::set_bg_priority(int)
 .text._ZN2bn15sprites_manager6updateEv
                0x08009170      0x170 bn_sprites_manager.o
                0x08009170                bn::sprites_manager::update()
 .text._ZN3_bn6assert9show_argsIJA27_ciA4_ciEEEvPKcS5_S5_iDpRKT_
                0x080092e0       0x58 bn_sprites_manager.o
                0x080092e0                void _bn::assert::show_args<char [27], int, char [4], int>(char const*, char const*, char const*, int, char const (&) [27], int const&, char const (&) [4], int const&)
 .text._ZN2bn15sprites_manager35fill_hblank_effect_third_attributesENS_17sprite_shape_sizeEPKNS_23sprite_third_attributesEPt
                0x08009338       0xc4 bn_sprites_manager.o
                0x08009338                bn::sprites_manager::fill_hblank_effect_third_attributes(bn::sprite_shape_size, bn::sprite_third_attributes const*, unsigned short*)
 .text._ZN2bn14sorted_sprites6sorter6insertERNS_20sprites_manager_itemE
                0x080093fc      0x170 bn_sprites_manager.o
                0x080093fc                bn::sorted_sprites::sorter::insert(bn::sprites_manager_item&)
 .text._ZN2bn15sprites_manager6createEONS_14sprite_builderE
                0x0800956c      0x16c bn_sprites_manager.o
                0x0800956c                bn::sprites_manager::create(bn::sprite_builder&&)
 .text._ZN2bn10sprite_ptr6createEONS_14sprite_builderE
                0x080096d8       0x14 bn_sprites_manager.o
                0x080096d8                bn::sprite_ptr::create(bn::sprite_builder&&)
 .text._ZN2bn14intrusive_listINS_20sprites_manager_itemEE5eraseERS1_.part.0
                0x080096ec       0x28 bn_sprites_manager.o
 .text._ZN2bn15sprites_manager15decrease_usagesEPv
                0x08009714      0x164 bn_sprites_manager.o
                0x08009714                bn::sprites_manager::decrease_usages(void*)
 .text._ZN2bn10sprite_ptrD2Ev
                0x08009878       0x18 bn_sprites_manager.o
                0x08009878                bn::sprite_ptr::~sprite_ptr()
                0x08009878                bn::sprite_ptr::~sprite_ptr()
 .text.startup._GLOBAL__sub_I__ZN2bn7sprites16used_items_countEv
                0x08009890       0x98 bn_sprites_manager.o
 .text.exit._GLOBAL__sub_D__ZN2bn7sprites16used_items_countEv
                0x08009928       0x4c bn_sprites_manager.o
 .text._ZN2bn21sprite_text_generator5_initEv
                0x08009974      0x178 bn_sprite_text_generator.o
                0x08009974                bn::sprite_text_generator::_init()
 .text._ZN2bn21sprite_text_generatorC2ERKNS_11sprite_fontE
                0x08009aec       0x2c bn_sprite_text_generator.o
                0x08009aec                bn::sprite_text_generator::sprite_text_generator(bn::sprite_font const&)
                0x08009aec                bn::sprite_text_generator::sprite_text_generator(bn::sprite_font const&)
 .text._ZNK2bn17sprite_tiles_item18graphics_tiles_refEi.part.0
                0x08009b18       0x24 bn_sprite_text_generator.o
 .text._ZN3_bn6assert9show_argsIJA25_ciA4_ctEEEvPKcS5_S5_iDpRKT_
                0x08009b3c       0x64 bn_sprite_text_generator.o
                0x08009b3c                void _bn::assert::show_args<char [25], int, char [4], unsigned short>(char const*, char const*, char const*, int, char const (&) [25], int const&, char const (&) [4], unsigned short const&)
 .text._ZN2bn8optionalINS_16sprite_tiles_ptrEEdeEv.part.0
                0x08009ba0       0x28 bn_sprite_text_generator.o
 .text._ZN2bn8optionalINS_4spanINS_4tileEEEEptEv.part.0
                0x08009bc8       0x28 bn_sprite_text_generator.o
 .text._ZN2bn14utf8_characterC2ERKc
                0x08009bf0      0x144 bn_sprite_text_generator.o
                0x08009bf0                bn::utf8_character::utf8_character(char const&)
                0x08009bf0                bn::utf8_character::utf8_character(char const&)
 .text._ZN2bn12_GLOBAL__N_1L15_graphics_indexEcRKNS_23utf8_characters_map_refEPKcRi.part.0
                0x08009d34       0x8c bn_sprite_text_generator.o
 .text._ZN3_bn6assert9show_argsIJA20_ccA9_cN2bn11string_viewEA2_cEEEvPKcS8_S8_iDpRKT_
                0x08009dc0       0x6c bn_sprite_text_generator.o
                0x08009dc0                void _bn::assert::show_args<char [20], char, char [9], bn::string_view, char [2]>(char const*, char const*, char const*, int, char const (&) [20], char const&, char const (&) [9], bn::string_view const&, char const (&) [2])
 .text._ZNK2bn21sprite_text_generator5widthERKNS_11string_viewE
                0x08009e2c      0x240 bn_sprite_text_generator.o
                0x08009e2c                bn::sprite_text_generator::width(bn::string_view const&) const
 .text._ZN3_bn6assert9show_argsIA55_cEEvPKcS4_S4_iRKT_
                0x0800a06c       0x48 bn_sprite_text_generator.o
                0x0800a06c                void _bn::assert::show_args<char [55]>(char const*, char const*, char const*, int, char const (&) [55])
 .text._ZN2bn12_GLOBAL__N_1L20_build_sprite_assertILNS_11sprite_sizeE1EEEPNS_4tileERKNS_21sprite_text_generatorERKNS_18sprite_palette_ptrERKNS_11fixed_pointERNS_7ivectorINS_10sprite_ptrEEE
                0x0800a0b4      0x190 bn_sprite_text_generator.o
 .text._ZN2bn12_GLOBAL__N_1L20_build_sprite_assertILNS_11sprite_sizeE2EEEPNS_4tileERKNS_21sprite_text_generatorERKNS_18sprite_palette_ptrERKNS_11fixed_pointERNS_7ivectorINS_10sprite_ptrEEE
                0x0800a244      0x190 bn_sprite_text_generator.o
 .text._ZN2bn12_GLOBAL__N_1L9_generateILb0EEEbRKNS_21sprite_text_generatorERKNS_11fixed_pointERKNS_11string_viewERKNS_23utf8_characters_map_refEiibRNS_7ivectorINS_10sprite_ptrEEE.isra.0
                0x0800a3d4     0x10d8 bn_sprite_text_generator.o
 .text._ZNK2bn21sprite_text_generator8generateENS_7fixed_tILi12EEES2_RKNS_11string_viewERNS_7ivectorINS_10sprite_ptrEEE
                0x0800b4ac       0x40 bn_sprite_text_generator.o
                0x0800b4ac                bn::sprite_text_generator::generate(bn::fixed_t<12>, bn::fixed_t<12>, bn::string_view const&, bn::ivector<bn::sprite_ptr>&) const
 .text._ZNK2bn16sprite_tiles_ptr2idEv
                0x0800b4ec       0x18 bn_sprite_tiles_manager.o
                0x0800b4ec                bn::sprite_tiles_ptr::id() const
 .text._ZNK2bn16sprite_tiles_ptr11tiles_countEv
                0x0800b504       0x18 bn_sprite_tiles_manager.o
                0x0800b504                bn::sprite_tiles_ptr::tiles_count() const
 .text._ZN2bn20sprite_tiles_manager10log_statusEv
                0x0800b51c      0x1e8 bn_sprite_tiles_manager.o
                0x0800b51c                bn::sprite_tiles_manager::log_status()
 .text._ZN2bn20sprite_tiles_manager19commit_uncompressedEb
                0x0800b704       0xc4 bn_sprite_tiles_manager.o
                0x0800b704                bn::sprite_tiles_manager::commit_uncompressed(bool)
 .text._ZN2bn20sprite_tiles_manager17commit_compressedEv
                0x0800b7c8       0xdc bn_sprite_tiles_manager.o
                0x0800b7c8                bn::sprite_tiles_manager::commit_compressed()
 .text._ZNK2bn17sprite_tiles_item18graphics_tiles_refEi.part.0
                0x0800b8a4       0x24 bn_sprite_tiles_manager.o
 .text._ZN3_bn6assert9show_argsIJA44_cPKN2bn4tileEA4_cS6_EEEvPKcS9_S9_iDpRKT_
                0x0800b8c8       0x64 bn_sprite_tiles_manager.o
                0x0800b8c8                void _bn::assert::show_args<char [44], bn::tile const*, char [4], bn::tile const*>(char const*, char const*, char const*, int, char const (&) [44], bn::tile const* const&, char const (&) [4], bn::tile const* const&)
 .text._ZN3_bn6assert9show_argsIJA46_ciA4_cjEEEvPKcS5_S5_iDpRKT_
                0x0800b92c       0x64 bn_sprite_tiles_manager.o
                0x0800b92c                void _bn::assert::show_args<char [46], int, char [4], unsigned int>(char const*, char const*, char const*, int, char const (&) [46], int const&, char const (&) [4], unsigned int const&)
 .text._ZN3_bn6assert9show_argsIJA28_cA15_cPKN2bn4tileEA16_ciA34_cNS4_11string_viewEEEEvPKcSC_SC_iDpRKT_
                0x0800b990       0x7c bn_sprite_tiles_manager.o
                0x0800b990                void _bn::assert::show_args<char [28], char [15], bn::tile const*, char [16], int, char [34], bn::string_view>(char const*, char const*, char const*, int, char const (&) [28], char const (&) [15], bn::tile const* const&, char const (&) [16], int const&, char const (&) [34], bn::string_view const&)
 .text._ZN3_bn6assert9show_argsIJA44_ciA34_cN2bn11string_viewEEEEvPKcS7_S7_iDpRKT_
                0x0800ba0c       0x64 bn_sprite_tiles_manager.o
                0x0800ba0c                void _bn::assert::show_args<char [44], int, char [34], bn::string_view>(char const*, char const*, char const*, int, char const (&) [44], int const&, char const (&) [34], bn::string_view const&)
 .text._ZN2bn7ivectorItE9push_backEOt.part.0
                0x0800ba70       0x28 bn_sprite_tiles_manager.o
 .text._ZN2bn20sprite_tiles_manager4initEv
                0x0800ba98       0xd0 bn_sprite_tiles_manager.o
                0x0800ba98                bn::sprite_tiles_manager::init()
 .text._ZN2bn20sprite_tiles_manager12_GLOBAL__N_1L17_insert_free_itemEiPt
                0x0800bb68       0xd4 bn_sprite_tiles_manager.o
 .text._ZN2bn20sprite_tiles_manager12_GLOBAL__N_1L21_erase_to_commit_itemEiRNS1_9item_typeE.part.0
                0x0800bc3c      0x10c bn_sprite_tiles_manager.o
 .text._ZN2bn20sprite_tiles_manager15decrease_usagesEi
                0x0800bd48      0x138 bn_sprite_tiles_manager.o
                0x0800bd48                bn::sprite_tiles_manager::decrease_usages(int)
 .text._ZN2bn16sprite_tiles_ptrD2Ev
                0x0800be80       0x18 bn_sprite_tiles_manager.o
                0x0800be80                bn::sprite_tiles_ptr::~sprite_tiles_ptr()
                0x0800be80                bn::sprite_tiles_ptr::~sprite_tiles_ptr()
 .text._ZN2bn20sprite_tiles_manager12_GLOBAL__N_1L16_erase_free_itemEi
                0x0800be98       0xf8 bn_sprite_tiles_manager.o
 .text._ZN2bn20sprite_tiles_manager12_GLOBAL__N_1L10_find_implEPKNS_4tileENS_16compression_typeEi
                0x0800bf90      0x2e0 bn_sprite_tiles_manager.o
 .text._ZN2bn14iunordered_mapIPKNS_4tileEiNS_4hashIS3_EENS_8equal_toIS3_EEE5eraseERKNS8_14const_iteratorE.isra.0
                0x0800c270      0x168 bn_sprite_tiles_manager.o
 .text._ZN2bn20sprite_tiles_manager12_GLOBAL__N_1L12_create_itemEiPKNS_4tileENS_16compression_typeEib
                0x0800c3d8      0x318 bn_sprite_tiles_manager.o
 .text._ZN2bn20sprite_tiles_manager12_GLOBAL__N_1L14_allocate_implEi
                0x0800c6f0      0x100 bn_sprite_tiles_manager.o
 .text._ZN2bn20sprite_tiles_manager8allocateEiNS_8bpp_modeE
                0x0800c7f0       0xc0 bn_sprite_tiles_manager.o
                0x0800c7f0                bn::sprite_tiles_manager::allocate(int, bn::bpp_mode)
 .text._ZN2bn16sprite_tiles_ptr8allocateEiNS_8bpp_modeE
                0x0800c8b0       0x18 bn_sprite_tiles_manager.o
                0x0800c8b0                bn::sprite_tiles_ptr::allocate(int, bn::bpp_mode)
 .text._ZN2bn20sprite_tiles_manager6updateEv
                0x0800c8c8      0x220 bn_sprite_tiles_manager.o
                0x0800c8c8                bn::sprite_tiles_manager::update()
 .text._ZN2bn20sprite_tiles_manager12_GLOBAL__N_1L12_create_implEPKNS_4tileENS_16compression_typeEi
                0x0800cae8      0x214 bn_sprite_tiles_manager.o
 .text._ZN2bn20sprite_tiles_manager6createERKNS_4spanIKNS_4tileEEENS_16compression_typeE
                0x0800ccfc      0x140 bn_sprite_tiles_manager.o
                0x0800ccfc                bn::sprite_tiles_manager::create(bn::span<bn::tile const> const&, bn::compression_type)
 .text._ZN2bn16sprite_tiles_ptr6createERKNS_17sprite_tiles_itemEi
                0x0800ce3c       0xd0 bn_sprite_tiles_manager.o
                0x0800ce3c                bn::sprite_tiles_ptr::create(bn::sprite_tiles_item const&, int)
 .text._ZNK2bn17sprite_tiles_item12create_tilesEi
                0x0800cf0c       0xd0 bn_sprite_tiles_manager.o
                0x0800cf0c                bn::sprite_tiles_item::create_tiles(int) const
 .text._ZN2bn20sprite_tiles_manager4vramEi
                0x0800cfdc       0x3c bn_sprite_tiles_manager.o
                0x0800cfdc                bn::sprite_tiles_manager::vram(int)
 .text._ZN2bn16sprite_tiles_ptr4vramEv
                0x0800d018       0x14 bn_sprite_tiles_manager.o
                0x0800d018                bn::sprite_tiles_ptr::vram()
 .text.startup._GLOBAL__sub_I__ZN2bn12sprite_tiles16used_tiles_countEv
                0x0800d02c      0x11c bn_sprite_tiles_manager.o
 .text._ZN2bn13ostringstreamC2ERNS_12istring_baseE
                0x0800d148        0x8 bn_sstream.o
                0x0800d148                bn::ostringstream::ostringstream(bn::istring_base&)
                0x0800d148                bn::ostringstream::ostringstream(bn::istring_base&)
 .text._ZN2bn13ostringstream6appendEPKc
                0x0800d150       0x94 bn_sstream.o
                0x0800d150                bn::ostringstream::append(char const*)
 .text._ZN2bn13ostringstream6appendERKNS_11string_viewE
                0x0800d1e4       0xa0 bn_sstream.o
                0x0800d1e4                bn::ostringstream::append(bn::string_view const&)
 .text._ZN2bn13ostringstream6appendEj
                0x0800d284       0xc0 bn_sstream.o
                0x0800d284                bn::ostringstream::append(unsigned int)
 .text._ZN2bn13ostringstream6appendEi
                0x0800d344       0xc0 bn_sstream.o
                0x0800d344                bn::ostringstream::append(int)
 .text._ZN2bn13ostringstream6appendEPKv
                0x0800d404       0xf8 bn_sstream.o
                0x0800d404                bn::ostringstream::append(void const*)
 .text._ZN2bn7istring9push_backEc.part.0
                0x0800d4fc       0x28 bn_sstream.o
 .text._ZN2bn13ostringstream6appendEc
                0x0800d524       0x24 bn_sstream.o
                0x0800d524                bn::ostringstream::append(char)
 .text._ZN2bn5timerC2Ev
                0x0800d548       0x18 bn_timer.o
                0x0800d548                bn::timer::timer()
                0x0800d548                bn::timer::timer()
 .text._ZNK2bn5timer13elapsed_ticksEv
                0x0800d560       0x38 bn_timer.o
                0x0800d560                bn::timer::elapsed_ticks() const
 .text._ZN2bn5timer7restartEv
                0x0800d598       0x18 bn_timer.o
                0x0800d598                bn::timer::restart()
 .text._ZN2bn2hw5audio12_GLOBAL__N_1L24_disabled_vblank_handlerEv
                0x0800d5b0       0x10 bn_hw_audio.bn_noflto.o
 .text._ZN2bn2hw5audio12_GLOBAL__N_1L7_commitEv
                0x0800d5c0       0x7c bn_hw_audio.bn_noflto.o
 .text._ZN2bn2hw5audio12_GLOBAL__N_1L23_enabled_vblank_handlerEv
                0x0800d63c       0x24 bn_hw_audio.bn_noflto.o
 .text._ZN2bn2hw5audio4initEv
                0x0800d660       0x68 bn_hw_audio.bn_noflto.o
                0x0800d660                bn::hw::audio::init()
 .text._ZN2bn2hw5audio7disableEv
                0x0800d6c8       0x30 bn_hw_audio.bn_noflto.o
                0x0800d6c8                bn::hw::audio::disable()
 .text._ZN2bn2hw5audio13music_playingEv
                0x0800d6f8       0x10 bn_hw_audio.bn_noflto.o
                0x0800d6f8                bn::hw::audio::music_playing()
 .text._ZN2bn2hw5audio10play_musicEiib
                0x0800d708       0x30 bn_hw_audio.bn_noflto.o
                0x0800d708                bn::hw::audio::play_music(int, int, bool)
 .text._ZN2bn2hw5audio10stop_musicEv
                0x0800d738        0xc bn_hw_audio.bn_noflto.o
                0x0800d738                bn::hw::audio::stop_music()
 .text._ZN2bn2hw5audio11pause_musicEv
                0x0800d744        0xc bn_hw_audio.bn_noflto.o
                0x0800d744                bn::hw::audio::pause_music()
 .text._ZN2bn2hw5audio12resume_musicEv
                0x0800d750        0xc bn_hw_audio.bn_noflto.o
                0x0800d750                bn::hw::audio::resume_music()
 .text._ZN2bn2hw5audio14music_positionEv
                0x0800d75c        0xc bn_hw_audio.bn_noflto.o
                0x0800d75c                bn::hw::audio::music_position()
 .text._ZN2bn2hw5audio18set_music_positionEi
                0x0800d768        0xc bn_hw_audio.bn_noflto.o
                0x0800d768                bn::hw::audio::set_music_position(int)
 .text._ZN2bn2hw5audio16set_music_volumeEi
                0x0800d774        0xc bn_hw_audio.bn_noflto.o
                0x0800d774                bn::hw::audio::set_music_volume(int)
 .text._ZN2bn2hw5audio22disable_vblank_handlerEv
                0x0800d780       0x14 bn_hw_audio.bn_noflto.o
                0x0800d780                bn::hw::audio::disable_vblank_handler()
 .text._ZN2bn2hw5audio6updateEb
                0x0800d794       0x18 bn_hw_audio.bn_noflto.o
                0x0800d794                bn::hw::audio::update(bool)
 .text._ZN2bn2hw5audio6commitEv
                0x0800d7ac       0x20 bn_hw_audio.bn_noflto.o
                0x0800d7ac                bn::hw::audio::commit()
 .text._ZN2bn2hw5audio12_GLOBAL__N_1L19_add_sound_to_queueEit
                0x0800d7cc       0x9c bn_hw_audio.bn_noflto.o
 .text._ZN2bn2hw5audio19update_sounds_queueEv
                0x0800d868       0x94 bn_hw_audio.bn_noflto.o
                0x0800d868                bn::hw::audio::update_sounds_queue()
 .text._ZN2bn2hw5audio15stop_all_soundsEv
                0x0800d8fc       0x60 bn_hw_audio.bn_noflto.o
                0x0800d8fc                bn::hw::audio::stop_all_sounds()
 .text._ZN2bn2hw5audio12_GLOBAL__N_1L19_check_sounds_queueEv.part.0
                0x0800d95c       0x9c bn_hw_audio.bn_noflto.o
 .text._ZN2bn2hw5audio10play_soundEiiiii
                0x0800d9f8       0x44 bn_hw_audio.bn_noflto.o
                0x0800d9f8                bn::hw::audio::play_sound(int, int, int, int, int)
 .text._ZN2bn2hw5audio10play_soundEii
                0x0800da3c       0x30 bn_hw_audio.bn_noflto.o
                0x0800da3c                bn::hw::audio::play_sound(int, int)
 .text.startup._GLOBAL__sub_I__ZN2bn2hw5audio4initEv
                0x0800da6c       0x30 bn_hw_audio.bn_noflto.o
 .text.exit._GLOBAL__sub_D__ZN2bn2hw5audio4initEv
                0x0800da9c       0x64 bn_hw_audio.bn_noflto.o
 .text._ZN3_bn6assert9show_argsIA40_cEEvPKcS4_S4_iRKT_
                0x0800db00       0x48 bn_hw_common.bn_noflto.o
                0x0800db00                void _bn::assert::show_args<char [40]>(char const*, char const*, char const*, int, char const (&) [40])
 .text.__aeabi_idiv0
                0x0800db48       0x24 bn_hw_common.bn_noflto.o
                0x0800db48                __aeabi_idiv0
 .text._ZN2bn2hw8game_pak14_slow_game_pakEv
                0x0800db6c       0x80 bn_hw_game_pak.bn_ewram.o
                0x0800db6c                bn::hw::game_pak::_slow_game_pak()
 .text._ZN2bn2hw8game_pak4initEv
                0x0800dbec       0x28 bn_hw_game_pak.o
                0x0800dbec                bn::hw::game_pak::init()
 .text._ZN2bn2hw3irq4initEv
                0x0800dc14        0xc bn_hw_irq.o
                0x0800dc14                bn::hw::irq::init()
 .text._ZN2bn2hw3irq7set_isrENS1_2idEPFvvE
                0x0800dc20       0x10 bn_hw_irq.o
                0x0800dc20                bn::hw::irq::set_isr(bn::hw::irq::id, void (*)())
 .text._ZN2bn2hw3irq6enableENS1_2idE
                0x0800dc30       0x10 bn_hw_irq.o
                0x0800dc30                bn::hw::irq::enable(bn::hw::irq::id)
 .text._ZN2bn2hw3irq7disableENS1_2idE
                0x0800dc40       0x10 bn_hw_irq.o
                0x0800dc40                bn::hw::irq::disable(bn::hw::irq::id)
 .text._ZN2bn2hw4link12_GLOBAL__N_1L19_resetStateCallbackEv
                0x0800dc50       0x4c bn_hw_link.o
 .text._ZN2bn2hw4link4initEv
                0x0800dc9c       0xf8 bn_hw_link.o
                0x0800dc9c                bn::hw::link::init()
 .text._ZN2bn2hw4link6activeEv
                0x0800dd94       0x10 bn_hw_link.o
                0x0800dd94                bn::hw::link::active()
 .text._ZN2bn2hw4link7disableEv
                0x0800dda4       0xbc bn_hw_link.o
                0x0800dda4                bn::hw::link::disable()
 .text._ZN2bn2hw4link6commitEv
                0x0800de60       0x30 bn_hw_link.o
                0x0800de60                bn::hw::link::commit()
 .text._ZN2bn6idequeItE9pop_frontEv.part.0
                0x0800de90       0x28 bn_hw_link.o
 .text._ZN2bn2hw4link11_timer_intrEv
                0x0800deb8      0x144 bn_hw_link.o
                0x0800deb8                bn::hw::link::_timer_intr()
 .text._ZN2bn2hw4link12_GLOBAL__N_1L24_receiveResponseCallbackERK12LinkResponse
                0x0800dffc      0x128 bn_hw_link.o
 .text._ZN2bn2hw4link12_serial_intrEv
                0x0800e124      0x234 bn_hw_link.o
                0x0800e124                bn::hw::link::_serial_intr()
 .text._ZN2bn2hw4link12_GLOBAL__N_1L17_sendDataCallbackEv
                0x0800e358       0xb8 bn_hw_link.o
 .text.startup._GLOBAL__sub_I__ZN2bn2hw4link4initEv
                0x0800e410       0x6c bn_hw_link.o
 .text._ZN2bn2hw3logERKNS_12istring_baseE
                0x0800e47c       0x58 bn_hw_log.o
                0x0800e47c                bn::hw::log(bn::istring_base const&)
 .text._ZN2bn2hw6memory4initEv
                0x0800e4d4        0x4 bn_hw_memory.o
                0x0800e4d4                bn::hw::memory::init()
 .text._ZN2bn2hw6memory16ewram_heap_startEv
                0x0800e4d8        0x8 bn_hw_memory.o
                0x0800e4d8                bn::hw::memory::ewram_heap_start()
 .text._ZN2bn2hw6memory14ewram_heap_endEv
                0x0800e4e0        0x8 bn_hw_memory.o
                0x0800e4e0                bn::hw::memory::ewram_heap_end()
 .text._ZN2bn2hw8palettes12_GLOBAL__N_1L10lut_effectEPKNS_5colorEPKhiPS3_
                0x0800e4e8       0x44 bn_hw_palettes.o
 .text._ZN2bn2hw8palettes10brightnessEPKNS_5colorEiiPS2_
                0x0800e52c       0x58 bn_hw_palettes.o
                0x0800e52c                bn::hw::palettes::brightness(bn::color const*, int, int, bn::color*)
 .text._ZN2bn2hw8palettes8contrastEPKNS_5colorEiiPS2_
                0x0800e584       0x18 bn_hw_palettes.o
                0x0800e584                bn::hw::palettes::contrast(bn::color const*, int, int, bn::color*)
 .text._ZN2bn2hw8palettes9intensityEPKNS_5colorEiiPS2_
                0x0800e59c       0x18 bn_hw_palettes.o
                0x0800e59c                bn::hw::palettes::intensity(bn::color const*, int, int, bn::color*)
 .text._ZN2bn2hw8palettes9hue_shiftEPKNS_5colorEiiPS2_
                0x0800e5b4      0x14c bn_hw_palettes.o
                0x0800e5b4                bn::hw::palettes::hue_shift(bn::color const*, int, int, bn::color*)
 .text._ZN2bn2hw8palettes6rotateEPKNS_5colorEiiPS2_
                0x0800e700       0x30 bn_hw_palettes.o
                0x0800e700                bn::hw::palettes::rotate(bn::color const*, int, int, bn::color*)
 .text._ZN2bn2hw4show5errorERKNS_11system_fontERKNS_11string_viewES7_S7_iS7_S7_
                0x0800e730      0x33c bn_hw_show.o
                0x0800e730                bn::hw::show::error(bn::system_font const&, bn::string_view const&, bn::string_view const&, bn::string_view const&, int, bn::string_view const&, bn::string_view const&)
 .text._ZN2bn2hw12sprite_tiles10plot_tilesEiPKNS_4tileEiiPS2_
                0x0800ea6c       0x3c bn_hw_sprite_tiles.o
                0x0800ea6c                bn::hw::sprite_tiles::plot_tiles(int, bn::tile const*, int, int, bn::tile*)
 .text._ZN2bn2hw4sram4initEv
                0x0800eaa8       0x18 bn_hw_sram.o
                0x0800eaa8                bn::hw::sram::init()
 .text._ZN2bn11system_fontC2Ev
                0x0800eac0       0x18 bn_hw_system_font.o
                0x0800eac0                bn::system_font::system_font()
                0x0800eac0                bn::system_font::system_font()
 .text._ZNK2bn11system_font8tte_fontEv
                0x0800ead8        0x4 bn_hw_system_font.o
                0x0800ead8                bn::system_font::tte_font() const
 .text._ZN2bn2hw4text5parseEiRNS_5arrayIcLi32EEE
                0x0800eadc       0xbc bn_hw_text.o
                0x0800eadc                bn::hw::text::parse(int, bn::array<char, 32>&)
 .text._ZN2bn2hw4text5parseEjRNS_5arrayIcLi32EEE
                0x0800eb98       0xa0 bn_hw_text.o
                0x0800eb98                bn::hw::text::parse(unsigned int, bn::array<char, 32>&)
 .text._ZN2bn2hw4text5parseEPKvRNS_5arrayIcLi32EEE
                0x0800ec38       0x30 bn_hw_text.o
                0x0800ec38                bn::hw::text::parse(void const*, bn::array<char, 32>&)
 .text.clr_grayscale
                0x0800ec68       0x70 tonc_color.o
                0x0800ec68                clr_grayscale
 .text.sbmp16_rect
                0x0800ecd8       0x6c tonc_sbmp16.o
                0x0800ecd8                sbmp16_rect
 .text.bmp16_drawg_b1cts
                0x0800ed44       0xb4 bmp16_drawg_b1cs.o
                0x0800ed44                bmp16_drawg_b1cts
 .text.bmp16_erase
                0x0800edf8       0x24 tte_init_bmp.o
                0x0800edf8                bmp16_erase
 .text.tte_init_bmp
                0x0800ee1c       0x60 tte_init_bmp.o
                0x0800ee1c                tte_init_bmp
 .text.dummy_drawg
                0x0800ee7c        0x4 tte_main.o
                0x0800ee7c                dummy_drawg
 .text.dummy_erase
                0x0800ee80        0x4 tte_main.o
                0x0800ee80                dummy_erase
 .text.tte_init_base
                0x0800ee84       0x68 tte_main.o
                0x0800ee84                tte_init_base
 .text.utf8_decode_char
                0x0800eeec       0xb8 tte_main.o
                0x0800eeec                utf8_decode_char
 .text.tte_write
                0x0800efa4       0xd0 tte_main.o
                0x0800efa4                tte_write
 .text.tte_get_text_size
                0x0800f074       0xa4 tte_main.o
                0x0800f074                tte_get_text_size
 .text.tte_set_margins
                0x0800f118       0x14 tte_main.o
                0x0800f118                tte_set_margins
 .text.IRQ_Init
                0x0800f12c       0x48 interrupts_gba.o
                0x0800f12c                IRQ_Init
 .text.IRQ_SetHandler
                0x0800f174       0x10 interrupts_gba.o
                0x0800f174                IRQ_SetHandler
 .text.IRQ_Enable
                0x0800f184       0x5c interrupts_gba.o
                0x0800f184                IRQ_Enable
 .text.IRQ_Disable
                0x0800f1e0       0x5c interrupts_gba.o
                0x0800f1e0                IRQ_Disable
 .text.channel3_refresh_registers
                0x0800f23c       0xc4 gbt_player.o
 .text.gbt_refresh_pattern_ptr
                0x0800f300       0x80 gbt_player.o
 .text.gbt_ch1234_nop
                0x0800f380        0x4 gbt_player.o
 .text.gbt_ch1234_speed
                0x0800f384       0x10 gbt_player.o
 .text.gbt_ch1234_jump_pattern
                0x0800f394       0x14 gbt_player.o
 .text.gbt_ch1234_jump_position
                0x0800f3a8       0x1c gbt_player.o
 .text.gbt_ch1234_event
                0x0800f3c4       0x24 gbt_player.o
 .text.gbt_ch1_pan
                0x0800f3e8       0x10 gbt_player.o
 .text.gbt_ch1_cut_note
                0x0800f3f8       0x10 gbt_player.o
 .text.gbt_ch1_arpeggio
                0x0800f408       0x38 gbt_player.o
 .text.gbt_ch1_vibrato
                0x0800f440       0x20 gbt_player.o
 .text.gbt_ch1_volslide
                0x0800f460       0x10 gbt_player.o
 .text.gbt_ch2_pan
                0x0800f470       0x10 gbt_player.o
 .text.gbt_ch2_cut_note
                0x0800f480       0x10 gbt_player.o
 .text.gbt_ch2_arpeggio
                0x0800f490       0x38 gbt_player.o
 .text.gbt_ch2_vibrato
                0x0800f4c8       0x20 gbt_player.o
 .text.gbt_ch2_volslide
                0x0800f4e8       0x10 gbt_player.o
 .text.gbt_ch3_pan
                0x0800f4f8       0x10 gbt_player.o
 .text.gbt_ch3_cut_note
                0x0800f508       0x10 gbt_player.o
 .text.gbt_ch3_arpeggio
                0x0800f518       0x38 gbt_player.o
 .text.gbt_ch3_vibrato
                0x0800f550       0x20 gbt_player.o
 .text.gbt_ch4_pan
                0x0800f570       0x14 gbt_player.o
 .text.gbt_ch4_cut_note
                0x0800f584       0x10 gbt_player.o
 .text.gbt_ch4_volslide
                0x0800f594       0x10 gbt_player.o
 .text.gbt_update_refresh_panning
                0x0800f5a4       0x54 gbt_player.o
 .text.gbt_run_startup_commands.part.0
                0x0800f5f8       0xc8 gbt_player.o
 .text.gbt_update_effects_internal
                0x0800f6c0      0x2b4 gbt_player.o
 .text.gbt_play
                0x0800f974      0x1dc gbt_player.o
                0x0800f974                gbt_play
 .text.gbt_volume
                0x0800fb50       0x68 gbt_player.o
                0x0800fb50                gbt_volume
 .text.gbt_is_playing
                0x0800fbb8        0xc gbt_player.o
                0x0800fbb8                gbt_is_playing
 .text.gbt_pause
                0x0800fbc4       0x44 gbt_player.o
                0x0800fbc4                gbt_pause
 .text.gbt_loop
                0x0800fc08        0xc gbt_player.o
                0x0800fc08                gbt_loop
 .text.gbt_stop
                0x0800fc14       0x24 gbt_player.o
                0x0800fc14                gbt_stop
 .text.gbt_update
                0x0800fc38      0x64c gbt_player.o
                0x0800fc38                gbt_update
 .text.gbt_get_position
                0x08010284       0x4c gbt_player.o
                0x08010284                gbt_get_position
 .text.gbt_set_position
                0x080102d0       0xf0 gbt_player.o
                0x080102d0                gbt_set_position
 .text          0x080103c0       0x8c tonc_bios.o
                0x080103c0                SoftReset
                0x080103c4                RegisterRamReset
                0x080103c8                Halt
                0x080103cc                Stop
                0x080103d0                IntrWait
                0x080103d4                VBlankIntrWait
                0x080103d8                Div
                0x080103dc                DivArm
                0x080103e0                Sqrt
                0x080103e4                ArcTan
                0x080103e8                ArcTan2
                0x080103ec                CpuSet
                0x080103f0                CpuFastSet
                0x080103f4                BiosCheckSum
                0x080103f8                BgAffineSet
                0x080103fc                ObjAffineSet
                0x08010400                BitUnPack
                0x08010404                LZ77UnCompWram
                0x08010408                LZ77UnCompVram
                0x0801040c                HuffUnComp
                0x08010410                RLUnCompWram
                0x08010414                RLUnCompVram
                0x08010418                Diff8bitUnFilterWram
                0x0801041c                Diff8bitUnFilterVram
                0x08010420                Diff16bitUnFilter
                0x08010424                SoundBias
                0x08010428                SoundDriverInit
                0x0801042c                SoundDriverMode
                0x08010430                SoundDriverMain
                0x08010434                SoundDriverVSync
                0x08010438                SoundChannelClear
                0x0801043c                MidiKey2Freq
                0x08010440                MultiBoot
                0x08010444                SoundDriverVSyncOff
                0x08010448                SoundDriverVSyncOn
 .text          0x0801044c       0x3c tonc_memset.o
                0x0801044c                memset16
 .text          0x08010488      0x26c posprintf.o
                0x0801048c                posprintf
 .text          0x080106f4     0x1570 /opt/devkitpro/libgba/lib/libmm.a(mm_mas.o)
                0x08010768                mmStart
                0x08010788                mmJingle
                0x0801078e                mmPlayModule
                0x08010858                mmPause
                0x08010874                mmResume
                0x08010884                mmActive
                0x0801088a                mmActiveSub
                0x08010890                mmSetModuleVolume
                0x080108a0                mmSetJingleVolume
                0x080108dc                mmGetPositionTick
                0x080108e2                mmGetPositionRow
                0x080108e8                mmGetPosition
                0x080108ee                mmPosition
                0x08010908                mmSetModuleTempo
                0x0801093a                mmSetModulePitch
                0x0801097c                mmStop
                0x08010a42                mppUpdateSub
                0x08010b9e                mpp_Process_VolumeCommand
                0x08010dd6                mpp_Process_Effect
                0x08011524                ST3_FREQTABLE
                0x08011944                IT_PitchTable
 .text          0x08011c64       0x14 /opt/devkitpro/libgba/lib/libmm.a(mm_main.o)
                0x08011c64                mpp_call_r7
                0x08011c66                mpp_call_r1
                0x08011c68                mpp_call_r2
                0x08011c6a                mpp_call_r3
                0x08011c6c                mmSetEventHandler
 .text          0x08011c78      0x314 /opt/devkitpro/libgba/lib/libmm.a(mm_effect.o)
                0x08011c78                mmResetEffects
                0x08011ca4                mmEffect
                0x08011cba                mmEffectEx
                0x08011dba                mmEffectActive
                0x08011dee                mmEffectVolume
                0x08011e0a                mmEffectPanning
                0x08011e1e                mmEffectRate
                0x08011e32                mmEffectCancel
                0x08011e6c                mmEffectRelease
                0x08011e92                mmEffectScaleRate
                0x08011ea6                mmSetEffectsVolume
                0x08011eb4                mmEffectCancelAll
                0x08011ef4                mmUpdateEffects
 .text          0x08011f8c      0x1e0 /opt/devkitpro/libgba/lib/libmm.a(mm_mixer_gba.o)
                0x08011f8c                mmMixerSetSource
                0x08011fa0                mmMixerSetRead
                0x08011fae                mmMixerSetFreq
                0x08011fbe                mmMixerMulFreq
                0x08011fd2                mmMixerStopChannel
                0x08011fe4                mmMixerChannelActive
                0x08011ff6                mmMixerSetVolume
                0x08012004                mmMixerSetPan
                0x08012012                mmMixerInit
 .text          0x0801216c      0x12c /opt/devkitpro/libgba/lib/libmm.a(mm_main_gba.o)
                0x0801216c                mmInit
                0x080121c0                mmSetVBlankHandler
                0x080121c6                mmFrame
 .text          0x08012298       0x3c /opt/devkitpro/devkitARM/lib/gcc/arm-none-eabi/16.1.0/thumb/libgcc.a(_call_via_rX.o)
                0x08012298                _call_via_r0
                0x0801229c                _call_via_r1
                0x080122a0                _call_via_r2
                0x080122a4                _call_via_r3
                0x080122a8                _call_via_r4
                0x080122ac                _call_via_r5
                0x080122b0                _call_via_r6
                0x080122b4                _call_via_r7
                0x080122b8                _call_via_r8
                0x080122bc                _call_via_r9
                0x080122c0                _call_via_sl
                0x080122c4                _call_via_fp
                0x080122c8                _call_via_ip
                0x080122cc                _call_via_sp
                0x080122d0                _call_via_lr
 .text.__libc_init_array
                0x080122d4       0x54 /opt/devkitpro/devkitARM/lib/gcc/arm-none-eabi/16.1.0/../../../../arm-none-eabi/lib/thumb/libg.a(libc_a-init.o)
                0x080122d4                __libc_init_array
 .text.__libc_init_array.__stub
                0x08012328       0xcc linker stubs
 *(.gnu.linkonce.t.*)
 *(.text.*personality*)
 *(.gnu.warning)
 *(.glue_7t)
 .glue_7t       0x080123f4        0x0 linker stubs
 *(.glue_7)
 .glue_7        0x080123f4        0x0 linker stubs
 *(.vfp11_veneer)
 .vfp11_veneer  0x080123f4        0x0 linker stubs
                0x080123f4                        . = ALIGN (0x4)
                0x08012438                        __text_end = .

.v4_bx          0x08012438        0x0
 .v4_bx         0x08012438        0x0 linker stubs

.iplt           0x08012438        0x0
 .iplt          0x08012438        0x0 /opt/devkitpro/devkitARM/lib/gcc/arm-none-eabi/16.1.0/../../../../arm-none-eabi/lib/thumb/gba_crt0.o

.fini           0x08012438        0xc
 *(.fini)
 .fini          0x08012438        0x4 /opt/devkitpro/devkitARM/lib/gcc/arm-none-eabi/16.1.0/thumb/crti.o